41.6824 	INFO 	Loaded monitor calibration from ['2025_08_12 10:43']
41.6923 	WARNING 	User requested fullscreen with size [1024  768], but screen is actually [1920, 1080]. Using actual size
42.0395 	INFO 	Using renderer 'Intel(R) Iris(R) Xe Graphics' for graphics
42.0395 	INFO 	OpenGL version supported by driver is 4..
42.0818 	EXP 	Created window1 = Window(allowGUI=False, allowStencil=False, autoLog=True, backendConf=UNKNOWN, backgroundFit=<method-wrapper '__getattribute__' of attributeSetter object at 0x000001A9CECFB100>, backgroundImage=<method-wrapper '__getattribute__' of attributeSetter object at 0x000001A9CECFB0A0>, bitsMode=UNKNOWN, blendMode='avg', bpc=(8, 8, 8), color=array([0, 0, 0]), colorSpace='rgb', depthBits=8, fullscr=True, gamma=None, gammaErrorPolicy='raise', infoMsg=UNKNOWN, lms=UNKNOWN, monitor=<psychopy.monitors.calibTools.Monitor object at 0x000001A9CEDE6A70>, multiSample=False, name='window1', numSamples=2, pos=[np.float64(0.0), np.float64(0.0)], screen=0, size=array([1920, 1080]), stencilBits=0, stereo=False, title='PsychoPy', units='height', useFBO=True, useRetina=False, viewOri=0.0, viewPos=None, viewScale=None, waitBlanking=True, winType='pyglet')
42.0818 	EXP 	window1: backgroundImage = ''
42.0819 	EXP 	window1: backgroundFit = 'none'
42.4475 	EXP 	window1: Attempting to measure frame rate of screen (0) ...
42.4475 	EXP 	window1: recordFrameIntervals = False
42.5854 	EXP 	window1: recordFrameIntervals = True
42.7689 	EXP 	Screen (0) actual frame rate measured at 60.00Hz
42.7689 	EXP 	window1: recordFrameIntervals = False
42.8411 	INFO 	keyboard.Keyboard is using ptb backend.
42.8413 	INFO 	keyboard.Keyboard is using ptb backend.
42.8413 	EXP 	SimonTask: status = STARTED
43.0363 	EXP 	Created fixation = TextStim(__class__=<class 'psychopy.visual.text.TextStim'>, alignHoriz=method-wrapper(...), alignText='center', alignVert=method-wrapper(...), anchorHoriz='center', anchorVert='center', antialias=True, autoDraw=False, autoLog=True, bold=False, color=array([1., 1., 1.]), colorSpace='rgb', contrast=1.0, depth=0.0, draggable=False, flipHoriz=False, flipVert=False, font='Arial', fontFiles=[], height=np.float64(0.05), italic=False, languageStyle='LTR', name='fixation', opacity=1, ori=0.0, pos=array([0., 0.]), rgb=UNKNOWN, text='+', units='height', win=Window(...), wrapWidth=1)
43.0372 	EXP 	Created Stimulus = Rect(__class__=<class 'psychopy.visual.rect.Rect'>, anchor=('center', 'center'), autoDraw=False, autoLog=True, closeShape=True, color=method-wrapper(...), colorSpace='rgb', contrast=None, depth=-1.0, draggable=False, fillColor=array([1, 1, 1]), fillColorSpace='rgb', fillRGB=array([1, 1, 1]), interpolate=True, lineColor=array([1., 1., 1.]), lineColorSpace='rgb', lineRGB=array([1, 1, 1]), lineWidth=1.0, name='Stimulus', opacity=1, ori=0.0, pos=array([0., 0.]), size=array([0.1, 0.1]), units='height', vertices=ndarray(...), win=Window(...))
0.0055 	EXP 	Imported Simon task cond(Sheet1)(in).csv as conditions, 10 conditions, 4 params
0.0060 	EXP 	New trial (rep=0, index=0): <Trial 0 (0 in rep 0) data={'color': 'red', 'position': [0.3, 0], 'correct_key': 'z', 'congruency': 'incongruent', 'thisN': 0, 'thisTrialN': 0, 'thisRepN': 0}>
0.0093 	INFO 	Keyboard events cleared
0.0093 	EXP 	Stimulus: fillColor = <psychopy.colors.Color: red, alpha=1.0>
0.0093 	EXP 	fixation: autoDraw = True
0.0093 	EXP 	Stimulus: autoDraw = True
0.5140 	EXP 	fixation: autoDraw = False
1.0143 	EXP 	Stimulus: autoDraw = False
1.2995 	EXP 	Device response: <KeyPress from None: t=1.2663941999780945, value=m, duration=None>
1.2997 	EXP 	New trial (rep=0, index=1): <Trial 1 (1 in rep 0) data={'color': 'red', 'position': [0.3, 0], 'correct_key': 'z', 'congruency': 'incongruent', 'thisN': 1, 'thisTrialN': 1, 'thisRepN': 0}>
1.3016 	DATA 	Keypress: m
1.3041 	INFO 	Keyboard events cleared
1.3040 	EXP 	fixation: autoDraw = False
1.3040 	EXP 	Stimulus: autoDraw = False
1.3040 	EXP 	Stimulus: fillColor = <psychopy.colors.Color: red, alpha=1.0>
1.3040 	EXP 	fixation: autoDraw = True
1.3040 	EXP 	Stimulus: autoDraw = True
1.3811 	EXP 	Device response: <KeyPress from None: t=1.2663941999780945, value=m, duration=0.10018160002073273>
1.8135 	EXP 	fixation: autoDraw = False
2.1304 	EXP 	Device response: <KeyPress from None: t=2.125672399997711, value=m, duration=None>
2.1305 	EXP 	New trial (rep=0, index=2): <Trial 2 (2 in rep 0) data={'color': 'green', 'position': [-0.3, 0], 'correct_key': 'm', 'congruency': 'incongruent', 'thisN': 2, 'thisTrialN': 2, 'thisRepN': 0}>
2.1319 	DATA 	Keypress: m
2.1471 	INFO 	Keyboard events cleared
2.1470 	EXP 	fixation: autoDraw = False
2.1470 	EXP 	Stimulus: autoDraw = False
2.1470 	EXP 	Stimulus: fillColor = <psychopy.colors.Color: green, alpha=1.0>
2.1470 	EXP 	fixation: autoDraw = True
2.1470 	EXP 	Stimulus: autoDraw = True
2.2306 	EXP 	Device response: <KeyPress from None: t=2.125672399997711, value=m, duration=0.09434080001665279>
2.6468 	EXP 	fixation: autoDraw = False
2.9638 	EXP 	Device response: <KeyPress from None: t=2.9565554999862798, value=z, duration=None>
2.9642 	EXP 	New trial (rep=0, index=3): <Trial 3 (3 in rep 0) data={'color': 'green', 'position': [0.3, 0], 'correct_key': 'm', 'congruency': 'congruent', 'thisN': 3, 'thisTrialN': 3, 'thisRepN': 0}>
2.9676 	DATA 	Keypress: z
2.9803 	INFO 	Keyboard events cleared
2.9802 	EXP 	fixation: autoDraw = False
2.9802 	EXP 	Stimulus: autoDraw = False
2.9802 	EXP 	Stimulus: fillColor = <psychopy.colors.Color: green, alpha=1.0>
2.9802 	EXP 	fixation: autoDraw = True
2.9802 	EXP 	Stimulus: autoDraw = True
3.0808 	EXP 	Device response: <KeyPress from None: t=2.9565554999862798, value=z, duration=0.11804720002692193>
3.4800 	EXP 	fixation: autoDraw = False
3.9798 	EXP 	Stimulus: autoDraw = False
6.2793 	EXP 	Device response: <KeyPress from None: t=6.278136799985077, value=m, duration=None>
6.2797 	EXP 	New trial (rep=0, index=4): <Trial 4 (4 in rep 0) data={'color': 'green', 'position': [-0.3, 0], 'correct_key': 'm', 'congruency': 'incongruent', 'thisN': 4, 'thisTrialN': 4, 'thisRepN': 0}>
6.2831 	DATA 	Keypress: m
6.2959 	INFO 	Keyboard events cleared
6.2958 	EXP 	fixation: autoDraw = False
6.2958 	EXP 	Stimulus: autoDraw = False
6.2958 	EXP 	Stimulus: fillColor = <psychopy.colors.Color: green, alpha=1.0>
6.2958 	EXP 	fixation: autoDraw = True
6.2958 	EXP 	Stimulus: autoDraw = True
6.4295 	EXP 	Device response: <KeyPress from None: t=6.278136799985077, value=m, duration=0.13945459999376908>
6.7955 	EXP 	fixation: autoDraw = False
7.2950 	EXP 	Stimulus: autoDraw = False
7.3289 	EXP 	Device response: <KeyPress from None: t=7.320523899979889, value=z, duration=None>
7.3292 	EXP 	New trial (rep=0, index=5): <Trial 5 (5 in rep 0) data={'color': 'red', 'position': [-0.3, 0], 'correct_key': 'z', 'congruency': 'congruent', 'thisN': 5, 'thisTrialN': 5, 'thisRepN': 0}>
7.3325 	DATA 	Keypress: z
7.3454 	INFO 	Keyboard events cleared
7.3453 	EXP 	fixation: autoDraw = False
7.3453 	EXP 	Stimulus: autoDraw = False
7.3453 	EXP 	Stimulus: fillColor = <psychopy.colors.Color: red, alpha=1.0>
7.3453 	EXP 	fixation: autoDraw = True
7.3453 	EXP 	Stimulus: autoDraw = True
7.4956 	EXP 	Device response: <KeyPress from None: t=7.320523899979889, value=z, duration=0.16649080003844574>
7.8451 	EXP 	fixation: autoDraw = False
7.9955 	EXP 	Device response: <KeyPress from None: t=7.985749699990265, value=z, duration=None>
7.9959 	EXP 	New trial (rep=0, index=6): <Trial 6 (6 in rep 0) data={'color': 'red', 'position': [-0.3, 0], 'correct_key': 'z', 'congruency': 'congruent', 'thisN': 6, 'thisTrialN': 6, 'thisRepN': 0}>
7.9999 	DATA 	Keypress: z
8.0118 	INFO 	Keyboard events cleared
8.0117 	EXP 	fixation: autoDraw = False
8.0117 	EXP 	Stimulus: autoDraw = False
8.0117 	EXP 	Stimulus: fillColor = <psychopy.colors.Color: red, alpha=1.0>
8.0117 	EXP 	fixation: autoDraw = True
8.0117 	EXP 	Stimulus: autoDraw = True
8.1289 	EXP 	Device response: <KeyPress from None: t=7.985749699990265, value=z, duration=0.1388316000229679>
8.5115 	EXP 	fixation: autoDraw = False
9.0115 	EXP 	Stimulus: autoDraw = False
10.8613 	EXP 	Device response: <KeyPress from None: t=10.850404200027697, value=z, duration=None>
10.8616 	EXP 	New trial (rep=0, index=7): <Trial 7 (7 in rep 0) data={'color': 'red', 'position': [0.3, 0], 'correct_key': 'z', 'congruency': 'incongruent', 'thisN': 7, 'thisTrialN': 7, 'thisRepN': 0}>
10.8652 	DATA 	Keypress: z
10.8776 	INFO 	Keyboard events cleared
10.8774 	EXP 	fixation: autoDraw = False
10.8774 	EXP 	Stimulus: autoDraw = False
10.8774 	EXP 	Stimulus: fillColor = <psychopy.colors.Color: red, alpha=1.0>
10.8774 	EXP 	fixation: autoDraw = True
10.8774 	EXP 	Stimulus: autoDraw = True
11.0278 	EXP 	Device response: <KeyPress from None: t=10.850404200027697, value=z, duration=0.16174149996368214>
11.3774 	EXP 	fixation: autoDraw = False
11.4945 	EXP 	Device response: <KeyPress from None: t=11.489208200015128, value=z, duration=None>
11.4949 	EXP 	New trial (rep=0, index=8): <Trial 8 (8 in rep 0) data={'color': 'red', 'position': [-0.3, 0], 'correct_key': 'z', 'congruency': 'congruent', 'thisN': 8, 'thisTrialN': 8, 'thisRepN': 0}>
11.4985 	DATA 	Keypress: z
11.5107 	INFO 	Keyboard events cleared
11.5106 	EXP 	fixation: autoDraw = False
11.5106 	EXP 	Stimulus: autoDraw = False
11.5106 	EXP 	Stimulus: fillColor = <psychopy.colors.Color: red, alpha=1.0>
11.5106 	EXP 	fixation: autoDraw = True
11.5106 	EXP 	Stimulus: autoDraw = True
11.6939 	EXP 	Device response: <KeyPress from None: t=11.489208200015128, value=z, duration=0.1892801999929361>
11.9942 	EXP 	Device response: <KeyPress from None: t=11.991464700025972, value=z, duration=None>
11.9945 	EXP 	New trial (rep=0, index=9): <Trial 9 (9 in rep 0) data={'color': 'green', 'position': [0.3, 0], 'correct_key': 'm', 'congruency': 'congruent', 'thisN': 9, 'thisTrialN': 9, 'thisRepN': 0}>
11.9981 	DATA 	Keypress: z
12.0106 	INFO 	Keyboard events cleared
12.0105 	EXP 	fixation: autoDraw = False
12.0105 	EXP 	fixation: autoDraw = False
12.0105 	EXP 	Stimulus: autoDraw = False
12.0105 	EXP 	Stimulus: fillColor = <psychopy.colors.Color: green, alpha=1.0>
12.0105 	EXP 	fixation: autoDraw = True
12.0105 	EXP 	Stimulus: autoDraw = True
12.1609 	EXP 	Device response: <KeyPress from None: t=11.991464700025972, value=z, duration=0.15328149998094887>
12.5104 	EXP 	fixation: autoDraw = False
12.5608 	EXP 	Device response: <KeyPress from None: t=12.55414020002354, value=m, duration=None>
12.5612 	EXP 	New trial (rep=1, index=0): <Trial 10 (0 in rep 1) data={'color': 'red', 'position': [0.3, 0], 'correct_key': 'z', 'congruency': 'incongruent', 'thisN': 10, 'thisTrialN': 0, 'thisRepN': 1}>
12.5646 	DATA 	Keypress: m
12.5770 	INFO 	Keyboard events cleared
12.5768 	EXP 	fixation: autoDraw = False
12.5768 	EXP 	Stimulus: autoDraw = False
12.5768 	EXP 	Stimulus: fillColor = <psychopy.colors.Color: red, alpha=1.0>
12.5768 	EXP 	fixation: autoDraw = True
12.5768 	EXP 	Stimulus: autoDraw = True
12.7106 	EXP 	Device response: <KeyPress from None: t=12.55414020002354, value=m, duration=0.14477139996597543>
13.0768 	EXP 	fixation: autoDraw = False
13.1622 	DATA 	Keypress: z
13.1771 	EXP 	Device response: <KeyPress from None: t=13.161192599975038, value=z, duration=None>
13.1773 	EXP 	New trial (rep=1, index=1): <Trial 11 (1 in rep 1) data={'color': 'red', 'position': [-0.3, 0], 'correct_key': 'z', 'congruency': 'congruent', 'thisN': 11, 'thisTrialN': 1, 'thisRepN': 1}>
13.1935 	INFO 	Keyboard events cleared
13.1933 	EXP 	fixation: autoDraw = False
13.1933 	EXP 	Stimulus: autoDraw = False
13.1933 	EXP 	Stimulus: fillColor = <psychopy.colors.Color: red, alpha=1.0>
13.1933 	EXP 	fixation: autoDraw = True
13.1933 	EXP 	Stimulus: autoDraw = True
13.3105 	EXP 	Device response: <KeyPress from None: t=13.161192599975038, value=z, duration=0.1380829000263475>
13.6933 	EXP 	fixation: autoDraw = False
13.7437 	EXP 	Device response: <KeyPress from None: t=13.73538660001941, value=z, duration=None>
13.7440 	EXP 	New trial (rep=1, index=2): <Trial 12 (2 in rep 1) data={'color': 'green', 'position': [-0.3, 0], 'correct_key': 'm', 'congruency': 'incongruent', 'thisN': 12, 'thisTrialN': 2, 'thisRepN': 1}>
13.7476 	DATA 	Keypress: z
13.7599 	INFO 	Keyboard events cleared
13.7597 	EXP 	fixation: autoDraw = False
13.7597 	EXP 	Stimulus: autoDraw = False
13.7597 	EXP 	Stimulus: fillColor = <psychopy.colors.Color: green, alpha=1.0>
13.7597 	EXP 	fixation: autoDraw = True
13.7597 	EXP 	Stimulus: autoDraw = True
13.9267 	EXP 	Device response: <KeyPress from None: t=13.73538660001941, value=z, duration=0.18395129998680204>
14.2597 	EXP 	fixation: autoDraw = False
14.3100 	EXP 	Device response: <KeyPress from None: t=14.296040199988056, value=m, duration=None>
14.3103 	EXP 	New trial (rep=1, index=3): <Trial 13 (3 in rep 1) data={'color': 'red', 'position': [-0.3, 0], 'correct_key': 'z', 'congruency': 'congruent', 'thisN': 13, 'thisTrialN': 3, 'thisRepN': 1}>
14.3136 	DATA 	Keypress: m
14.3261 	INFO 	Keyboard events cleared
14.3260 	EXP 	fixation: autoDraw = False
14.3260 	EXP 	Stimulus: autoDraw = False
14.3260 	EXP 	Stimulus: fillColor = <psychopy.colors.Color: red, alpha=1.0>
14.3260 	EXP 	fixation: autoDraw = True
14.3260 	EXP 	Stimulus: autoDraw = True
14.5100 	EXP 	Device response: <KeyPress from None: t=14.296040199988056, value=m, duration=0.2061348000424914>
14.8263 	EXP 	fixation: autoDraw = False
15.1431 	EXP 	Device response: <KeyPress from None: t=15.14063450001413, value=z, duration=None>
15.1434 	EXP 	New trial (rep=1, index=4): <Trial 14 (4 in rep 1) data={'color': 'green', 'position': [0.3, 0], 'correct_key': 'm', 'congruency': 'congruent', 'thisN': 14, 'thisTrialN': 4, 'thisRepN': 1}>
15.1463 	DATA 	Keypress: z
15.1596 	INFO 	Keyboard events cleared
15.1595 	EXP 	fixation: autoDraw = False
15.1595 	EXP 	Stimulus: autoDraw = False
15.1595 	EXP 	Stimulus: fillColor = <psychopy.colors.Color: green, alpha=1.0>
15.1595 	EXP 	fixation: autoDraw = True
15.1595 	EXP 	Stimulus: autoDraw = True
15.3433 	EXP 	Device response: <KeyPress from None: t=15.14063450001413, value=z, duration=0.19499679998261854>
15.6593 	EXP 	fixation: autoDraw = False
15.8429 	EXP 	Device response: <KeyPress from None: t=15.833350399974734, value=m, duration=None>
15.8432 	EXP 	New trial (rep=1, index=5): <Trial 15 (5 in rep 1) data={'color': 'red', 'position': [0.3, 0], 'correct_key': 'z', 'congruency': 'incongruent', 'thisN': 15, 'thisTrialN': 5, 'thisRepN': 1}>
15.8465 	DATA 	Keypress: m
15.8589 	INFO 	Keyboard events cleared
15.8588 	EXP 	fixation: autoDraw = False
15.8588 	EXP 	Stimulus: autoDraw = False
15.8588 	EXP 	Stimulus: fillColor = <psychopy.colors.Color: red, alpha=1.0>
15.8588 	EXP 	fixation: autoDraw = True
15.8588 	EXP 	Stimulus: autoDraw = True
16.0429 	EXP 	Device response: <KeyPress from None: t=15.833350399974734, value=m, duration=0.2023003000067547>
16.3590 	EXP 	fixation: autoDraw = False
16.5094 	EXP 	Device response: <KeyPress from None: t=16.49647339998046, value=z, duration=None>
16.5098 	EXP 	New trial (rep=1, index=6): <Trial 16 (6 in rep 1) data={'color': 'red', 'position': [0.3, 0], 'correct_key': 'z', 'congruency': 'incongruent', 'thisN': 16, 'thisTrialN': 6, 'thisRepN': 1}>
16.5133 	DATA 	Keypress: z
16.5256 	INFO 	Keyboard events cleared
16.5255 	EXP 	fixation: autoDraw = False
16.5255 	EXP 	Stimulus: autoDraw = False
16.5255 	EXP 	Stimulus: fillColor = <psychopy.colors.Color: red, alpha=1.0>
16.5255 	EXP 	fixation: autoDraw = True
16.5255 	EXP 	Stimulus: autoDraw = True
16.6592 	EXP 	Device response: <KeyPress from None: t=16.49647339998046, value=z, duration=0.1509592000511475>
17.0253 	EXP 	fixation: autoDraw = False
17.5251 	EXP 	Stimulus: autoDraw = False
18.6086 	EXP 	Device response: <KeyPress from None: t=18.5961188999936, value=z, duration=None>
18.6089 	EXP 	New trial (rep=1, index=7): <Trial 17 (7 in rep 1) data={'color': 'green', 'position': [0.3, 0], 'correct_key': 'm', 'congruency': 'congruent', 'thisN': 17, 'thisTrialN': 7, 'thisRepN': 1}>
18.6126 	DATA 	Keypress: z
18.6247 	INFO 	Keyboard events cleared
18.6246 	EXP 	fixation: autoDraw = False
18.6246 	EXP 	Stimulus: autoDraw = False
18.6246 	EXP 	Stimulus: fillColor = <psychopy.colors.Color: green, alpha=1.0>
18.6246 	EXP 	fixation: autoDraw = True
18.6246 	EXP 	Stimulus: autoDraw = True
18.8420 	EXP 	Device response: <KeyPress from None: t=18.5961188999936, value=z, duration=0.24052940000547096>
19.1245 	EXP 	fixation: autoDraw = False
19.3583 	EXP 	Device response: <KeyPress from None: t=19.356345999985933, value=m, duration=None>
19.3587 	EXP 	New trial (rep=1, index=8): <Trial 18 (8 in rep 1) data={'color': 'green', 'position': [-0.3, 0], 'correct_key': 'm', 'congruency': 'incongruent', 'thisN': 18, 'thisTrialN': 8, 'thisRepN': 1}>
19.3624 	DATA 	Keypress: m
19.3745 	INFO 	Keyboard events cleared
19.3744 	EXP 	fixation: autoDraw = False
19.3744 	EXP 	Stimulus: autoDraw = False
19.3744 	EXP 	Stimulus: fillColor = <psychopy.colors.Color: green, alpha=1.0>
19.3744 	EXP 	fixation: autoDraw = True
19.3744 	EXP 	Stimulus: autoDraw = True
19.4748 	EXP 	Device response: <KeyPress from None: t=19.356345999985933, value=m, duration=0.1122662000125274>
19.8742 	EXP 	fixation: autoDraw = False
20.2080 	EXP 	Device response: <KeyPress from None: t=20.206887500011362, value=m, duration=None>
20.2084 	EXP 	New trial (rep=1, index=9): <Trial 19 (9 in rep 1) data={'color': 'red', 'position': [-0.3, 0], 'correct_key': 'z', 'congruency': 'congruent', 'thisN': 19, 'thisTrialN': 9, 'thisRepN': 1}>
20.2116 	DATA 	Keypress: m
20.2245 	INFO 	Keyboard events cleared
20.2244 	EXP 	fixation: autoDraw = False
20.2244 	EXP 	Stimulus: autoDraw = False
20.2244 	EXP 	Stimulus: fillColor = <psychopy.colors.Color: red, alpha=1.0>
20.2244 	EXP 	fixation: autoDraw = True
20.2244 	EXP 	Stimulus: autoDraw = True
20.3581 	EXP 	Device response: <KeyPress from None: t=20.206887500011362, value=m, duration=0.1447022000211291>
20.7240 	EXP 	fixation: autoDraw = False
21.2240 	EXP 	Stimulus: autoDraw = False
21.2411 	EXP 	Device response: <KeyPress from None: t=21.228835300018545, value=z, duration=None>
21.2415 	EXP 	New trial (rep=2, index=0): <Trial 20 (0 in rep 2) data={'color': 'green', 'position': [0.3, 0], 'correct_key': 'm', 'congruency': 'congruent', 'thisN': 20, 'thisTrialN': 0, 'thisRepN': 2}>
21.2451 	DATA 	Keypress: z
21.2574 	INFO 	Keyboard events cleared
21.2572 	EXP 	fixation: autoDraw = False
21.2572 	EXP 	Stimulus: autoDraw = False
21.2572 	EXP 	Stimulus: fillColor = <psychopy.colors.Color: green, alpha=1.0>
21.2572 	EXP 	fixation: autoDraw = True
21.2572 	EXP 	Stimulus: autoDraw = True
21.4245 	EXP 	Device response: <KeyPress from None: t=21.228835300018545, value=z, duration=0.1945805000141263>
21.7568 	EXP 	fixation: autoDraw = False
22.1241 	EXP 	Device response: <KeyPress from None: t=22.12340460001724, value=m, duration=None>
22.1245 	EXP 	New trial (rep=2, index=1): <Trial 21 (1 in rep 2) data={'color': 'green', 'position': [-0.3, 0], 'correct_key': 'm', 'congruency': 'incongruent', 'thisN': 21, 'thisTrialN': 1, 'thisRepN': 2}>
22.1280 	DATA 	Keypress: m
22.1405 	INFO 	Keyboard events cleared
22.1404 	EXP 	fixation: autoDraw = False
22.1404 	EXP 	Stimulus: autoDraw = False
22.1404 	EXP 	Stimulus: fillColor = <psychopy.colors.Color: green, alpha=1.0>
22.1404 	EXP 	fixation: autoDraw = True
22.1404 	EXP 	Stimulus: autoDraw = True
22.2908 	EXP 	Device response: <KeyPress from None: t=22.12340460001724, value=m, duration=0.15089789999183267>
22.6403 	EXP 	fixation: autoDraw = False
23.0740 	EXP 	Device response: <KeyPress from None: t=23.05937879998237, value=m, duration=None>
23.0743 	EXP 	New trial (rep=2, index=2): <Trial 22 (2 in rep 2) data={'color': 'red', 'position': [0.3, 0], 'correct_key': 'z', 'congruency': 'incongruent', 'thisN': 22, 'thisTrialN': 2, 'thisRepN': 2}>
23.0781 	DATA 	Keypress: m
23.0900 	INFO 	Keyboard events cleared
23.0899 	EXP 	fixation: autoDraw = False
23.0899 	EXP 	Stimulus: autoDraw = False
23.0899 	EXP 	Stimulus: fillColor = <psychopy.colors.Color: red, alpha=1.0>
23.0899 	EXP 	fixation: autoDraw = True
23.0899 	EXP 	Stimulus: autoDraw = True
23.2405 	EXP 	Device response: <KeyPress from None: t=23.05937879998237, value=m, duration=0.1662711999961175>
23.5899 	EXP 	fixation: autoDraw = False
24.0231 	EXP 	Device response: <KeyPress from None: t=24.010271599981934, value=z, duration=None>
24.0233 	EXP 	New trial (rep=2, index=3): <Trial 23 (3 in rep 2) data={'color': 'green', 'position': [0.3, 0], 'correct_key': 'm', 'congruency': 'congruent', 'thisN': 23, 'thisTrialN': 3, 'thisRepN': 2}>
24.0250 	DATA 	Keypress: z
24.0397 	INFO 	Keyboard events cleared
24.0395 	EXP 	fixation: autoDraw = False
24.0395 	EXP 	Stimulus: autoDraw = False
24.0395 	EXP 	Stimulus: fillColor = <psychopy.colors.Color: green, alpha=1.0>
24.0395 	EXP 	fixation: autoDraw = True
24.0395 	EXP 	Stimulus: autoDraw = True
24.1734 	EXP 	Device response: <KeyPress from None: t=24.010271599981934, value=z, duration=0.15641490003326908>
24.5396 	EXP 	fixation: autoDraw = False
24.8066 	EXP 	Device response: <KeyPress from None: t=24.79433090001112, value=m, duration=None>
24.8069 	EXP 	New trial (rep=2, index=4): <Trial 24 (4 in rep 2) data={'color': 'green', 'position': [-0.3, 0], 'correct_key': 'm', 'congruency': 'incongruent', 'thisN': 24, 'thisTrialN': 4, 'thisRepN': 2}>
24.8103 	DATA 	Keypress: m
24.8230 	INFO 	Keyboard events cleared
24.8229 	EXP 	fixation: autoDraw = False
24.8229 	EXP 	Stimulus: autoDraw = False
24.8229 	EXP 	Stimulus: fillColor = <psychopy.colors.Color: green, alpha=1.0>
24.8229 	EXP 	fixation: autoDraw = True
24.8229 	EXP 	Stimulus: autoDraw = True
24.9397 	EXP 	Device response: <KeyPress from None: t=24.79433090001112, value=m, duration=0.13049589999718592>
25.3225 	EXP 	fixation: autoDraw = False
25.8225 	EXP 	Stimulus: autoDraw = False
26.0062 	EXP 	Device response: <KeyPress from None: t=25.997152500029188, value=m, duration=None>
26.0065 	EXP 	New trial (rep=2, index=5): <Trial 25 (5 in rep 2) data={'color': 'red', 'position': [0.3, 0], 'correct_key': 'z', 'congruency': 'incongruent', 'thisN': 25, 'thisTrialN': 5, 'thisRepN': 2}>
26.0097 	DATA 	Keypress: m
26.0224 	INFO 	Keyboard events cleared
26.0223 	EXP 	fixation: autoDraw = False
26.0223 	EXP 	Stimulus: autoDraw = False
26.0223 	EXP 	Stimulus: fillColor = <psychopy.colors.Color: red, alpha=1.0>
26.0223 	EXP 	fixation: autoDraw = True
26.0223 	EXP 	Stimulus: autoDraw = True
26.1060 	EXP 	Device response: <KeyPress from None: t=25.997152500029188, value=m, duration=0.09479349997127429>
26.5223 	EXP 	fixation: autoDraw = False
26.9392 	EXP 	Device response: <KeyPress from None: t=26.93609530001413, value=z, duration=None>
26.9396 	EXP 	New trial (rep=2, index=6): <Trial 26 (6 in rep 2) data={'color': 'red', 'position': [-0.3, 0], 'correct_key': 'z', 'congruency': 'congruent', 'thisN': 26, 'thisTrialN': 6, 'thisRepN': 2}>
26.9430 	DATA 	Keypress: z
26.9555 	INFO 	Keyboard events cleared
26.9554 	EXP 	fixation: autoDraw = False
26.9554 	EXP 	Stimulus: autoDraw = False
26.9554 	EXP 	Stimulus: fillColor = <psychopy.colors.Color: red, alpha=1.0>
26.9554 	EXP 	fixation: autoDraw = True
26.9554 	EXP 	Stimulus: autoDraw = True
27.0557 	EXP 	Device response: <KeyPress from None: t=26.93609530001413, value=z, duration=0.10558510001283139>
27.4551 	EXP 	fixation: autoDraw = False
27.9550 	EXP 	Stimulus: autoDraw = False
28.0554 	EXP 	Device response: <KeyPress from None: t=28.04450800002087, value=z, duration=None>
28.0557 	EXP 	New trial (rep=2, index=7): <Trial 27 (7 in rep 2) data={'color': 'red', 'position': [-0.3, 0], 'correct_key': 'z', 'congruency': 'congruent', 'thisN': 27, 'thisTrialN': 7, 'thisRepN': 2}>
28.0594 	DATA 	Keypress: z
28.0718 	INFO 	Keyboard events cleared
28.0716 	EXP 	fixation: autoDraw = False
28.0716 	EXP 	Stimulus: autoDraw = False
28.0716 	EXP 	Stimulus: fillColor = <psychopy.colors.Color: red, alpha=1.0>
28.0716 	EXP 	fixation: autoDraw = True
28.0716 	EXP 	Stimulus: autoDraw = True
28.1553 	EXP 	Device response: <KeyPress from None: t=28.04450800002087, value=z, duration=0.10694949998287484>
28.5714 	EXP 	fixation: autoDraw = False
29.0385 	EXP 	Device response: <KeyPress from None: t=29.025550100021064, value=z, duration=None>
29.0389 	EXP 	New trial (rep=2, index=8): <Trial 28 (8 in rep 2) data={'color': 'red', 'position': [0.3, 0], 'correct_key': 'z', 'congruency': 'incongruent', 'thisN': 28, 'thisTrialN': 8, 'thisRepN': 2}>
29.0415 	DATA 	Keypress: z
29.0549 	INFO 	Keyboard events cleared
29.0547 	EXP 	fixation: autoDraw = False
29.0547 	EXP 	Stimulus: autoDraw = False
29.0547 	EXP 	Stimulus: fillColor = <psychopy.colors.Color: red, alpha=1.0>
29.0547 	EXP 	fixation: autoDraw = True
29.0547 	EXP 	Stimulus: autoDraw = True
29.1220 	EXP 	Device response: <KeyPress from None: t=29.025550100021064, value=z, duration=0.09509369998704642>
29.5544 	EXP 	fixation: autoDraw = False
30.0546 	EXP 	Stimulus: autoDraw = False
30.1881 	EXP 	Device response: <KeyPress from None: t=30.17731250001816, value=m, duration=None>
30.1884 	EXP 	New trial (rep=2, index=9): <Trial 29 (9 in rep 2) data={'color': 'red', 'position': [-0.3, 0], 'correct_key': 'z', 'congruency': 'congruent', 'thisN': 29, 'thisTrialN': 9, 'thisRepN': 2}>
30.1915 	DATA 	Keypress: m
30.2045 	INFO 	Keyboard events cleared
30.2043 	EXP 	fixation: autoDraw = False
30.2043 	EXP 	Stimulus: autoDraw = False
30.2043 	EXP 	Stimulus: fillColor = <psychopy.colors.Color: red, alpha=1.0>
30.2043 	EXP 	fixation: autoDraw = True
30.2043 	EXP 	Stimulus: autoDraw = True
30.2879 	EXP 	Device response: <KeyPress from None: t=30.17731250001816, value=m, duration=0.1065453999908641>
30.7042 	EXP 	fixation: autoDraw = False
31.2043 	EXP 	Stimulus: autoDraw = False
31.4210 	EXP 	Device response: <KeyPress from None: t=31.41988569998648, value=m, duration=None>
31.4213 	EXP 	New trial (rep=3, index=0): <Trial 30 (0 in rep 3) data={'color': 'green', 'position': [0.3, 0], 'correct_key': 'm', 'congruency': 'congruent', 'thisN': 30, 'thisTrialN': 0, 'thisRepN': 3}>
31.4245 	DATA 	Keypress: m
31.4375 	INFO 	Keyboard events cleared
31.4373 	EXP 	fixation: autoDraw = False
31.4373 	EXP 	Stimulus: autoDraw = False
31.4373 	EXP 	Stimulus: fillColor = <psychopy.colors.Color: green, alpha=1.0>
31.4373 	EXP 	fixation: autoDraw = True
31.4373 	EXP 	Stimulus: autoDraw = True
31.4542 	EXP 	Device response: <KeyPress from None: t=31.443631700007245, value=left, duration=None>
31.4556 	DATA 	Keypress: left
31.5043 	EXP 	Device response: <KeyPress from None: t=31.443631700007245, value=left, duration=0.04399969999212772>
31.5544 	EXP 	Device response: <KeyPress from None: t=31.41988569998648, value=m, duration=0.1334956000209786>
31.9370 	EXP 	fixation: autoDraw = False
32.4369 	EXP 	Stimulus: autoDraw = False
33.1870 	EXP 	Device response: <KeyPress from None: t=33.17950139997993, value=z, duration=None>
33.1874 	EXP 	New trial (rep=3, index=1): <Trial 31 (1 in rep 3) data={'color': 'red', 'position': [0.3, 0], 'correct_key': 'z', 'congruency': 'incongruent', 'thisN': 31, 'thisTrialN': 1, 'thisRepN': 3}>
33.1908 	DATA 	Keypress: z
33.2033 	INFO 	Keyboard events cleared
33.2031 	EXP 	fixation: autoDraw = False
33.2031 	EXP 	Stimulus: autoDraw = False
33.2031 	EXP 	Stimulus: fillColor = <psychopy.colors.Color: red, alpha=1.0>
33.2031 	EXP 	fixation: autoDraw = True
33.2031 	EXP 	Stimulus: autoDraw = True
33.3371 	EXP 	Device response: <KeyPress from None: t=33.17950139997993, value=z, duration=0.1563006000360474>
33.7032 	EXP 	fixation: autoDraw = False
34.2029 	EXP 	Stimulus: autoDraw = False
34.5866 	EXP 	Device response: <KeyPress from None: t=34.57939590001479, value=m, duration=None>
34.5869 	EXP 	New trial (rep=3, index=2): <Trial 32 (2 in rep 3) data={'color': 'red', 'position': [0.3, 0], 'correct_key': 'z', 'congruency': 'incongruent', 'thisN': 32, 'thisTrialN': 2, 'thisRepN': 3}>
34.5906 	DATA 	Keypress: m
34.6027 	INFO 	Keyboard events cleared
34.6026 	EXP 	fixation: autoDraw = False
34.6026 	EXP 	Stimulus: autoDraw = False
34.6026 	EXP 	Stimulus: fillColor = <psychopy.colors.Color: red, alpha=1.0>
34.6026 	EXP 	fixation: autoDraw = True
34.6026 	EXP 	Stimulus: autoDraw = True
34.7364 	EXP 	Device response: <KeyPress from None: t=34.57939590001479, value=m, duration=0.14454880001721904>
35.1027 	EXP 	fixation: autoDraw = False
35.6024 	EXP 	Stimulus: autoDraw = False
35.9195 	EXP 	Device response: <KeyPress from None: t=35.90649369999301, value=m, duration=None>
35.9199 	EXP 	New trial (rep=3, index=3): <Trial 33 (3 in rep 3) data={'color': 'green', 'position': [-0.3, 0], 'correct_key': 'm', 'congruency': 'incongruent', 'thisN': 33, 'thisTrialN': 3, 'thisRepN': 3}>
35.9234 	DATA 	Keypress: m
35.9358 	INFO 	Keyboard events cleared
35.9356 	EXP 	fixation: autoDraw = False
35.9356 	EXP 	Stimulus: autoDraw = False
35.9356 	EXP 	Stimulus: fillColor = <psychopy.colors.Color: green, alpha=1.0>
35.9356 	EXP 	fixation: autoDraw = True
35.9356 	EXP 	Stimulus: autoDraw = True
36.0694 	EXP 	Device response: <KeyPress from None: t=35.90649369999301, value=m, duration=0.15643750003073364>
36.4352 	EXP 	fixation: autoDraw = False
36.9352 	EXP 	Stimulus: autoDraw = False
37.1025 	EXP 	Device response: <KeyPress from None: t=37.088600900024176, value=z, duration=None>
37.1028 	EXP 	New trial (rep=3, index=4): <Trial 34 (4 in rep 3) data={'color': 'red', 'position': [-0.3, 0], 'correct_key': 'z', 'congruency': 'congruent', 'thisN': 34, 'thisTrialN': 4, 'thisRepN': 3}>
37.1058 	DATA 	Keypress: z
37.1187 	INFO 	Keyboard events cleared
37.1186 	EXP 	fixation: autoDraw = False
37.1186 	EXP 	Stimulus: autoDraw = False
37.1186 	EXP 	Stimulus: fillColor = <psychopy.colors.Color: red, alpha=1.0>
37.1186 	EXP 	fixation: autoDraw = True
37.1186 	EXP 	Stimulus: autoDraw = True
37.2190 	EXP 	Device response: <KeyPress from None: t=37.088600900024176, value=z, duration=0.1255968000041321>
37.6184 	EXP 	fixation: autoDraw = False
37.8853 	EXP 	Device response: <KeyPress from None: t=37.87577380001312, value=m, duration=None>
37.8856 	EXP 	New trial (rep=3, index=5): <Trial 35 (5 in rep 3) data={'color': 'green', 'position': [-0.3, 0], 'correct_key': 'm', 'congruency': 'incongruent', 'thisN': 35, 'thisTrialN': 5, 'thisRepN': 3}>
37.8890 	DATA 	Keypress: m
37.9016 	INFO 	Keyboard events cleared
37.9015 	EXP 	fixation: autoDraw = False
37.9015 	EXP 	Stimulus: autoDraw = False
37.9015 	EXP 	Stimulus: fillColor = <psychopy.colors.Color: green, alpha=1.0>
37.9015 	EXP 	fixation: autoDraw = True
37.9015 	EXP 	Stimulus: autoDraw = True
38.0187 	EXP 	Device response: <KeyPress from None: t=37.87577380001312, value=m, duration=0.13406519999261945>
38.4014 	EXP 	fixation: autoDraw = False
38.9014 	EXP 	Stimulus: autoDraw = False
39.2517 	EXP 	Device response: <KeyPress from None: t=39.25140270002885, value=z, duration=None>
39.2521 	EXP 	New trial (rep=3, index=6): <Trial 36 (6 in rep 3) data={'color': 'red', 'position': [-0.3, 0], 'correct_key': 'z', 'congruency': 'congruent', 'thisN': 36, 'thisTrialN': 6, 'thisRepN': 3}>
39.2556 	DATA 	Keypress: z
39.2678 	INFO 	Keyboard events cleared
39.2677 	EXP 	fixation: autoDraw = False
39.2677 	EXP 	Stimulus: autoDraw = False
39.2677 	EXP 	Stimulus: fillColor = <psychopy.colors.Color: red, alpha=1.0>
39.2677 	EXP 	fixation: autoDraw = True
39.2677 	EXP 	Stimulus: autoDraw = True
39.4352 	EXP 	Device response: <KeyPress from None: t=39.25140270002885, value=z, duration=0.16701089998241514>
39.7674 	EXP 	fixation: autoDraw = False
40.2673 	EXP 	Stimulus: autoDraw = False
40.3013 	EXP 	Device response: <KeyPress from None: t=40.296474599977955, value=m, duration=None>
40.3017 	EXP 	New trial (rep=3, index=7): <Trial 37 (7 in rep 3) data={'color': 'red', 'position': [-0.3, 0], 'correct_key': 'z', 'congruency': 'congruent', 'thisN': 37, 'thisTrialN': 7, 'thisRepN': 3}>
40.3047 	DATA 	Keypress: m
40.3175 	INFO 	Keyboard events cleared
40.3174 	EXP 	fixation: autoDraw = False
40.3174 	EXP 	Stimulus: autoDraw = False
40.3174 	EXP 	Stimulus: fillColor = <psychopy.colors.Color: red, alpha=1.0>
40.3174 	EXP 	fixation: autoDraw = True
40.3174 	EXP 	Stimulus: autoDraw = True
40.4179 	EXP 	Device response: <KeyPress from None: t=40.296474599977955, value=m, duration=0.10527450003428385>
40.8171 	EXP 	fixation: autoDraw = False
41.2844 	EXP 	Device response: <KeyPress from None: t=41.274532500014175, value=m, duration=None>
41.2848 	EXP 	New trial (rep=3, index=8): <Trial 38 (8 in rep 3) data={'color': 'red', 'position': [0.3, 0], 'correct_key': 'z', 'congruency': 'incongruent', 'thisN': 38, 'thisTrialN': 8, 'thisRepN': 3}>
41.2879 	DATA 	Keypress: m
41.3005 	INFO 	Keyboard events cleared
41.3003 	EXP 	fixation: autoDraw = False
41.3003 	EXP 	Stimulus: autoDraw = False
41.3003 	EXP 	Stimulus: fillColor = <psychopy.colors.Color: red, alpha=1.0>
41.3003 	EXP 	fixation: autoDraw = True
41.3003 	EXP 	Stimulus: autoDraw = True
41.4010 	EXP 	Device response: <KeyPress from None: t=41.274532500014175, value=m, duration=0.12299960001837462>
41.8003 	EXP 	fixation: autoDraw = False
42.3003 	EXP 	Stimulus: autoDraw = False
42.5005 	EXP 	Device response: <KeyPress from None: t=42.49748920003185, value=m, duration=None>
42.5008 	EXP 	New trial (rep=3, index=9): <Trial 39 (9 in rep 3) data={'color': 'green', 'position': [0.3, 0], 'correct_key': 'm', 'congruency': 'congruent', 'thisN': 39, 'thisTrialN': 9, 'thisRepN': 3}>
42.5044 	DATA 	Keypress: m
42.5169 	INFO 	Keyboard events cleared
42.5167 	EXP 	fixation: autoDraw = False
42.5167 	EXP 	Stimulus: autoDraw = False
42.5167 	EXP 	Stimulus: fillColor = <psychopy.colors.Color: green, alpha=1.0>
42.5167 	EXP 	fixation: autoDraw = True
42.5167 	EXP 	Stimulus: autoDraw = True
42.6506 	EXP 	Device response: <KeyPress from None: t=42.49748920003185, value=m, duration=0.13972189999185503>
43.0165 	EXP 	fixation: autoDraw = False
43.4502 	EXP 	Device response: <KeyPress from None: t=43.4444467999856, value=z, duration=None>
43.4506 	EXP 	New trial (rep=4, index=0): <Trial 40 (0 in rep 4) data={'color': 'green', 'position': [-0.3, 0], 'correct_key': 'm', 'congruency': 'incongruent', 'thisN': 40, 'thisTrialN': 0, 'thisRepN': 4}>
43.4535 	DATA 	Keypress: z
43.4663 	INFO 	Keyboard events cleared
43.4662 	EXP 	fixation: autoDraw = False
43.4662 	EXP 	Stimulus: autoDraw = False
43.4662 	EXP 	Stimulus: fillColor = <psychopy.colors.Color: green, alpha=1.0>
43.4662 	EXP 	fixation: autoDraw = True
43.4662 	EXP 	Stimulus: autoDraw = True
43.6000 	EXP 	Device response: <KeyPress from None: t=43.4444467999856, value=z, duration=0.15489390003494918>
43.9663 	EXP 	fixation: autoDraw = False
44.4661 	EXP 	Stimulus: autoDraw = False
44.5998 	EXP 	Device response: <KeyPress from None: t=44.59502509998856, value=z, duration=None>
44.6002 	EXP 	New trial (rep=4, index=1): <Trial 41 (1 in rep 4) data={'color': 'red', 'position': [0.3, 0], 'correct_key': 'z', 'congruency': 'incongruent', 'thisN': 41, 'thisTrialN': 1, 'thisRepN': 4}>
44.6035 	DATA 	Keypress: z
44.6160 	INFO 	Keyboard events cleared
44.6159 	EXP 	fixation: autoDraw = False
44.6159 	EXP 	Stimulus: autoDraw = False
44.6159 	EXP 	Stimulus: fillColor = <psychopy.colors.Color: red, alpha=1.0>
44.6159 	EXP 	fixation: autoDraw = True
44.6159 	EXP 	Stimulus: autoDraw = True
44.7498 	EXP 	Device response: <KeyPress from None: t=44.59502509998856, value=z, duration=0.14450390002457425>
45.1158 	EXP 	fixation: autoDraw = False
45.6156 	EXP 	Stimulus: autoDraw = False
45.6509 	DATA 	Keypress: m
45.6661 	EXP 	Device response: <KeyPress from None: t=45.65015719999792, value=m, duration=None>
45.6664 	EXP 	New trial (rep=4, index=2): <Trial 42 (2 in rep 4) data={'color': 'red', 'position': [0.3, 0], 'correct_key': 'z', 'congruency': 'incongruent', 'thisN': 42, 'thisTrialN': 2, 'thisRepN': 4}>
45.6825 	INFO 	Keyboard events cleared
45.6824 	EXP 	fixation: autoDraw = False
45.6824 	EXP 	Stimulus: autoDraw = False
45.6824 	EXP 	Stimulus: fillColor = <psychopy.colors.Color: red, alpha=1.0>
45.6824 	EXP 	fixation: autoDraw = True
45.6824 	EXP 	Stimulus: autoDraw = True
45.7991 	EXP 	Device response: <KeyPress from None: t=45.65015719999792, value=m, duration=0.14473649999126792>
46.1824 	EXP 	fixation: autoDraw = False
46.6822 	EXP 	Stimulus: autoDraw = False
46.7990 	EXP 	Device response: <KeyPress from None: t=46.797875399992336, value=m, duration=None>
46.7994 	EXP 	New trial (rep=4, index=3): <Trial 43 (3 in rep 4) data={'color': 'green', 'position': [0.3, 0], 'correct_key': 'm', 'congruency': 'congruent', 'thisN': 43, 'thisTrialN': 3, 'thisRepN': 4}>
46.8026 	DATA 	Keypress: m
46.8155 	INFO 	Keyboard events cleared
46.8153 	EXP 	fixation: autoDraw = False
46.8153 	EXP 	Stimulus: autoDraw = False
46.8153 	EXP 	Stimulus: fillColor = <psychopy.colors.Color: green, alpha=1.0>
46.8153 	EXP 	fixation: autoDraw = True
46.8153 	EXP 	Stimulus: autoDraw = True
46.9489 	EXP 	Device response: <KeyPress from None: t=46.797875399992336, value=m, duration=0.13429590000305325>
47.3146 	EXP 	fixation: autoDraw = False
47.8147 	EXP 	Stimulus: autoDraw = False
47.8649 	EXP 	Device response: <KeyPress from None: t=47.85333910002373, value=z, duration=None>
47.8651 	EXP 	New trial (rep=4, index=4): <Trial 44 (4 in rep 4) data={'color': 'red', 'position': [-0.3, 0], 'correct_key': 'z', 'congruency': 'congruent', 'thisN': 44, 'thisTrialN': 4, 'thisRepN': 4}>
47.8665 	DATA 	Keypress: z
47.8815 	INFO 	Keyboard events cleared
47.8814 	EXP 	fixation: autoDraw = False
47.8814 	EXP 	Stimulus: autoDraw = False
47.8814 	EXP 	Stimulus: fillColor = <psychopy.colors.Color: red, alpha=1.0>
47.8814 	EXP 	fixation: autoDraw = True
47.8814 	EXP 	Stimulus: autoDraw = True
48.0484 	EXP 	Device response: <KeyPress from None: t=47.85333910002373, value=z, duration=0.18875609996030107>
48.3811 	EXP 	fixation: autoDraw = False
48.8812 	EXP 	Stimulus: autoDraw = False
49.0641 	EXP 	Device response: <KeyPress from None: t=49.056682800001, value=m, duration=None>
49.0643 	EXP 	New trial (rep=4, index=5): <Trial 45 (5 in rep 4) data={'color': 'red', 'position': [-0.3, 0], 'correct_key': 'z', 'congruency': 'congruent', 'thisN': 45, 'thisTrialN': 5, 'thisRepN': 4}>
49.0659 	DATA 	Keypress: m
49.0812 	INFO 	Keyboard events cleared
49.0811 	EXP 	fixation: autoDraw = False
49.0811 	EXP 	Stimulus: autoDraw = False
49.0811 	EXP 	Stimulus: fillColor = <psychopy.colors.Color: red, alpha=1.0>
49.0811 	EXP 	fixation: autoDraw = True
49.0811 	EXP 	Stimulus: autoDraw = True
49.1978 	EXP 	Device response: <KeyPress from None: t=49.056682800001, value=m, duration=0.1387096000253223>
49.5807 	EXP 	fixation: autoDraw = False
50.0804 	EXP 	Stimulus: autoDraw = False
50.4138 	EXP 	Device response: <KeyPress from None: t=50.40187330002664, value=m, duration=None>
50.4140 	EXP 	New trial (rep=4, index=6): <Trial 46 (6 in rep 4) data={'color': 'red', 'position': [0.3, 0], 'correct_key': 'z', 'congruency': 'incongruent', 'thisN': 46, 'thisTrialN': 6, 'thisRepN': 4}>
50.4153 	DATA 	Keypress: m
50.4303 	INFO 	Keyboard events cleared
50.4302 	EXP 	fixation: autoDraw = False
50.4302 	EXP 	Stimulus: autoDraw = False
50.4302 	EXP 	Stimulus: fillColor = <psychopy.colors.Color: red, alpha=1.0>
50.4302 	EXP 	fixation: autoDraw = True
50.4302 	EXP 	Stimulus: autoDraw = True
50.5974 	EXP 	Device response: <KeyPress from None: t=50.40187330002664, value=m, duration=0.17980549996718764>
50.9302 	EXP 	fixation: autoDraw = False
51.4301 	EXP 	Stimulus: autoDraw = False
51.6471 	EXP 	Device response: <KeyPress from None: t=51.64636429998791, value=m, duration=None>
51.6475 	EXP 	New trial (rep=4, index=7): <Trial 47 (7 in rep 4) data={'color': 'green', 'position': [0.3, 0], 'correct_key': 'm', 'congruency': 'congruent', 'thisN': 47, 'thisTrialN': 7, 'thisRepN': 4}>
51.6511 	DATA 	Keypress: m
51.6632 	INFO 	Keyboard events cleared
51.6631 	EXP 	fixation: autoDraw = False
51.6631 	EXP 	Stimulus: autoDraw = False
51.6631 	EXP 	Stimulus: fillColor = <psychopy.colors.Color: green, alpha=1.0>
51.6631 	EXP 	fixation: autoDraw = True
51.6631 	EXP 	Stimulus: autoDraw = True
51.7804 	EXP 	Device response: <KeyPress from None: t=51.64636429998791, value=m, duration=0.12167299998691306>
52.1632 	EXP 	fixation: autoDraw = False
52.6631 	EXP 	Stimulus: autoDraw = False
52.7305 	EXP 	Device response: <KeyPress from None: t=52.715992200013716, value=z, duration=None>
52.7309 	EXP 	New trial (rep=4, index=8): <Trial 48 (8 in rep 4) data={'color': 'red', 'position': [-0.3, 0], 'correct_key': 'z', 'congruency': 'congruent', 'thisN': 48, 'thisTrialN': 8, 'thisRepN': 4}>
52.7348 	DATA 	Keypress: z
52.7465 	INFO 	Keyboard events cleared
52.7463 	EXP 	fixation: autoDraw = False
52.7463 	EXP 	Stimulus: autoDraw = False
52.7463 	EXP 	Stimulus: fillColor = <psychopy.colors.Color: red, alpha=1.0>
52.7463 	EXP 	fixation: autoDraw = True
52.7463 	EXP 	Stimulus: autoDraw = True
52.8467 	EXP 	Device response: <KeyPress from None: t=52.715992200013716, value=z, duration=0.12308789999224246>
53.2463 	EXP 	fixation: autoDraw = False
53.6320 	DATA 	Keypress: m
53.6465 	EXP 	Device response: <KeyPress from None: t=53.63041380001232, value=m, duration=None>
53.6470 	EXP 	New trial (rep=4, index=9): <Trial 49 (9 in rep 4) data={'color': 'green', 'position': [-0.3, 0], 'correct_key': 'm', 'congruency': 'incongruent', 'thisN': 49, 'thisTrialN': 9, 'thisRepN': 4}>
53.6630 	INFO 	Keyboard events cleared
53.6628 	EXP 	fixation: autoDraw = False
53.6628 	EXP 	Stimulus: autoDraw = False
53.6628 	EXP 	Stimulus: fillColor = <psychopy.colors.Color: green, alpha=1.0>
53.6628 	EXP 	fixation: autoDraw = True
53.6628 	EXP 	Stimulus: autoDraw = True
53.7465 	EXP 	Device response: <KeyPress from None: t=53.63041380001232, value=m, duration=0.11024890001863241>
54.1627 	EXP 	fixation: autoDraw = False
54.6624 	EXP 	Stimulus: autoDraw = False
54.7298 	EXP 	Device response: <KeyPress from None: t=54.7241165000014, value=z, duration=None>
54.7302 	EXP 	New trial (rep=5, index=0): <Trial 50 (0 in rep 5) data={'color': 'green', 'position': [0.3, 0], 'correct_key': 'm', 'congruency': 'congruent', 'thisN': 50, 'thisTrialN': 0, 'thisRepN': 5}>
54.7345 	DATA 	Keypress: z
54.7457 	INFO 	Keyboard events cleared
54.7456 	EXP 	fixation: autoDraw = False
54.7456 	EXP 	Stimulus: autoDraw = False
54.7456 	EXP 	Stimulus: fillColor = <psychopy.colors.Color: green, alpha=1.0>
54.7456 	EXP 	fixation: autoDraw = True
54.7456 	EXP 	Stimulus: autoDraw = True
54.8464 	EXP 	Device response: <KeyPress from None: t=54.7241165000014, value=z, duration=0.11643930000718683>
55.2457 	EXP 	fixation: autoDraw = False
55.5809 	DATA 	Keypress: z
55.5959 	EXP 	Device response: <KeyPress from None: t=55.57969069998944, value=z, duration=None>
55.5961 	EXP 	New trial (rep=5, index=1): <Trial 51 (1 in rep 5) data={'color': 'green', 'position': [0.3, 0], 'correct_key': 'm', 'congruency': 'congruent', 'thisN': 51, 'thisTrialN': 1, 'thisRepN': 5}>
55.6121 	INFO 	Keyboard events cleared
55.6120 	EXP 	fixation: autoDraw = False
55.6120 	EXP 	Stimulus: autoDraw = False
55.6120 	EXP 	Stimulus: fillColor = <psychopy.colors.Color: green, alpha=1.0>
55.6120 	EXP 	fixation: autoDraw = True
55.6120 	EXP 	Stimulus: autoDraw = True
55.7123 	EXP 	Device response: <KeyPress from None: t=55.57969069998944, value=z, duration=0.12864449998596683>
56.1120 	EXP 	fixation: autoDraw = False
56.2626 	EXP 	Device response: <KeyPress from None: t=56.25844780000625, value=z, duration=None>
56.2631 	EXP 	New trial (rep=5, index=2): <Trial 52 (2 in rep 5) data={'color': 'red', 'position': [0.3, 0], 'correct_key': 'z', 'congruency': 'incongruent', 'thisN': 52, 'thisTrialN': 2, 'thisRepN': 5}>
56.2667 	DATA 	Keypress: z
56.2787 	INFO 	Keyboard events cleared
56.2784 	EXP 	fixation: autoDraw = False
56.2784 	EXP 	Stimulus: autoDraw = False
56.2784 	EXP 	Stimulus: fillColor = <psychopy.colors.Color: red, alpha=1.0>
56.2784 	EXP 	fixation: autoDraw = True
56.2784 	EXP 	Stimulus: autoDraw = True
56.3625 	EXP 	Device response: <KeyPress from None: t=56.25844780000625, value=z, duration=0.1031016000197269>
56.7784 	EXP 	fixation: autoDraw = False
57.2784 	EXP 	Stimulus: autoDraw = False
57.4456 	EXP 	Device response: <KeyPress from None: t=57.442509300017264, value=m, duration=None>
57.4460 	EXP 	New trial (rep=5, index=3): <Trial 53 (3 in rep 5) data={'color': 'red', 'position': [-0.3, 0], 'correct_key': 'z', 'congruency': 'congruent', 'thisN': 53, 'thisTrialN': 3, 'thisRepN': 5}>
57.4500 	DATA 	Keypress: m
57.4615 	INFO 	Keyboard events cleared
57.4613 	EXP 	fixation: autoDraw = False
57.4613 	EXP 	Stimulus: autoDraw = False
57.4613 	EXP 	Stimulus: fillColor = <psychopy.colors.Color: red, alpha=1.0>
57.4613 	EXP 	fixation: autoDraw = True
57.4613 	EXP 	Stimulus: autoDraw = True
57.5623 	EXP 	Device response: <KeyPress from None: t=57.442509300017264, value=m, duration=0.11321410001255572>
57.9615 	EXP 	fixation: autoDraw = False
58.4286 	EXP 	Device response: <KeyPress from None: t=58.41435530001763, value=m, duration=None>
58.4290 	EXP 	New trial (rep=5, index=4): <Trial 54 (4 in rep 5) data={'color': 'red', 'position': [-0.3, 0], 'correct_key': 'z', 'congruency': 'congruent', 'thisN': 54, 'thisTrialN': 4, 'thisRepN': 5}>
58.4328 	DATA 	Keypress: m
58.4446 	INFO 	Keyboard events cleared
58.4445 	EXP 	fixation: autoDraw = False
58.4445 	EXP 	Stimulus: autoDraw = False
58.4445 	EXP 	Stimulus: fillColor = <psychopy.colors.Color: red, alpha=1.0>
58.4445 	EXP 	fixation: autoDraw = True
58.4445 	EXP 	Stimulus: autoDraw = True
58.5283 	EXP 	Device response: <KeyPress from None: t=58.41435530001763, value=m, duration=0.10594809998292476>
58.9442 	EXP 	fixation: autoDraw = False
59.4442 	EXP 	Stimulus: autoDraw = False
69.4259 	DATA 	Keypress: z
69.4412 	EXP 	Device response: <KeyPress from None: t=69.42424490000121, value=z, duration=None>
69.4414 	EXP 	New trial (rep=5, index=5): <Trial 55 (5 in rep 5) data={'color': 'green', 'position': [-0.3, 0], 'correct_key': 'm', 'congruency': 'incongruent', 'thisN': 55, 'thisTrialN': 5, 'thisRepN': 5}>
69.4577 	INFO 	Keyboard events cleared
69.4576 	EXP 	fixation: autoDraw = False
69.4576 	EXP 	Stimulus: autoDraw = False
69.4576 	EXP 	Stimulus: fillColor = <psychopy.colors.Color: green, alpha=1.0>
69.4576 	EXP 	fixation: autoDraw = True
69.4576 	EXP 	Stimulus: autoDraw = True
69.5749 	EXP 	Device response: <KeyPress from None: t=69.42424490000121, value=z, duration=0.13406559999566525>
69.9575 	EXP 	fixation: autoDraw = False
70.0413 	EXP 	Device response: <KeyPress from None: t=70.04042380000465, value=z, duration=None>
70.0417 	EXP 	New trial (rep=5, index=6): <Trial 56 (6 in rep 5) data={'color': 'red', 'position': [-0.3, 0], 'correct_key': 'z', 'congruency': 'congruent', 'thisN': 56, 'thisTrialN': 6, 'thisRepN': 5}>
70.0452 	DATA 	Keypress: z
70.0574 	INFO 	Keyboard events cleared
70.0572 	EXP 	fixation: autoDraw = False
70.0572 	EXP 	Stimulus: autoDraw = False
70.0572 	EXP 	Stimulus: fillColor = <psychopy.colors.Color: red, alpha=1.0>
70.0572 	EXP 	fixation: autoDraw = True
70.0572 	EXP 	Stimulus: autoDraw = True
70.2240 	EXP 	Device response: <KeyPress from None: t=70.04042380000465, value=z, duration=0.16671680001309142>
70.5573 	EXP 	fixation: autoDraw = False
70.8088 	DATA 	Keypress: comma
70.8243 	EXP 	Device response: <KeyPress from None: t=70.80785159999505, value=comma, duration=None>
71.0073 	EXP 	Device response: <KeyPress from None: t=70.80785159999505, value=comma, duration=0.18806940002832562>
71.0571 	EXP 	Stimulus: autoDraw = False
74.3729 	EXP 	Device response: <KeyPress from None: t=74.37082170002395, value=z, duration=None>
74.3732 	EXP 	New trial (rep=5, index=7): <Trial 57 (7 in rep 5) data={'color': 'red', 'position': [0.3, 0], 'correct_key': 'z', 'congruency': 'incongruent', 'thisN': 57, 'thisTrialN': 7, 'thisRepN': 5}>
74.3765 	DATA 	Keypress: z
74.3894 	INFO 	Keyboard events cleared
74.3893 	EXP 	fixation: autoDraw = False
74.3893 	EXP 	Stimulus: autoDraw = False
74.3893 	EXP 	Stimulus: fillColor = <psychopy.colors.Color: red, alpha=1.0>
74.3893 	EXP 	fixation: autoDraw = True
74.3893 	EXP 	Stimulus: autoDraw = True
74.5563 	EXP 	Device response: <KeyPress from None: t=74.37082170002395, value=z, duration=0.17312110000057146>
74.8891 	EXP 	fixation: autoDraw = False
75.3888 	EXP 	Stimulus: autoDraw = False
75.9221 	EXP 	Device response: <KeyPress from None: t=75.91200870001921, value=comma, duration=None>
75.9225 	DATA 	Keypress: comma
76.0726 	EXP 	Device response: <KeyPress from None: t=75.91200870001921, value=comma, duration=0.14469539996935055>
78.6049 	EXP 	Device response: <KeyPress from None: t=78.603830499982, value=z, duration=None>
78.6052 	EXP 	New trial (rep=5, index=8): <Trial 58 (8 in rep 5) data={'color': 'red', 'position': [0.3, 0], 'correct_key': 'z', 'congruency': 'incongruent', 'thisN': 58, 'thisTrialN': 8, 'thisRepN': 5}>
78.6091 	DATA 	Keypress: z
78.6212 	INFO 	Keyboard events cleared
78.6210 	EXP 	fixation: autoDraw = False
78.6210 	EXP 	Stimulus: autoDraw = False
78.6210 	EXP 	Stimulus: fillColor = <psychopy.colors.Color: red, alpha=1.0>
78.6210 	EXP 	fixation: autoDraw = True
78.6210 	EXP 	Stimulus: autoDraw = True
78.8217 	EXP 	Device response: <KeyPress from None: t=78.603830499982, value=z, duration=0.21661390003282577>
79.1211 	EXP 	fixation: autoDraw = False
79.6209 	EXP 	Stimulus: autoDraw = False
82.6365 	EXP 	Device response: <KeyPress from None: t=82.63377690000925, value=comma, duration=None>
82.6369 	DATA 	Keypress: comma
82.7865 	EXP 	Device response: <KeyPress from None: t=82.63377690000925, value=comma, duration=0.14076989999739453>
84.0698 	EXP 	Device response: <KeyPress from None: t=84.06264959997497, value=z, duration=None>
84.0701 	EXP 	New trial (rep=5, index=9): <Trial 59 (9 in rep 5) data={'color': 'green', 'position': [-0.3, 0], 'correct_key': 'm', 'congruency': 'incongruent', 'thisN': 59, 'thisTrialN': 9, 'thisRepN': 5}>
84.0735 	DATA 	Keypress: z
84.0863 	INFO 	Keyboard events cleared
84.0861 	EXP 	fixation: autoDraw = False
84.0861 	EXP 	Stimulus: autoDraw = False
84.0861 	EXP 	Stimulus: fillColor = <psychopy.colors.Color: green, alpha=1.0>
84.0861 	EXP 	fixation: autoDraw = True
84.0861 	EXP 	Stimulus: autoDraw = True
84.2364 	EXP 	Device response: <KeyPress from None: t=84.06264959997497, value=z, duration=0.1678809000295587>
84.5859 	EXP 	fixation: autoDraw = False
84.7362 	EXP 	Device response: <KeyPress from None: t=84.73283519997494, value=z, duration=None>
84.7366 	EXP 	New trial (rep=6, index=0): <Trial 60 (0 in rep 6) data={'color': 'red', 'position': [0.3, 0], 'correct_key': 'z', 'congruency': 'incongruent', 'thisN': 60, 'thisTrialN': 0, 'thisRepN': 6}>
84.7400 	DATA 	Keypress: z
84.7526 	INFO 	Keyboard events cleared
84.7524 	EXP 	fixation: autoDraw = False
84.7524 	EXP 	Stimulus: autoDraw = False
84.7524 	EXP 	Stimulus: fillColor = <psychopy.colors.Color: red, alpha=1.0>
84.7524 	EXP 	fixation: autoDraw = True
84.7524 	EXP 	Stimulus: autoDraw = True
84.9025 	EXP 	Device response: <KeyPress from None: t=84.73283519997494, value=z, duration=0.1663200000184588>
85.2524 	EXP 	fixation: autoDraw = False
85.6693 	EXP 	Device response: <KeyPress from None: t=85.65678680001292, value=comma, duration=None>
85.6704 	DATA 	Keypress: comma
85.7522 	EXP 	Stimulus: autoDraw = False
85.8193 	EXP 	Device response: <KeyPress from None: t=85.65678680001292, value=comma, duration=0.16126429999712855>
87.3526 	DATA 	Keypress: z
87.3685 	EXP 	Device response: <KeyPress from None: t=87.35158610000508, value=z, duration=None>
87.3688 	EXP 	New trial (rep=6, index=1): <Trial 61 (1 in rep 6) data={'color': 'green', 'position': [-0.3, 0], 'correct_key': 'm', 'congruency': 'incongruent', 'thisN': 61, 'thisTrialN': 1, 'thisRepN': 6}>
87.3848 	INFO 	Keyboard events cleared
87.3847 	EXP 	fixation: autoDraw = False
87.3847 	EXP 	Stimulus: autoDraw = False
87.3847 	EXP 	Stimulus: fillColor = <psychopy.colors.Color: green, alpha=1.0>
87.3847 	EXP 	fixation: autoDraw = True
87.3847 	EXP 	Stimulus: autoDraw = True
87.5351 	EXP 	Device response: <KeyPress from None: t=87.35158610000508, value=z, duration=0.1679287999868393>
87.8847 	EXP 	fixation: autoDraw = False
88.3683 	EXP 	Device response: <KeyPress from None: t=88.35355040000286, value=z, duration=None>
88.3686 	EXP 	New trial (rep=6, index=2): <Trial 62 (2 in rep 6) data={'color': 'red', 'position': [-0.3, 0], 'correct_key': 'z', 'congruency': 'congruent', 'thisN': 62, 'thisTrialN': 2, 'thisRepN': 6}>
88.3717 	DATA 	Keypress: z
88.3846 	INFO 	Keyboard events cleared
88.3845 	EXP 	Stimulus: autoDraw = False
88.3845 	EXP 	fixation: autoDraw = False
88.3845 	EXP 	Stimulus: autoDraw = False
88.3845 	EXP 	Stimulus: fillColor = <psychopy.colors.Color: red, alpha=1.0>
88.3845 	EXP 	fixation: autoDraw = True
88.3845 	EXP 	Stimulus: autoDraw = True
88.5014 	EXP 	Device response: <KeyPress from None: t=88.35355040000286, value=z, duration=0.14563310000812635>
88.8847 	EXP 	fixation: autoDraw = False
89.3840 	EXP 	Stimulus: autoDraw = False
89.7350 	EXP 	Device response: <KeyPress from None: t=89.72487320000073, value=comma, duration=None>
89.7359 	DATA 	Keypress: comma
89.9011 	EXP 	Device response: <KeyPress from None: t=89.72487320000073, value=comma, duration=0.16334379999898374>
91.6334 	EXP 	Device response: <KeyPress from None: t=91.61976349999895, value=comma, duration=None>
91.6340 	DATA 	Keypress: comma
91.7502 	EXP 	Device response: <KeyPress from None: t=91.61976349999895, value=comma, duration=0.128705799987074>
93.8164 	EXP 	Device response: <KeyPress from None: t=93.81095640000422, value=z, duration=None>
93.8168 	EXP 	New trial (rep=6, index=3): <Trial 63 (3 in rep 6) data={'color': 'green', 'position': [0.3, 0], 'correct_key': 'm', 'congruency': 'congruent', 'thisN': 63, 'thisTrialN': 3, 'thisRepN': 6}>
93.8202 	DATA 	Keypress: z
93.8327 	INFO 	Keyboard events cleared
93.8325 	EXP 	fixation: autoDraw = False
93.8325 	EXP 	Stimulus: autoDraw = False
93.8325 	EXP 	Stimulus: fillColor = <psychopy.colors.Color: green, alpha=1.0>
93.8325 	EXP 	fixation: autoDraw = True
93.8325 	EXP 	Stimulus: autoDraw = True
93.9664 	EXP 	Device response: <KeyPress from None: t=93.81095640000422, value=z, duration=0.14526820002356544>
94.3327 	EXP 	fixation: autoDraw = False
94.8325 	EXP 	Stimulus: autoDraw = False
96.8322 	EXP 	Device response: <KeyPress from None: t=96.82144359999802, value=comma, duration=None>
96.8331 	DATA 	Keypress: comma
96.9988 	EXP 	Device response: <KeyPress from None: t=96.82144359999802, value=comma, duration=0.1619224000023678>
98.1985 	EXP 	Device response: <KeyPress from None: t=98.19718409999041, value=z, duration=None>
98.1988 	EXP 	New trial (rep=6, index=4): <Trial 64 (4 in rep 6) data={'color': 'green', 'position': [0.3, 0], 'correct_key': 'm', 'congruency': 'congruent', 'thisN': 64, 'thisTrialN': 4, 'thisRepN': 6}>
98.2015 	DATA 	Keypress: z
98.2145 	INFO 	Keyboard events cleared
98.2144 	EXP 	fixation: autoDraw = False
98.2144 	EXP 	Stimulus: autoDraw = False
98.2144 	EXP 	Stimulus: fillColor = <psychopy.colors.Color: green, alpha=1.0>
98.2144 	EXP 	fixation: autoDraw = True
98.2144 	EXP 	Stimulus: autoDraw = True
98.3482 	EXP 	Device response: <KeyPress from None: t=98.19718409999041, value=z, duration=0.1451420999947004>
98.7147 	EXP 	fixation: autoDraw = False
98.8815 	EXP 	Device response: <KeyPress from None: t=98.87833939999109, value=z, duration=None>
98.8819 	EXP 	New trial (rep=6, index=5): <Trial 65 (5 in rep 6) data={'color': 'green', 'position': [-0.3, 0], 'correct_key': 'm', 'congruency': 'incongruent', 'thisN': 65, 'thisTrialN': 5, 'thisRepN': 6}>
98.8854 	DATA 	Keypress: z
98.8977 	INFO 	Keyboard events cleared
98.8975 	EXP 	fixation: autoDraw = False
98.8975 	EXP 	Stimulus: autoDraw = False
98.8975 	EXP 	Stimulus: fillColor = <psychopy.colors.Color: green, alpha=1.0>
98.8975 	EXP 	fixation: autoDraw = True
98.8975 	EXP 	Stimulus: autoDraw = True
99.0148 	EXP 	Device response: <KeyPress from None: t=98.87833939999109, value=z, duration=0.12843410001369193>
99.3975 	EXP 	fixation: autoDraw = False
99.8645 	EXP 	Device response: <KeyPress from None: t=99.85480370000005, value=z, duration=None>
99.8648 	EXP 	New trial (rep=6, index=6): <Trial 66 (6 in rep 6) data={'color': 'red', 'position': [-0.3, 0], 'correct_key': 'z', 'congruency': 'congruent', 'thisN': 66, 'thisTrialN': 6, 'thisRepN': 6}>
99.8683 	DATA 	Keypress: z
99.8807 	INFO 	Keyboard events cleared
99.8806 	EXP 	fixation: autoDraw = False
99.8806 	EXP 	Stimulus: autoDraw = False
99.8806 	EXP 	Stimulus: fillColor = <psychopy.colors.Color: red, alpha=1.0>
99.8806 	EXP 	fixation: autoDraw = True
99.8806 	EXP 	Stimulus: autoDraw = True
100.0146 	EXP 	Device response: <KeyPress from None: t=99.85480370000005, value=z, duration=0.14995430002454668>
100.3806 	EXP 	fixation: autoDraw = False
100.6806 	EXP 	Device response: <KeyPress from None: t=100.66422400000738, value=comma, duration=None>
100.6811 	DATA 	Keypress: comma
100.8643 	EXP 	Device response: <KeyPress from None: t=100.66422400000738, value=comma, duration=0.19478299998445436>
100.8804 	EXP 	Stimulus: autoDraw = False
103.9796 	EXP 	Device response: <KeyPress from None: t=103.97515670000575, value=comma, duration=None>
103.9805 	DATA 	Keypress: comma
104.1297 	EXP 	Device response: <KeyPress from None: t=103.97515670000575, value=comma, duration=0.14444130001356825>
106.3452 	EXP 	Device response: <KeyPress from None: t=106.33138350001536, value=comma, duration=None>
106.3459 	DATA 	Keypress: comma
106.4621 	EXP 	Device response: <KeyPress from None: t=106.33138350001536, value=comma, duration=0.12394680001307279>
107.9783 	EXP 	Device response: <KeyPress from None: t=107.97130550001748, value=z, duration=None>
107.9786 	EXP 	New trial (rep=6, index=7): <Trial 67 (7 in rep 6) data={'color': 'red', 'position': [-0.3, 0], 'correct_key': 'z', 'congruency': 'congruent', 'thisN': 67, 'thisTrialN': 7, 'thisRepN': 6}>
107.9829 	DATA 	Keypress: z
107.9944 	INFO 	Keyboard events cleared
107.9943 	EXP 	fixation: autoDraw = False
107.9943 	EXP 	Stimulus: autoDraw = False
107.9943 	EXP 	Stimulus: fillColor = <psychopy.colors.Color: red, alpha=1.0>
107.9943 	EXP 	fixation: autoDraw = True
107.9943 	EXP 	Stimulus: autoDraw = True
108.1450 	EXP 	Device response: <KeyPress from None: t=107.97130550001748, value=z, duration=0.16699830000288785>
108.4940 	EXP 	fixation: autoDraw = False
108.9945 	EXP 	Stimulus: autoDraw = False
108.9950 	EXP 	Device response: <KeyPress from None: t=108.99428970000008, value=comma, duration=None>
108.9958 	DATA 	Keypress: comma
109.1948 	EXP 	Device response: <KeyPress from None: t=108.99428970000008, value=comma, duration=0.18401269998867065>
111.2104 	EXP 	Device response: <KeyPress from None: t=111.20826879999368, value=comma, duration=None>
111.2113 	DATA 	Keypress: comma
111.3272 	EXP 	Device response: <KeyPress from None: t=111.20826879999368, value=comma, duration=0.11246770003344864>
112.9766 	EXP 	Device response: <KeyPress from None: t=112.97581690002698, value=comma, duration=None>
112.9775 	DATA 	Keypress: comma
113.1096 	EXP 	Device response: <KeyPress from None: t=112.97581690002698, value=comma, duration=0.1304849999723956>
114.9427 	EXP 	Device response: <KeyPress from None: t=114.93939690000843, value=comma, duration=None>
114.9436 	DATA 	Keypress: comma
115.1093 	EXP 	Device response: <KeyPress from None: t=114.93939690000843, value=comma, duration=0.16413019999163225>
116.2255 	EXP 	Device response: <KeyPress from None: t=116.22025900002336, value=m, duration=None>
116.2258 	EXP 	New trial (rep=6, index=8): <Trial 68 (8 in rep 6) data={'color': 'red', 'position': [0.3, 0], 'correct_key': 'z', 'congruency': 'incongruent', 'thisN': 68, 'thisTrialN': 8, 'thisRepN': 6}>
116.2292 	DATA 	Keypress: m
116.2419 	INFO 	Keyboard events cleared
116.2417 	EXP 	fixation: autoDraw = False
116.2417 	EXP 	Stimulus: autoDraw = False
116.2417 	EXP 	Stimulus: fillColor = <psychopy.colors.Color: red, alpha=1.0>
116.2417 	EXP 	fixation: autoDraw = True
116.2417 	EXP 	Stimulus: autoDraw = True
116.3587 	EXP 	Device response: <KeyPress from None: t=116.22025900002336, value=m, duration=0.12842490000184625>
116.7416 	EXP 	fixation: autoDraw = False
117.2414 	EXP 	Stimulus: autoDraw = False
117.8416 	EXP 	Device response: <KeyPress from None: t=117.82973960001254, value=z, duration=None>
117.8419 	EXP 	New trial (rep=6, index=9): <Trial 69 (9 in rep 6) data={'color': 'red', 'position': [0.3, 0], 'correct_key': 'z', 'congruency': 'incongruent', 'thisN': 69, 'thisTrialN': 9, 'thisRepN': 6}>
117.8451 	DATA 	Keypress: z
117.8580 	INFO 	Keyboard events cleared
117.8579 	EXP 	fixation: autoDraw = False
117.8579 	EXP 	Stimulus: autoDraw = False
117.8579 	EXP 	Stimulus: fillColor = <psychopy.colors.Color: red, alpha=1.0>
117.8579 	EXP 	fixation: autoDraw = True
117.8579 	EXP 	Stimulus: autoDraw = True
117.9917 	EXP 	Device response: <KeyPress from None: t=117.82973960001254, value=z, duration=0.15073479997226968>
118.3578 	EXP 	fixation: autoDraw = False
118.8576 	EXP 	Stimulus: autoDraw = False
119.1580 	EXP 	Device response: <KeyPress from None: t=119.15480399999069, value=z, duration=None>
119.1583 	EXP 	New trial (rep=7, index=0): <Trial 70 (0 in rep 7) data={'color': 'green', 'position': [-0.3, 0], 'correct_key': 'm', 'congruency': 'incongruent', 'thisN': 70, 'thisTrialN': 0, 'thisRepN': 7}>
119.1619 	DATA 	Keypress: z
119.1743 	INFO 	Keyboard events cleared
119.1741 	EXP 	fixation: autoDraw = False
119.1741 	EXP 	Stimulus: autoDraw = False
119.1741 	EXP 	Stimulus: fillColor = <psychopy.colors.Color: green, alpha=1.0>
119.1741 	EXP 	fixation: autoDraw = True
119.1741 	EXP 	Stimulus: autoDraw = True
119.3579 	EXP 	Device response: <KeyPress from None: t=119.15480399999069, value=z, duration=0.19482690002769232>
119.6742 	EXP 	fixation: autoDraw = False
120.1739 	EXP 	Stimulus: autoDraw = False
120.3908 	EXP 	Device response: <KeyPress from None: t=120.38359769998351, value=m, duration=None>
120.3911 	EXP 	New trial (rep=7, index=1): <Trial 71 (1 in rep 7) data={'color': 'red', 'position': [-0.3, 0], 'correct_key': 'z', 'congruency': 'congruent', 'thisN': 71, 'thisTrialN': 1, 'thisRepN': 7}>
120.3945 	DATA 	Keypress: m
120.4072 	INFO 	Keyboard events cleared
120.4071 	EXP 	fixation: autoDraw = False
120.4071 	EXP 	Stimulus: autoDraw = False
120.4071 	EXP 	Stimulus: fillColor = <psychopy.colors.Color: red, alpha=1.0>
120.4071 	EXP 	fixation: autoDraw = True
120.4071 	EXP 	Stimulus: autoDraw = True
120.5741 	EXP 	Device response: <KeyPress from None: t=120.38359769998351, value=m, duration=0.17431620002025738>
120.9068 	EXP 	fixation: autoDraw = False
121.4067 	EXP 	Stimulus: autoDraw = False
121.5573 	EXP 	Device response: <KeyPress from None: t=121.555941300001, value=z, duration=None>
121.5576 	EXP 	New trial (rep=7, index=2): <Trial 72 (2 in rep 7) data={'color': 'red', 'position': [0.3, 0], 'correct_key': 'z', 'congruency': 'incongruent', 'thisN': 72, 'thisTrialN': 2, 'thisRepN': 7}>
121.5604 	DATA 	Keypress: z
121.5734 	INFO 	Keyboard events cleared
121.5732 	EXP 	fixation: autoDraw = False
121.5732 	EXP 	Stimulus: autoDraw = False
121.5732 	EXP 	Stimulus: fillColor = <psychopy.colors.Color: red, alpha=1.0>
121.5732 	EXP 	fixation: autoDraw = True
121.5732 	EXP 	Stimulus: autoDraw = True
121.7236 	EXP 	Device response: <KeyPress from None: t=121.555941300001, value=z, duration=0.1663721000077203>
122.0730 	EXP 	fixation: autoDraw = False
122.5730 	EXP 	Stimulus: autoDraw = False
122.9252 	DATA 	Keypress: z
122.9396 	EXP 	Device response: <KeyPress from None: t=122.9242050999892, value=z, duration=None>
122.9399 	EXP 	New trial (rep=7, index=3): <Trial 73 (3 in rep 7) data={'color': 'red', 'position': [0.3, 0], 'correct_key': 'z', 'congruency': 'incongruent', 'thisN': 73, 'thisTrialN': 3, 'thisRepN': 7}>
122.9562 	INFO 	Keyboard events cleared
122.9560 	EXP 	fixation: autoDraw = False
122.9560 	EXP 	Stimulus: autoDraw = False
122.9560 	EXP 	Stimulus: fillColor = <psychopy.colors.Color: red, alpha=1.0>
122.9560 	EXP 	fixation: autoDraw = True
122.9560 	EXP 	Stimulus: autoDraw = True
123.0734 	EXP 	Device response: <KeyPress from None: t=122.9242050999892, value=z, duration=0.13886220002314076>
123.4561 	EXP 	fixation: autoDraw = False
123.9559 	EXP 	Stimulus: autoDraw = False
124.3726 	EXP 	Device response: <KeyPress from None: t=124.35958360001678, value=z, duration=None>
124.3730 	EXP 	New trial (rep=7, index=4): <Trial 74 (4 in rep 7) data={'color': 'red', 'position': [-0.3, 0], 'correct_key': 'z', 'congruency': 'congruent', 'thisN': 74, 'thisTrialN': 4, 'thisRepN': 7}>
124.3748 	DATA 	Keypress: z
124.3888 	INFO 	Keyboard events cleared
124.3887 	EXP 	fixation: autoDraw = False
124.3887 	EXP 	Stimulus: autoDraw = False
124.3887 	EXP 	Stimulus: fillColor = <psychopy.colors.Color: red, alpha=1.0>
124.3887 	EXP 	fixation: autoDraw = True
124.3887 	EXP 	Stimulus: autoDraw = True
124.4729 	EXP 	Device response: <KeyPress from None: t=124.35958360001678, value=z, duration=0.10614270000951365>
124.8887 	EXP 	fixation: autoDraw = False
125.3885 	EXP 	Stimulus: autoDraw = False
125.6884 	EXP 	Device response: <KeyPress from None: t=125.68650220002746, value=z, duration=None>
125.6885 	EXP 	New trial (rep=7, index=5): <Trial 75 (5 in rep 7) data={'color': 'green', 'position': [0.3, 0], 'correct_key': 'm', 'congruency': 'congruent', 'thisN': 75, 'thisTrialN': 5, 'thisRepN': 7}>
125.6900 	DATA 	Keypress: z
125.7053 	INFO 	Keyboard events cleared
125.7051 	EXP 	fixation: autoDraw = False
125.7051 	EXP 	Stimulus: autoDraw = False
125.7051 	EXP 	Stimulus: fillColor = <psychopy.colors.Color: green, alpha=1.0>
125.7051 	EXP 	fixation: autoDraw = True
125.7051 	EXP 	Stimulus: autoDraw = True
125.8217 	EXP 	Device response: <KeyPress from None: t=125.68650220002746, value=z, duration=0.1337243999587372>
126.2049 	EXP 	fixation: autoDraw = False
126.7046 	EXP 	Stimulus: autoDraw = False
126.8716 	EXP 	Device response: <KeyPress from None: t=126.86705699999584, value=m, duration=None>
126.8718 	EXP 	New trial (rep=7, index=6): <Trial 76 (6 in rep 7) data={'color': 'green', 'position': [0.3, 0], 'correct_key': 'm', 'congruency': 'congruent', 'thisN': 76, 'thisTrialN': 6, 'thisRepN': 7}>
126.8736 	DATA 	Keypress: m
126.8880 	INFO 	Keyboard events cleared
126.8879 	EXP 	fixation: autoDraw = False
126.8879 	EXP 	Stimulus: autoDraw = False
126.8879 	EXP 	Stimulus: fillColor = <psychopy.colors.Color: green, alpha=1.0>
126.8879 	EXP 	fixation: autoDraw = True
126.8879 	EXP 	Stimulus: autoDraw = True
127.0380 	EXP 	Device response: <KeyPress from None: t=126.86705699999584, value=m, duration=0.16136510000796989>
127.3876 	EXP 	fixation: autoDraw = False
127.8878 	EXP 	Stimulus: autoDraw = False
128.0544 	EXP 	Device response: <KeyPress from None: t=128.05109080002876, value=m, duration=None>
128.0546 	EXP 	New trial (rep=7, index=7): <Trial 77 (7 in rep 7) data={'color': 'green', 'position': [-0.3, 0], 'correct_key': 'm', 'congruency': 'incongruent', 'thisN': 77, 'thisTrialN': 7, 'thisRepN': 7}>
128.0575 	DATA 	Keypress: m
128.0710 	INFO 	Keyboard events cleared
128.0709 	EXP 	fixation: autoDraw = False
128.0709 	EXP 	Stimulus: autoDraw = False
128.0709 	EXP 	Stimulus: fillColor = <psychopy.colors.Color: green, alpha=1.0>
128.0709 	EXP 	fixation: autoDraw = True
128.0709 	EXP 	Stimulus: autoDraw = True
128.2214 	EXP 	Device response: <KeyPress from None: t=128.05109080002876, value=m, duration=0.15577839995967224>
128.5708 	EXP 	fixation: autoDraw = False
129.0707 	EXP 	Stimulus: autoDraw = False
129.2878 	EXP 	Device response: <KeyPress from None: t=129.27275120001286, value=m, duration=None>
129.2882 	EXP 	New trial (rep=7, index=8): <Trial 78 (8 in rep 7) data={'color': 'red', 'position': [-0.3, 0], 'correct_key': 'z', 'congruency': 'congruent', 'thisN': 78, 'thisTrialN': 8, 'thisRepN': 7}>
129.2918 	DATA 	Keypress: m
129.3042 	INFO 	Keyboard events cleared
129.3040 	EXP 	fixation: autoDraw = False
129.3040 	EXP 	Stimulus: autoDraw = False
129.3040 	EXP 	Stimulus: fillColor = <psychopy.colors.Color: red, alpha=1.0>
129.3040 	EXP 	fixation: autoDraw = True
129.3040 	EXP 	Stimulus: autoDraw = True
129.4211 	EXP 	Device response: <KeyPress from None: t=129.27275120001286, value=m, duration=0.13333400001283735>
129.8036 	EXP 	fixation: autoDraw = False
130.3035 	EXP 	Stimulus: autoDraw = False
130.4872 	EXP 	Device response: <KeyPress from None: t=130.48593289998826, value=z, duration=None>
130.4876 	EXP 	New trial (rep=7, index=9): <Trial 79 (9 in rep 7) data={'color': 'red', 'position': [0.3, 0], 'correct_key': 'z', 'congruency': 'incongruent', 'thisN': 79, 'thisTrialN': 9, 'thisRepN': 7}>
130.4905 	DATA 	Keypress: z
130.5038 	INFO 	Keyboard events cleared
130.5036 	EXP 	fixation: autoDraw = False
130.5036 	EXP 	Stimulus: autoDraw = False
130.5036 	EXP 	Stimulus: fillColor = <psychopy.colors.Color: red, alpha=1.0>
130.5036 	EXP 	fixation: autoDraw = True
130.5036 	EXP 	Stimulus: autoDraw = True
130.6707 	EXP 	Device response: <KeyPress from None: t=130.48593289998826, value=z, duration=0.17204939998919144>
131.0035 	EXP 	fixation: autoDraw = False
131.5033 	EXP 	Stimulus: autoDraw = False
131.8036 	EXP 	Device response: <KeyPress from None: t=131.78876939998008, value=z, duration=None>
131.8040 	EXP 	New trial (rep=8, index=0): <Trial 80 (0 in rep 8) data={'color': 'red', 'position': [-0.3, 0], 'correct_key': 'z', 'congruency': 'congruent', 'thisN': 80, 'thisTrialN': 0, 'thisRepN': 8}>
131.8076 	DATA 	Keypress: z
131.8199 	INFO 	Keyboard events cleared
131.8198 	EXP 	fixation: autoDraw = False
131.8198 	EXP 	Stimulus: autoDraw = False
131.8198 	EXP 	Stimulus: fillColor = <psychopy.colors.Color: red, alpha=1.0>
131.8198 	EXP 	fixation: autoDraw = True
131.8198 	EXP 	Stimulus: autoDraw = True
131.9535 	EXP 	Device response: <KeyPress from None: t=131.78876939998008, value=z, duration=0.15156870003556833>
132.3195 	EXP 	fixation: autoDraw = False
132.8194 	EXP 	Stimulus: autoDraw = False
133.0368 	EXP 	Device response: <KeyPress from None: t=133.02790970000206, value=z, duration=None>
133.0371 	EXP 	New trial (rep=8, index=1): <Trial 81 (1 in rep 8) data={'color': 'red', 'position': [0.3, 0], 'correct_key': 'z', 'congruency': 'incongruent', 'thisN': 81, 'thisTrialN': 1, 'thisRepN': 8}>
133.0403 	DATA 	Keypress: z
133.0529 	INFO 	Keyboard events cleared
133.0528 	EXP 	fixation: autoDraw = False
133.0528 	EXP 	Stimulus: autoDraw = False
133.0528 	EXP 	Stimulus: fillColor = <psychopy.colors.Color: red, alpha=1.0>
133.0528 	EXP 	fixation: autoDraw = True
133.0528 	EXP 	Stimulus: autoDraw = True
133.1865 	EXP 	Device response: <KeyPress from None: t=133.02790970000206, value=z, duration=0.15134719997877255>
133.5528 	EXP 	fixation: autoDraw = False
134.0524 	EXP 	Stimulus: autoDraw = False
134.3694 	EXP 	Device response: <KeyPress from None: t=134.36638630001107, value=z, duration=None>
134.3698 	EXP 	New trial (rep=8, index=2): <Trial 82 (2 in rep 8) data={'color': 'green', 'position': [-0.3, 0], 'correct_key': 'm', 'congruency': 'incongruent', 'thisN': 82, 'thisTrialN': 2, 'thisRepN': 8}>
134.3726 	DATA 	Keypress: z
134.3852 	INFO 	Keyboard events cleared
134.3852 	EXP 	fixation: autoDraw = False
134.3852 	EXP 	Stimulus: autoDraw = False
134.3852 	EXP 	Stimulus: fillColor = <psychopy.colors.Color: green, alpha=1.0>
134.3852 	EXP 	fixation: autoDraw = True
134.3852 	EXP 	Stimulus: autoDraw = True
134.5354 	EXP 	Device response: <KeyPress from None: t=134.36638630001107, value=z, duration=0.15471099998103455>
134.8853 	EXP 	fixation: autoDraw = False
135.3850 	EXP 	Stimulus: autoDraw = False
135.8188 	EXP 	Device response: <KeyPress from None: t=135.81072300003143, value=m, duration=None>
135.8192 	EXP 	New trial (rep=8, index=3): <Trial 83 (3 in rep 8) data={'color': 'green', 'position': [0.3, 0], 'correct_key': 'm', 'congruency': 'congruent', 'thisN': 83, 'thisTrialN': 3, 'thisRepN': 8}>
135.8224 	DATA 	Keypress: m
135.8352 	INFO 	Keyboard events cleared
135.8350 	EXP 	fixation: autoDraw = False
135.8350 	EXP 	Stimulus: autoDraw = False
135.8350 	EXP 	Stimulus: fillColor = <psychopy.colors.Color: green, alpha=1.0>
135.8350 	EXP 	fixation: autoDraw = True
135.8350 	EXP 	Stimulus: autoDraw = True
136.0022 	EXP 	Device response: <KeyPress from None: t=135.81072300003143, value=m, duration=0.18427469994639978>
136.3348 	EXP 	fixation: autoDraw = False
136.8343 	EXP 	Stimulus: autoDraw = False
137.1849 	EXP 	Device response: <KeyPress from None: t=137.18385500001023, value=m, duration=None>
137.1853 	EXP 	New trial (rep=8, index=4): <Trial 84 (4 in rep 8) data={'color': 'green', 'position': [0.3, 0], 'correct_key': 'm', 'congruency': 'congruent', 'thisN': 84, 'thisTrialN': 4, 'thisRepN': 8}>
137.1888 	DATA 	Keypress: m
137.2015 	INFO 	Keyboard events cleared
137.2014 	EXP 	fixation: autoDraw = False
137.2014 	EXP 	Stimulus: autoDraw = False
137.2014 	EXP 	Stimulus: fillColor = <psychopy.colors.Color: green, alpha=1.0>
137.2014 	EXP 	fixation: autoDraw = True
137.2014 	EXP 	Stimulus: autoDraw = True
137.3185 	EXP 	Device response: <KeyPress from None: t=137.18385500001023, value=m, duration=0.1225117999711074>
137.7013 	EXP 	fixation: autoDraw = False
138.2005 	EXP 	Stimulus: autoDraw = False
138.3015 	DATA 	Keypress: m
138.3174 	EXP 	Device response: <KeyPress from None: t=138.30100959999254, value=m, duration=None>
138.3176 	EXP 	New trial (rep=8, index=5): <Trial 85 (5 in rep 8) data={'color': 'red', 'position': [0.3, 0], 'correct_key': 'z', 'congruency': 'incongruent', 'thisN': 85, 'thisTrialN': 5, 'thisRepN': 8}>
138.3340 	INFO 	Keyboard events cleared
138.3339 	EXP 	fixation: autoDraw = False
138.3339 	EXP 	Stimulus: autoDraw = False
138.3339 	EXP 	Stimulus: fillColor = <psychopy.colors.Color: red, alpha=1.0>
138.3339 	EXP 	fixation: autoDraw = True
138.3339 	EXP 	Stimulus: autoDraw = True
138.4516 	EXP 	Device response: <KeyPress from None: t=138.30100959999254, value=m, duration=0.140086000028532>
138.8339 	EXP 	fixation: autoDraw = False
139.3340 	EXP 	Stimulus: autoDraw = False
139.5176 	EXP 	Device response: <KeyPress from None: t=139.51198750000913, value=z, duration=None>
139.5179 	EXP 	New trial (rep=8, index=6): <Trial 86 (6 in rep 8) data={'color': 'red', 'position': [-0.3, 0], 'correct_key': 'z', 'congruency': 'congruent', 'thisN': 86, 'thisTrialN': 6, 'thisRepN': 8}>
139.5211 	DATA 	Keypress: z
139.5342 	INFO 	Keyboard events cleared
139.5341 	EXP 	fixation: autoDraw = False
139.5341 	EXP 	Stimulus: autoDraw = False
139.5341 	EXP 	Stimulus: fillColor = <psychopy.colors.Color: red, alpha=1.0>
139.5341 	EXP 	fixation: autoDraw = True
139.5341 	EXP 	Stimulus: autoDraw = True
139.6844 	EXP 	Device response: <KeyPress from None: t=139.51198750000913, value=z, duration=0.1605705000110902>
140.0338 	EXP 	fixation: autoDraw = False
140.5334 	EXP 	Stimulus: autoDraw = False
140.7504 	EXP 	Device response: <KeyPress from None: t=140.74862420000136, value=z, duration=None>
140.7508 	EXP 	New trial (rep=8, index=7): <Trial 87 (7 in rep 8) data={'color': 'green', 'position': [-0.3, 0], 'correct_key': 'm', 'congruency': 'incongruent', 'thisN': 87, 'thisTrialN': 7, 'thisRepN': 8}>
140.7543 	DATA 	Keypress: z
140.7671 	INFO 	Keyboard events cleared
140.7668 	EXP 	fixation: autoDraw = False
140.7668 	EXP 	Stimulus: autoDraw = False
140.7668 	EXP 	Stimulus: fillColor = <psychopy.colors.Color: green, alpha=1.0>
140.7668 	EXP 	fixation: autoDraw = True
140.7668 	EXP 	Stimulus: autoDraw = True
140.8673 	EXP 	Device response: <KeyPress from None: t=140.74862420000136, value=z, duration=0.11744699999690056>
141.2664 	EXP 	fixation: autoDraw = False
141.7662 	EXP 	Stimulus: autoDraw = False
142.0333 	EXP 	Device response: <KeyPress from None: t=142.0217852999922, value=m, duration=None>
142.0336 	EXP 	New trial (rep=8, index=8): <Trial 88 (8 in rep 8) data={'color': 'red', 'position': [-0.3, 0], 'correct_key': 'z', 'congruency': 'congruent', 'thisN': 88, 'thisTrialN': 8, 'thisRepN': 8}>
142.0372 	DATA 	Keypress: m
142.0498 	INFO 	Keyboard events cleared
142.0497 	EXP 	fixation: autoDraw = False
142.0497 	EXP 	Stimulus: autoDraw = False
142.0497 	EXP 	Stimulus: fillColor = <psychopy.colors.Color: red, alpha=1.0>
142.0497 	EXP 	fixation: autoDraw = True
142.0497 	EXP 	Stimulus: autoDraw = True
142.1334 	EXP 	Device response: <KeyPress from None: t=142.0217852999922, value=m, duration=0.10463260003598407>
142.5494 	EXP 	fixation: autoDraw = False
143.0494 	EXP 	Stimulus: autoDraw = False
143.3999 	EXP 	Device response: <KeyPress from None: t=143.39433789998293, value=z, duration=None>
143.4003 	EXP 	New trial (rep=8, index=9): <Trial 89 (9 in rep 8) data={'color': 'red', 'position': [0.3, 0], 'correct_key': 'z', 'congruency': 'incongruent', 'thisN': 89, 'thisTrialN': 9, 'thisRepN': 8}>
143.4034 	DATA 	Keypress: z
143.4162 	INFO 	Keyboard events cleared
143.4160 	EXP 	fixation: autoDraw = False
143.4160 	EXP 	Stimulus: autoDraw = False
143.4160 	EXP 	Stimulus: fillColor = <psychopy.colors.Color: red, alpha=1.0>
143.4160 	EXP 	fixation: autoDraw = True
143.4160 	EXP 	Stimulus: autoDraw = True
143.5658 	EXP 	Device response: <KeyPress from None: t=143.39433789998293, value=z, duration=0.15454110002610832>
143.9156 	EXP 	fixation: autoDraw = False
144.4155 	EXP 	Stimulus: autoDraw = False
144.6654 	EXP 	Device response: <KeyPress from None: t=144.65233920002356, value=z, duration=None>
144.6655 	EXP 	New trial (rep=9, index=0): <Trial 90 (0 in rep 9) data={'color': 'green', 'position': [0.3, 0], 'correct_key': 'm', 'congruency': 'congruent', 'thisN': 90, 'thisTrialN': 0, 'thisRepN': 9}>
144.6668 	DATA 	Keypress: z
144.6818 	INFO 	Keyboard events cleared
144.6818 	EXP 	fixation: autoDraw = False
144.6818 	EXP 	Stimulus: autoDraw = False
144.6818 	EXP 	Stimulus: fillColor = <psychopy.colors.Color: green, alpha=1.0>
144.6818 	EXP 	fixation: autoDraw = True
144.6818 	EXP 	Stimulus: autoDraw = True
144.7991 	EXP 	Device response: <KeyPress from None: t=144.65233920002356, value=z, duration=0.13376910000806674>
145.1818 	EXP 	fixation: autoDraw = False
145.6819 	EXP 	Stimulus: autoDraw = False
145.9988 	EXP 	Device response: <KeyPress from None: t=145.99177630001213, value=m, duration=None>
145.9991 	EXP 	New trial (rep=9, index=1): <Trial 91 (1 in rep 9) data={'color': 'red', 'position': [-0.3, 0], 'correct_key': 'z', 'congruency': 'congruent', 'thisN': 91, 'thisTrialN': 1, 'thisRepN': 9}>
146.0023 	DATA 	Keypress: m
146.0151 	INFO 	Keyboard events cleared
146.0150 	EXP 	fixation: autoDraw = False
146.0150 	EXP 	Stimulus: autoDraw = False
146.0150 	EXP 	Stimulus: fillColor = <psychopy.colors.Color: red, alpha=1.0>
146.0150 	EXP 	fixation: autoDraw = True
146.0150 	EXP 	Stimulus: autoDraw = True
146.1489 	EXP 	Device response: <KeyPress from None: t=145.99177630001213, value=m, duration=0.14618460001656786>
146.5147 	EXP 	fixation: autoDraw = False
147.0145 	EXP 	Stimulus: autoDraw = False
147.2167 	DATA 	Keypress: z
147.2317 	EXP 	Device response: <KeyPress from None: t=147.21577270003036, value=z, duration=None>
147.2320 	EXP 	New trial (rep=9, index=2): <Trial 92 (2 in rep 9) data={'color': 'red', 'position': [0.3, 0], 'correct_key': 'z', 'congruency': 'incongruent', 'thisN': 92, 'thisTrialN': 2, 'thisRepN': 9}>
147.2480 	INFO 	Keyboard events cleared
147.2478 	EXP 	fixation: autoDraw = False
147.2478 	EXP 	Stimulus: autoDraw = False
147.2478 	EXP 	Stimulus: fillColor = <psychopy.colors.Color: red, alpha=1.0>
147.2478 	EXP 	fixation: autoDraw = True
147.2478 	EXP 	Stimulus: autoDraw = True
147.3985 	EXP 	Device response: <KeyPress from None: t=147.21577270003036, value=z, duration=0.16775679995771497>
147.7479 	EXP 	fixation: autoDraw = False
148.2474 	EXP 	Stimulus: autoDraw = False
148.5480 	EXP 	Device response: <KeyPress from None: t=148.54148489999352, value=z, duration=None>
148.5483 	EXP 	New trial (rep=9, index=3): <Trial 93 (3 in rep 9) data={'color': 'red', 'position': [0.3, 0], 'correct_key': 'z', 'congruency': 'incongruent', 'thisN': 93, 'thisTrialN': 3, 'thisRepN': 9}>
148.5519 	DATA 	Keypress: z
148.5642 	INFO 	Keyboard events cleared
148.5641 	EXP 	fixation: autoDraw = False
148.5641 	EXP 	Stimulus: autoDraw = False
148.5641 	EXP 	Stimulus: fillColor = <psychopy.colors.Color: red, alpha=1.0>
148.5641 	EXP 	fixation: autoDraw = True
148.5641 	EXP 	Stimulus: autoDraw = True
148.7148 	EXP 	Device response: <KeyPress from None: t=148.54148489999352, value=z, duration=0.15590449998853728>
149.0642 	EXP 	fixation: autoDraw = False
149.5640 	EXP 	Stimulus: autoDraw = False
149.8142 	EXP 	Device response: <KeyPress from None: t=149.8068273999961, value=z, duration=None>
149.8145 	EXP 	New trial (rep=9, index=4): <Trial 94 (4 in rep 9) data={'color': 'red', 'position': [-0.3, 0], 'correct_key': 'z', 'congruency': 'congruent', 'thisN': 94, 'thisTrialN': 4, 'thisRepN': 9}>
149.8178 	DATA 	Keypress: z
149.8304 	INFO 	Keyboard events cleared
149.8303 	EXP 	fixation: autoDraw = False
149.8303 	EXP 	Stimulus: autoDraw = False
149.8303 	EXP 	Stimulus: fillColor = <psychopy.colors.Color: red, alpha=1.0>
149.8303 	EXP 	fixation: autoDraw = True
149.8303 	EXP 	Stimulus: autoDraw = True
149.9475 	EXP 	Device response: <KeyPress from None: t=149.8068273999961, value=z, duration=0.1404132000170648>
150.3298 	EXP 	fixation: autoDraw = False
150.8299 	EXP 	Stimulus: autoDraw = False
150.8969 	EXP 	Device response: <KeyPress from None: t=150.89483930001734, value=z, duration=None>
150.8972 	EXP 	New trial (rep=9, index=5): <Trial 95 (5 in rep 9) data={'color': 'green', 'position': [0.3, 0], 'correct_key': 'm', 'congruency': 'congruent', 'thisN': 95, 'thisTrialN': 5, 'thisRepN': 9}>
150.9007 	DATA 	Keypress: z
150.9135 	INFO 	Keyboard events cleared
150.9134 	EXP 	fixation: autoDraw = False
150.9134 	EXP 	Stimulus: autoDraw = False
150.9134 	EXP 	Stimulus: fillColor = <psychopy.colors.Color: green, alpha=1.0>
150.9134 	EXP 	fixation: autoDraw = True
150.9134 	EXP 	Stimulus: autoDraw = True
151.0471 	EXP 	Device response: <KeyPress from None: t=150.89483930001734, value=z, duration=0.1390776999760419>
151.4131 	EXP 	fixation: autoDraw = False
151.9132 	EXP 	Stimulus: autoDraw = False
152.1797 	EXP 	Device response: <KeyPress from None: t=152.17416490003234, value=m, duration=None>
152.1799 	EXP 	New trial (rep=9, index=6): <Trial 96 (6 in rep 9) data={'color': 'red', 'position': [-0.3, 0], 'correct_key': 'z', 'congruency': 'congruent', 'thisN': 96, 'thisTrialN': 6, 'thisRepN': 9}>
152.1819 	DATA 	Keypress: m
152.1961 	INFO 	Keyboard events cleared
152.1960 	EXP 	fixation: autoDraw = False
152.1960 	EXP 	Stimulus: autoDraw = False
152.1960 	EXP 	Stimulus: fillColor = <psychopy.colors.Color: red, alpha=1.0>
152.1960 	EXP 	fixation: autoDraw = True
152.1960 	EXP 	Stimulus: autoDraw = True
152.2968 	EXP 	Device response: <KeyPress from None: t=152.17416490003234, value=m, duration=0.10625439998693764>
152.6960 	EXP 	fixation: autoDraw = False
153.1960 	EXP 	Stimulus: autoDraw = False
153.4131 	EXP 	Device response: <KeyPress from None: t=153.40655259997584, value=z, duration=None>
153.4134 	EXP 	New trial (rep=9, index=7): <Trial 97 (7 in rep 9) data={'color': 'red', 'position': [0.3, 0], 'correct_key': 'z', 'congruency': 'incongruent', 'thisN': 97, 'thisTrialN': 7, 'thisRepN': 9}>
153.4169 	DATA 	Keypress: z
153.4293 	INFO 	Keyboard events cleared
153.4292 	EXP 	fixation: autoDraw = False
153.4292 	EXP 	Stimulus: autoDraw = False
153.4292 	EXP 	Stimulus: fillColor = <psychopy.colors.Color: red, alpha=1.0>
153.4292 	EXP 	fixation: autoDraw = True
153.4292 	EXP 	Stimulus: autoDraw = True
153.5463 	EXP 	Device response: <KeyPress from None: t=153.40655259997584, value=z, duration=0.13368850003462285>
153.9290 	EXP 	fixation: autoDraw = False
154.4286 	EXP 	Stimulus: autoDraw = False
154.7131 	DATA 	Keypress: z
154.7292 	EXP 	Device response: <KeyPress from None: t=154.7118287999765, value=z, duration=None>
154.7295 	EXP 	New trial (rep=9, index=8): <Trial 98 (8 in rep 9) data={'color': 'green', 'position': [-0.3, 0], 'correct_key': 'm', 'congruency': 'incongruent', 'thisN': 98, 'thisTrialN': 8, 'thisRepN': 9}>
154.7454 	INFO 	Keyboard events cleared
154.7452 	EXP 	fixation: autoDraw = False
154.7452 	EXP 	Stimulus: autoDraw = False
154.7452 	EXP 	Stimulus: fillColor = <psychopy.colors.Color: green, alpha=1.0>
154.7452 	EXP 	fixation: autoDraw = True
154.7452 	EXP 	Stimulus: autoDraw = True
154.8622 	EXP 	Device response: <KeyPress from None: t=154.7118287999765, value=z, duration=0.14886390004539862>
155.2451 	EXP 	fixation: autoDraw = False
155.7449 	EXP 	Stimulus: autoDraw = False
156.2135 	DATA 	Keypress: m
156.2287 	EXP 	Device response: <KeyPress from None: t=156.2121894999873, value=m, duration=None>
156.2290 	EXP 	New trial (rep=9, index=9): <Trial 99 (9 in rep 9) data={'color': 'green', 'position': [-0.3, 0], 'correct_key': 'm', 'congruency': 'incongruent', 'thisN': 99, 'thisTrialN': 9, 'thisRepN': 9}>
156.2450 	INFO 	Keyboard events cleared
156.2448 	EXP 	fixation: autoDraw = False
156.2448 	EXP 	Stimulus: autoDraw = False
156.2448 	EXP 	Stimulus: fillColor = <psychopy.colors.Color: green, alpha=1.0>
156.2448 	EXP 	fixation: autoDraw = True
156.2448 	EXP 	Stimulus: autoDraw = True
156.3120 	EXP 	Device response: <KeyPress from None: t=156.2121894999873, value=m, duration=0.08959500002674758>
156.7446 	EXP 	fixation: autoDraw = False
157.2446 	EXP 	Stimulus: autoDraw = False
157.5451 	EXP 	Device response: <KeyPress from None: t=157.53062320000026, value=m, duration=None>
157.5462 	DATA 	Keypress: m
157.5613 	EXP 	fixation: autoDraw = False
157.5613 	EXP 	Stimulus: autoDraw = False
157.5615 	EXP 	SimonTask: status = STOPPED
157.5817 	INFO 	saved data to "C:\\Users\\Admin\\OneDrive\\Desktop\\LAB IN PSY'\\psychopy\\simon task_solo project\\data\\2_SimonTask_2025-11-15_17h06.51.072.csv"
157.5837 	INFO 	saved data to C:\Users\Admin\OneDrive\Desktop\LAB IN PSY'\psychopy\simon task_solo project\data\2_SimonTask_2025-11-15_17h06.51.072.psydat
158.1394 	WARNING 	Stopping key buffers but this could be dangerous ifother keyboards rely on the same.
158.1816 	WARNING 	Stopping key buffers but this could be dangerous ifother keyboards rely on the same.
