9.2236 	INFO 	Loaded monitor calibration from ['2025_08_12 10:43']
9.2385 	WARNING 	User requested fullscreen with size [1024  768], but screen is actually [1920, 1080]. Using actual size
9.6157 	INFO 	Using renderer 'Intel(R) Iris(R) Xe Graphics' for graphics
9.6157 	INFO 	OpenGL version supported by driver is 4..
9.6469 	EXP 	Created window1 = Window(allowGUI=False, allowStencil=False, autoLog=True, backendConf=UNKNOWN, backgroundFit=<method-wrapper '__getattribute__' of attributeSetter object at 0x000001B9F9D5B100>, backgroundImage=<method-wrapper '__getattribute__' of attributeSetter object at 0x000001B9F9D5B0A0>, bitsMode=UNKNOWN, blendMode='avg', bpc=(8, 8, 8), color=array([0, 0, 0]), colorSpace='rgb', depthBits=8, fullscr=True, gamma=None, gammaErrorPolicy='raise', infoMsg=UNKNOWN, lms=UNKNOWN, monitor=<psychopy.monitors.calibTools.Monitor object at 0x000001B9F9E42A70>, multiSample=False, name='window1', numSamples=2, pos=[np.float64(0.0), np.float64(0.0)], screen=0, size=array([1920, 1080]), stencilBits=0, stereo=False, title='PsychoPy', units='height', useFBO=True, useRetina=False, viewOri=0.0, viewPos=None, viewScale=None, waitBlanking=True, winType='pyglet')
9.6469 	EXP 	window1: backgroundImage = ''
9.6470 	EXP 	window1: backgroundFit = 'none'
10.1882 	EXP 	window1: Attempting to measure frame rate of screen (0) ...
10.1882 	EXP 	window1: recordFrameIntervals = False
10.3183 	EXP 	window1: recordFrameIntervals = True
10.5017 	EXP 	Screen (0) actual frame rate measured at 60.05Hz
10.5017 	EXP 	window1: recordFrameIntervals = False
10.5620 	INFO 	keyboard.Keyboard is using ptb backend.
10.5622 	INFO 	keyboard.Keyboard is using ptb backend.
10.5623 	EXP 	SimonTask: status = STARTED
10.9352 	EXP 	Created fixation = TextStim(__class__=<class 'psychopy.visual.text.TextStim'>, alignHoriz=method-wrapper(...), alignText='center', alignVert=method-wrapper(...), anchorHoriz='center', anchorVert='center', antialias=True, autoDraw=False, autoLog=True, bold=False, color=array([1., 1., 1.]), colorSpace='rgb', contrast=1.0, depth=0.0, draggable=False, flipHoriz=False, flipVert=False, font='Arial', fontFiles=[], height=np.float64(0.05), italic=False, languageStyle='LTR', name='fixation', opacity=1, ori=0.0, pos=array([0., 0.]), rgb=UNKNOWN, text='+', units='height', win=Window(...), wrapWidth=1)
10.9364 	EXP 	Created Stimulus = Rect(__class__=<class 'psychopy.visual.rect.Rect'>, anchor=('center', 'center'), autoDraw=False, autoLog=True, closeShape=True, color=method-wrapper(...), colorSpace='rgb', contrast=None, depth=-1.0, draggable=False, fillColor=array([1, 1, 1]), fillColorSpace='rgb', fillRGB=array([1, 1, 1]), interpolate=True, lineColor=array([1., 1., 1.]), lineColorSpace='rgb', lineRGB=array([1, 1, 1]), lineWidth=1.0, name='Stimulus', opacity=1, ori=0.0, pos=array([0., 0.]), size=array([0.1, 0.1]), units='height', vertices=ndarray(...), win=Window(...))
0.0090 	EXP 	Imported Simon task cond(Sheet1)(in).csv as conditions, 10 conditions, 4 params
0.0103 	EXP 	New trial (rep=0, index=0): <Trial 0 (0 in rep 0) data={'color': 'green', 'position': [0.3, 0], 'correct_key': 'm', 'congruency': 'congruent', 'thisN': 0, 'thisTrialN': 0, 'thisRepN': 0}>
0.0179 	INFO 	Keyboard events cleared
0.0178 	EXP 	Stimulus: fillColor = <psychopy.colors.Color: green, alpha=1.0>
0.0178 	EXP 	fixation: autoDraw = True
0.0178 	EXP 	Stimulus: autoDraw = True
0.5313 	EXP 	fixation: autoDraw = False
1.0313 	EXP 	Stimulus: autoDraw = False
2.0422 	EXP 	Device response: <KeyPress from None: t=2.028404600000613, value=m, duration=None>
2.0426 	EXP 	New trial (rep=0, index=1): <Trial 1 (1 in rep 0) data={'color': 'red', 'position': [-0.3, 0], 'correct_key': 'z', 'congruency': 'congruent', 'thisN': 1, 'thisTrialN': 1, 'thisRepN': 0}>
2.0462 	DATA 	Keypress: m
2.0485 	INFO 	Keyboard events cleared
2.0483 	EXP 	fixation: autoDraw = False
2.0483 	EXP 	Stimulus: autoDraw = False
2.0483 	EXP 	Stimulus: fillColor = <psychopy.colors.Color: red, alpha=1.0>
2.0483 	EXP 	fixation: autoDraw = True
2.0483 	EXP 	Stimulus: autoDraw = True
2.2648 	EXP 	Device response: <KeyPress from None: t=2.028404600000613, value=m, duration=0.22055360000013025>
2.5639 	EXP 	fixation: autoDraw = False
2.7312 	EXP 	Device response: <KeyPress from None: t=2.7187821000006807, value=z, duration=None>
2.7316 	EXP 	New trial (rep=0, index=2): <Trial 2 (2 in rep 0) data={'color': 'green', 'position': [-0.3, 0], 'correct_key': 'm', 'congruency': 'incongruent', 'thisN': 2, 'thisTrialN': 2, 'thisRepN': 0}>
2.7351 	DATA 	Keypress: z
2.7476 	INFO 	Keyboard events cleared
2.7475 	EXP 	fixation: autoDraw = False
2.7475 	EXP 	Stimulus: autoDraw = False
2.7475 	EXP 	Stimulus: fillColor = <psychopy.colors.Color: green, alpha=1.0>
2.7475 	EXP 	fixation: autoDraw = True
2.7475 	EXP 	Stimulus: autoDraw = True
2.9646 	EXP 	Device response: <KeyPress from None: t=2.7187821000006807, value=z, duration=0.2428684999995312>
3.2473 	EXP 	fixation: autoDraw = False
3.5476 	EXP 	Device response: <KeyPress from None: t=3.54340990000037, value=m, duration=None>
3.5483 	EXP 	New trial (rep=0, index=3): <Trial 3 (3 in rep 0) data={'color': 'green', 'position': [-0.3, 0], 'correct_key': 'm', 'congruency': 'incongruent', 'thisN': 3, 'thisTrialN': 3, 'thisRepN': 0}>
3.5534 	DATA 	Keypress: m
3.5639 	INFO 	Keyboard events cleared
3.5637 	EXP 	fixation: autoDraw = False
3.5637 	EXP 	Stimulus: autoDraw = False
3.5637 	EXP 	Stimulus: fillColor = <psychopy.colors.Color: green, alpha=1.0>
3.5637 	EXP 	fixation: autoDraw = True
3.5637 	EXP 	Stimulus: autoDraw = True
3.8144 	EXP 	Device response: <KeyPress from None: t=3.54340990000037, value=m, duration=0.2544257999998081>
4.0637 	EXP 	fixation: autoDraw = False
4.4322 	DATA 	Keypress: m
4.4473 	EXP 	Device response: <KeyPress from None: t=4.431389500000478, value=m, duration=None>
4.4477 	EXP 	New trial (rep=0, index=4): <Trial 4 (4 in rep 0) data={'color': 'red', 'position': [0.3, 0], 'correct_key': 'z', 'congruency': 'incongruent', 'thisN': 4, 'thisTrialN': 4, 'thisRepN': 0}>
4.4638 	INFO 	Keyboard events cleared
4.4636 	EXP 	fixation: autoDraw = False
4.4636 	EXP 	Stimulus: autoDraw = False
4.4636 	EXP 	Stimulus: fillColor = <psychopy.colors.Color: red, alpha=1.0>
4.4636 	EXP 	fixation: autoDraw = True
4.4636 	EXP 	Stimulus: autoDraw = True
4.6973 	EXP 	Device response: <KeyPress from None: t=4.431389500000478, value=m, duration=0.2536784000003536>
4.9635 	EXP 	fixation: autoDraw = False
5.2803 	EXP 	Device response: <KeyPress from None: t=5.270447000000786, value=z, duration=None>
5.2808 	EXP 	New trial (rep=0, index=5): <Trial 5 (5 in rep 0) data={'color': 'red', 'position': [0.3, 0], 'correct_key': 'z', 'congruency': 'incongruent', 'thisN': 5, 'thisTrialN': 5, 'thisRepN': 0}>
5.2845 	DATA 	Keypress: z
5.2967 	INFO 	Keyboard events cleared
5.2966 	EXP 	fixation: autoDraw = False
5.2966 	EXP 	Stimulus: autoDraw = False
5.2966 	EXP 	Stimulus: fillColor = <psychopy.colors.Color: red, alpha=1.0>
5.2966 	EXP 	fixation: autoDraw = True
5.2966 	EXP 	Stimulus: autoDraw = True
5.5138 	EXP 	Device response: <KeyPress from None: t=5.270447000000786, value=z, duration=0.23064159999921685>
5.7963 	EXP 	fixation: autoDraw = False
6.1969 	EXP 	Device response: <KeyPress from None: t=6.193932800000766, value=z, duration=None>
6.1976 	EXP 	New trial (rep=0, index=6): <Trial 6 (6 in rep 0) data={'color': 'green', 'position': [0.3, 0], 'correct_key': 'm', 'congruency': 'congruent', 'thisN': 6, 'thisTrialN': 6, 'thisRepN': 0}>
6.2014 	DATA 	Keypress: z
6.2130 	INFO 	Keyboard events cleared
6.2128 	EXP 	fixation: autoDraw = False
6.2128 	EXP 	Stimulus: autoDraw = False
6.2128 	EXP 	Stimulus: fillColor = <psychopy.colors.Color: green, alpha=1.0>
6.2128 	EXP 	fixation: autoDraw = True
6.2128 	EXP 	Stimulus: autoDraw = True
6.4136 	EXP 	Device response: <KeyPress from None: t=6.193932800000766, value=z, duration=0.21575029999985418>
6.7130 	EXP 	fixation: autoDraw = False
6.9966 	EXP 	Device response: <KeyPress from None: t=6.984562200000255, value=m, duration=None>
6.9970 	EXP 	New trial (rep=0, index=7): <Trial 7 (7 in rep 0) data={'color': 'red', 'position': [-0.3, 0], 'correct_key': 'z', 'congruency': 'congruent', 'thisN': 7, 'thisTrialN': 7, 'thisRepN': 0}>
7.0012 	DATA 	Keypress: m
7.0126 	INFO 	Keyboard events cleared
7.0124 	EXP 	fixation: autoDraw = False
7.0124 	EXP 	Stimulus: autoDraw = False
7.0124 	EXP 	Stimulus: fillColor = <psychopy.colors.Color: red, alpha=1.0>
7.0124 	EXP 	fixation: autoDraw = True
7.0124 	EXP 	Stimulus: autoDraw = True
7.2964 	EXP 	Device response: <KeyPress from None: t=6.984562200000255, value=m, duration=0.30495090000022174>
7.5125 	EXP 	fixation: autoDraw = False
7.8796 	EXP 	Device response: <KeyPress from None: t=7.874963000000207, value=z, duration=None>
7.8801 	EXP 	New trial (rep=0, index=8): <Trial 8 (8 in rep 0) data={'color': 'red', 'position': [0.3, 0], 'correct_key': 'z', 'congruency': 'incongruent', 'thisN': 8, 'thisTrialN': 8, 'thisRepN': 0}>
7.8837 	DATA 	Keypress: z
7.8957 	INFO 	Keyboard events cleared
7.8955 	EXP 	fixation: autoDraw = False
7.8955 	EXP 	Stimulus: autoDraw = False
7.8955 	EXP 	Stimulus: fillColor = <psychopy.colors.Color: red, alpha=1.0>
7.8955 	EXP 	fixation: autoDraw = True
7.8955 	EXP 	Stimulus: autoDraw = True
8.1127 	EXP 	Device response: <KeyPress from None: t=7.874963000000207, value=z, duration=0.2315404999999373>
8.3957 	EXP 	fixation: autoDraw = False
8.8955 	EXP 	Stimulus: autoDraw = False
9.0789 	EXP 	Device response: <KeyPress from None: t=9.070294800000738, value=z, duration=None>
9.0792 	EXP 	New trial (rep=0, index=9): <Trial 9 (9 in rep 0) data={'color': 'red', 'position': [-0.3, 0], 'correct_key': 'z', 'congruency': 'congruent', 'thisN': 9, 'thisTrialN': 9, 'thisRepN': 0}>
9.0830 	DATA 	Keypress: z
9.0953 	INFO 	Keyboard events cleared
9.0951 	EXP 	fixation: autoDraw = False
9.0951 	EXP 	Stimulus: autoDraw = False
9.0951 	EXP 	Stimulus: fillColor = <psychopy.colors.Color: red, alpha=1.0>
9.0951 	EXP 	fixation: autoDraw = True
9.0951 	EXP 	Stimulus: autoDraw = True
9.3123 	EXP 	Device response: <KeyPress from None: t=9.070294800000738, value=z, duration=0.22627949999969132>
9.5952 	EXP 	fixation: autoDraw = False
10.0790 	EXP 	Device response: <KeyPress from None: t=10.070807699999932, value=z, duration=None>
10.0795 	EXP 	New trial (rep=1, index=0): <Trial 10 (0 in rep 1) data={'color': 'green', 'position': [0.3, 0], 'correct_key': 'm', 'congruency': 'congruent', 'thisN': 10, 'thisTrialN': 0, 'thisRepN': 1}>
10.0835 	DATA 	Keypress: z
10.0949 	INFO 	Keyboard events cleared
10.0947 	EXP 	Stimulus: autoDraw = False
10.0947 	EXP 	fixation: autoDraw = False
10.0947 	EXP 	Stimulus: autoDraw = False
10.0947 	EXP 	Stimulus: fillColor = <psychopy.colors.Color: green, alpha=1.0>
10.0947 	EXP 	fixation: autoDraw = True
10.0947 	EXP 	Stimulus: autoDraw = True
10.3288 	EXP 	Device response: <KeyPress from None: t=10.070807699999932, value=z, duration=0.2423876000002565>
10.5949 	EXP 	fixation: autoDraw = False
10.9121 	EXP 	Device response: <KeyPress from None: t=10.906108200000745, value=m, duration=None>
10.9126 	EXP 	New trial (rep=1, index=1): <Trial 11 (1 in rep 1) data={'color': 'red', 'position': [0.3, 0], 'correct_key': 'z', 'congruency': 'incongruent', 'thisN': 11, 'thisTrialN': 1, 'thisRepN': 1}>
10.9164 	DATA 	Keypress: m
10.9278 	INFO 	Keyboard events cleared
10.9277 	EXP 	fixation: autoDraw = False
10.9277 	EXP 	Stimulus: autoDraw = False
10.9277 	EXP 	Stimulus: fillColor = <psychopy.colors.Color: red, alpha=1.0>
10.9277 	EXP 	fixation: autoDraw = True
10.9277 	EXP 	Stimulus: autoDraw = True
11.2119 	EXP 	Device response: <KeyPress from None: t=10.906108200000745, value=m, duration=0.2916185999993104>
11.4277 	EXP 	fixation: autoDraw = False
11.7451 	EXP 	Device response: <KeyPress from None: t=11.743643000000702, value=z, duration=None>
11.7456 	EXP 	New trial (rep=1, index=2): <Trial 12 (2 in rep 1) data={'color': 'red', 'position': [-0.3, 0], 'correct_key': 'z', 'congruency': 'congruent', 'thisN': 12, 'thisTrialN': 2, 'thisRepN': 1}>
11.7490 	DATA 	Keypress: z
11.7610 	INFO 	Keyboard events cleared
11.7608 	EXP 	fixation: autoDraw = False
11.7608 	EXP 	Stimulus: autoDraw = False
11.7608 	EXP 	Stimulus: fillColor = <psychopy.colors.Color: red, alpha=1.0>
11.7608 	EXP 	fixation: autoDraw = True
11.7608 	EXP 	Stimulus: autoDraw = True
12.0116 	EXP 	Device response: <KeyPress from None: t=11.743643000000702, value=z, duration=0.26008229999933974>
12.2611 	EXP 	fixation: autoDraw = False
12.6445 	EXP 	Device response: <KeyPress from None: t=12.632405100000142, value=z, duration=None>
12.6449 	EXP 	New trial (rep=1, index=3): <Trial 13 (3 in rep 1) data={'color': 'green', 'position': [0.3, 0], 'correct_key': 'm', 'congruency': 'congruent', 'thisN': 13, 'thisTrialN': 3, 'thisRepN': 1}>
12.6493 	DATA 	Keypress: z
12.6608 	INFO 	Keyboard events cleared
12.6605 	EXP 	fixation: autoDraw = False
12.6605 	EXP 	Stimulus: autoDraw = False
12.6605 	EXP 	Stimulus: fillColor = <psychopy.colors.Color: green, alpha=1.0>
12.6605 	EXP 	fixation: autoDraw = True
12.6605 	EXP 	Stimulus: autoDraw = True
12.8945 	EXP 	Device response: <KeyPress from None: t=12.632405100000142, value=z, duration=0.2606821999997919>
13.1606 	EXP 	fixation: autoDraw = False
13.6112 	EXP 	Device response: <KeyPress from None: t=13.59589330000017, value=m, duration=None>
13.6117 	EXP 	New trial (rep=1, index=4): <Trial 14 (4 in rep 1) data={'color': 'red', 'position': [0.3, 0], 'correct_key': 'z', 'congruency': 'incongruent', 'thisN': 14, 'thisTrialN': 4, 'thisRepN': 1}>
13.6155 	DATA 	Keypress: m
13.6269 	INFO 	Keyboard events cleared
13.6267 	EXP 	fixation: autoDraw = False
13.6267 	EXP 	Stimulus: autoDraw = False
13.6267 	EXP 	Stimulus: fillColor = <psychopy.colors.Color: red, alpha=1.0>
13.6267 	EXP 	fixation: autoDraw = True
13.6267 	EXP 	Stimulus: autoDraw = True
13.8607 	EXP 	Device response: <KeyPress from None: t=13.59589330000017, value=m, duration=0.2541252999999415>
14.1269 	EXP 	fixation: autoDraw = False
14.6268 	EXP 	Stimulus: autoDraw = False
14.6607 	EXP 	Device response: <KeyPress from None: t=14.650009200000568, value=z, duration=None>
14.6612 	EXP 	New trial (rep=1, index=5): <Trial 15 (5 in rep 1) data={'color': 'green', 'position': [-0.3, 0], 'correct_key': 'm', 'congruency': 'incongruent', 'thisN': 15, 'thisTrialN': 5, 'thisRepN': 1}>
14.6649 	DATA 	Keypress: z
14.6765 	INFO 	Keyboard events cleared
14.6763 	EXP 	fixation: autoDraw = False
14.6763 	EXP 	Stimulus: autoDraw = False
14.6763 	EXP 	Stimulus: fillColor = <psychopy.colors.Color: green, alpha=1.0>
14.6763 	EXP 	fixation: autoDraw = True
14.6763 	EXP 	Stimulus: autoDraw = True
14.9269 	EXP 	Device response: <KeyPress from None: t=14.650009200000568, value=z, duration=0.26950070000020787>
15.1765 	EXP 	fixation: autoDraw = False
15.5766 	EXP 	Device response: <KeyPress from None: t=15.566023200000018, value=m, duration=None>
15.5771 	EXP 	New trial (rep=1, index=6): <Trial 16 (6 in rep 1) data={'color': 'green', 'position': [-0.3, 0], 'correct_key': 'm', 'congruency': 'incongruent', 'thisN': 16, 'thisTrialN': 6, 'thisRepN': 1}>
15.5817 	DATA 	Keypress: m
15.5930 	INFO 	Keyboard events cleared
15.5928 	EXP 	fixation: autoDraw = False
15.5928 	EXP 	Stimulus: autoDraw = False
15.5928 	EXP 	Stimulus: fillColor = <psychopy.colors.Color: green, alpha=1.0>
15.5928 	EXP 	fixation: autoDraw = True
15.5928 	EXP 	Stimulus: autoDraw = True
15.8270 	EXP 	Device response: <KeyPress from None: t=15.566023200000018, value=m, duration=0.260053599999992>
16.0928 	EXP 	fixation: autoDraw = False
16.3768 	EXP 	Device response: <KeyPress from None: t=16.366912600000433, value=m, duration=None>
16.3773 	EXP 	New trial (rep=1, index=7): <Trial 17 (7 in rep 1) data={'color': 'red', 'position': [0.3, 0], 'correct_key': 'z', 'congruency': 'incongruent', 'thisN': 17, 'thisTrialN': 7, 'thisRepN': 1}>
16.3808 	DATA 	Keypress: m
16.3927 	INFO 	Keyboard events cleared
16.3926 	EXP 	fixation: autoDraw = False
16.3926 	EXP 	Stimulus: autoDraw = False
16.3926 	EXP 	Stimulus: fillColor = <psychopy.colors.Color: red, alpha=1.0>
16.3926 	EXP 	fixation: autoDraw = True
16.3926 	EXP 	Stimulus: autoDraw = True
16.6101 	EXP 	Device response: <KeyPress from None: t=16.366912600000433, value=m, duration=0.2376019000002998>
16.8927 	EXP 	fixation: autoDraw = False
17.2445 	DATA 	Keypress: z
17.2596 	EXP 	Device response: <KeyPress from None: t=17.242837900000268, value=z, duration=None>
17.2600 	EXP 	New trial (rep=1, index=8): <Trial 18 (8 in rep 1) data={'color': 'red', 'position': [-0.3, 0], 'correct_key': 'z', 'congruency': 'congruent', 'thisN': 18, 'thisTrialN': 8, 'thisRepN': 1}>
17.2758 	INFO 	Keyboard events cleared
17.2756 	EXP 	fixation: autoDraw = False
17.2756 	EXP 	Stimulus: autoDraw = False
17.2756 	EXP 	Stimulus: fillColor = <psychopy.colors.Color: red, alpha=1.0>
17.2756 	EXP 	fixation: autoDraw = True
17.2756 	EXP 	Stimulus: autoDraw = True
17.4931 	EXP 	Device response: <KeyPress from None: t=17.242837900000268, value=z, duration=0.23896479999984876>
17.7759 	EXP 	fixation: autoDraw = False
18.2429 	EXP 	Device response: <KeyPress from None: t=18.234290200000032, value=z, duration=None>
18.2434 	EXP 	New trial (rep=1, index=9): <Trial 19 (9 in rep 1) data={'color': 'red', 'position': [-0.3, 0], 'correct_key': 'z', 'congruency': 'congruent', 'thisN': 19, 'thisTrialN': 9, 'thisRepN': 1}>
18.2472 	DATA 	Keypress: z
18.2588 	INFO 	Keyboard events cleared
18.2587 	EXP 	fixation: autoDraw = False
18.2587 	EXP 	Stimulus: autoDraw = False
18.2587 	EXP 	Stimulus: fillColor = <psychopy.colors.Color: red, alpha=1.0>
18.2587 	EXP 	fixation: autoDraw = True
18.2587 	EXP 	Stimulus: autoDraw = True
18.4925 	EXP 	Device response: <KeyPress from None: t=18.234290200000032, value=z, duration=0.24228100000073027>
18.7588 	EXP 	fixation: autoDraw = False
19.2426 	EXP 	Device response: <KeyPress from None: t=19.23703580000074, value=z, duration=None>
19.2430 	EXP 	New trial (rep=2, index=0): <Trial 20 (0 in rep 2) data={'color': 'red', 'position': [-0.3, 0], 'correct_key': 'z', 'congruency': 'congruent', 'thisN': 20, 'thisTrialN': 0, 'thisRepN': 2}>
19.2469 	DATA 	Keypress: z
19.2585 	INFO 	Keyboard events cleared
19.2583 	EXP 	Stimulus: autoDraw = False
19.2583 	EXP 	fixation: autoDraw = False
19.2583 	EXP 	Stimulus: autoDraw = False
19.2583 	EXP 	Stimulus: fillColor = <psychopy.colors.Color: red, alpha=1.0>
19.2583 	EXP 	fixation: autoDraw = True
19.2583 	EXP 	Stimulus: autoDraw = True
19.4922 	EXP 	Device response: <KeyPress from None: t=19.23703580000074, value=z, duration=0.2417187000000922>
19.7584 	EXP 	fixation: autoDraw = False
20.2583 	EXP 	Stimulus: autoDraw = False
20.5418 	EXP 	Device response: <KeyPress from None: t=20.541137600000184, value=z, duration=None>
20.5421 	EXP 	New trial (rep=2, index=1): <Trial 21 (1 in rep 2) data={'color': 'green', 'position': [0.3, 0], 'correct_key': 'm', 'congruency': 'congruent', 'thisN': 21, 'thisTrialN': 1, 'thisRepN': 2}>
20.5461 	DATA 	Keypress: z
20.5581 	INFO 	Keyboard events cleared
20.5579 	EXP 	fixation: autoDraw = False
20.5579 	EXP 	Stimulus: autoDraw = False
20.5579 	EXP 	Stimulus: fillColor = <psychopy.colors.Color: green, alpha=1.0>
20.5579 	EXP 	fixation: autoDraw = True
20.5579 	EXP 	Stimulus: autoDraw = True
20.7916 	EXP 	Device response: <KeyPress from None: t=20.541137600000184, value=z, duration=0.24933000000055472>
21.0578 	EXP 	fixation: autoDraw = False
21.4262 	DATA 	Keypress: m
21.4416 	EXP 	Device response: <KeyPress from None: t=21.425466800000322, value=m, duration=None>
21.4420 	EXP 	New trial (rep=2, index=2): <Trial 22 (2 in rep 2) data={'color': 'red', 'position': [-0.3, 0], 'correct_key': 'z', 'congruency': 'congruent', 'thisN': 22, 'thisTrialN': 2, 'thisRepN': 2}>
21.4581 	INFO 	Keyboard events cleared
21.4579 	EXP 	fixation: autoDraw = False
21.4579 	EXP 	Stimulus: autoDraw = False
21.4579 	EXP 	Stimulus: fillColor = <psychopy.colors.Color: red, alpha=1.0>
21.4579 	EXP 	fixation: autoDraw = True
21.4579 	EXP 	Stimulus: autoDraw = True
21.6916 	EXP 	Device response: <KeyPress from None: t=21.425466800000322, value=m, duration=0.2603497999998581>
21.9574 	EXP 	fixation: autoDraw = False
22.3759 	DATA 	Keypress: z
22.3913 	EXP 	Device response: <KeyPress from None: t=22.374839500000235, value=z, duration=None>
22.3917 	EXP 	New trial (rep=2, index=3): <Trial 23 (3 in rep 2) data={'color': 'green', 'position': [0.3, 0], 'correct_key': 'm', 'congruency': 'congruent', 'thisN': 23, 'thisTrialN': 3, 'thisRepN': 2}>
22.4077 	INFO 	Keyboard events cleared
22.4075 	EXP 	fixation: autoDraw = False
22.4075 	EXP 	Stimulus: autoDraw = False
22.4075 	EXP 	Stimulus: fillColor = <psychopy.colors.Color: green, alpha=1.0>
22.4075 	EXP 	fixation: autoDraw = True
22.4075 	EXP 	Stimulus: autoDraw = True
22.6412 	EXP 	Device response: <KeyPress from None: t=22.374839500000235, value=z, duration=0.2594662999999855>
22.9075 	EXP 	fixation: autoDraw = False
23.4070 	EXP 	Stimulus: autoDraw = False
23.4410 	EXP 	Device response: <KeyPress from None: t=23.433776300000318, value=m, duration=None>
23.4413 	EXP 	New trial (rep=2, index=4): <Trial 24 (4 in rep 2) data={'color': 'green', 'position': [-0.3, 0], 'correct_key': 'm', 'congruency': 'incongruent', 'thisN': 24, 'thisTrialN': 4, 'thisRepN': 2}>
23.4450 	DATA 	Keypress: m
23.4569 	INFO 	Keyboard events cleared
23.4568 	EXP 	fixation: autoDraw = False
23.4568 	EXP 	Stimulus: autoDraw = False
23.4568 	EXP 	Stimulus: fillColor = <psychopy.colors.Color: green, alpha=1.0>
23.4568 	EXP 	fixation: autoDraw = True
23.4568 	EXP 	Stimulus: autoDraw = True
23.6909 	EXP 	Device response: <KeyPress from None: t=23.433776300000318, value=m, duration=0.247471200000291>
23.9572 	EXP 	fixation: autoDraw = False
24.3906 	EXP 	Device response: <KeyPress from None: t=24.379507000000558, value=m, duration=None>
24.3911 	EXP 	New trial (rep=2, index=5): <Trial 25 (5 in rep 2) data={'color': 'red', 'position': [0.3, 0], 'correct_key': 'z', 'congruency': 'incongruent', 'thisN': 25, 'thisTrialN': 5, 'thisRepN': 2}>
24.3949 	DATA 	Keypress: m
24.4067 	INFO 	Keyboard events cleared
24.4065 	EXP 	fixation: autoDraw = False
24.4065 	EXP 	Stimulus: autoDraw = False
24.4065 	EXP 	Stimulus: fillColor = <psychopy.colors.Color: red, alpha=1.0>
24.4065 	EXP 	fixation: autoDraw = True
24.4065 	EXP 	Stimulus: autoDraw = True
24.6573 	EXP 	Device response: <KeyPress from None: t=24.379507000000558, value=m, duration=0.2767352999999275>
24.9067 	EXP 	fixation: autoDraw = False
25.2901 	EXP 	Device response: <KeyPress from None: t=25.280780400000367, value=z, duration=None>
25.2905 	EXP 	New trial (rep=2, index=6): <Trial 26 (6 in rep 2) data={'color': 'red', 'position': [0.3, 0], 'correct_key': 'z', 'congruency': 'incongruent', 'thisN': 26, 'thisTrialN': 6, 'thisRepN': 2}>
25.2941 	DATA 	Keypress: z
25.3063 	INFO 	Keyboard events cleared
25.3062 	EXP 	fixation: autoDraw = False
25.3062 	EXP 	Stimulus: autoDraw = False
25.3062 	EXP 	Stimulus: fillColor = <psychopy.colors.Color: red, alpha=1.0>
25.3062 	EXP 	fixation: autoDraw = True
25.3062 	EXP 	Stimulus: autoDraw = True
25.5402 	EXP 	Device response: <KeyPress from None: t=25.280780400000367, value=z, duration=0.2496154000000388>
25.8064 	EXP 	fixation: autoDraw = False
26.3059 	EXP 	Stimulus: autoDraw = False
26.3230 	EXP 	Device response: <KeyPress from None: t=26.318966800000453, value=z, duration=None>
26.3234 	EXP 	New trial (rep=2, index=7): <Trial 27 (7 in rep 2) data={'color': 'green', 'position': [-0.3, 0], 'correct_key': 'm', 'congruency': 'incongruent', 'thisN': 27, 'thisTrialN': 7, 'thisRepN': 2}>
26.3272 	DATA 	Keypress: z
26.3395 	INFO 	Keyboard events cleared
26.3393 	EXP 	fixation: autoDraw = False
26.3393 	EXP 	Stimulus: autoDraw = False
26.3393 	EXP 	Stimulus: fillColor = <psychopy.colors.Color: green, alpha=1.0>
26.3393 	EXP 	fixation: autoDraw = True
26.3393 	EXP 	Stimulus: autoDraw = True
26.5563 	EXP 	Device response: <KeyPress from None: t=26.318966800000453, value=z, duration=0.23188870000012685>
26.8393 	EXP 	fixation: autoDraw = False
27.1898 	EXP 	Device response: <KeyPress from None: t=27.18380370000068, value=m, duration=None>
27.1905 	EXP 	New trial (rep=2, index=8): <Trial 28 (8 in rep 2) data={'color': 'red', 'position': [0.3, 0], 'correct_key': 'z', 'congruency': 'incongruent', 'thisN': 28, 'thisTrialN': 8, 'thisRepN': 2}>
27.1947 	DATA 	Keypress: m
27.2058 	INFO 	Keyboard events cleared
27.2056 	EXP 	fixation: autoDraw = False
27.2056 	EXP 	Stimulus: autoDraw = False
27.2056 	EXP 	Stimulus: fillColor = <psychopy.colors.Color: red, alpha=1.0>
27.2056 	EXP 	fixation: autoDraw = True
27.2056 	EXP 	Stimulus: autoDraw = True
27.4726 	EXP 	Device response: <KeyPress from None: t=27.18380370000068, value=m, duration=0.2870681999993394>
27.7054 	EXP 	fixation: autoDraw = False
28.1057 	EXP 	Device response: <KeyPress from None: t=28.091049000000567, value=z, duration=None>
28.1061 	EXP 	New trial (rep=2, index=9): <Trial 29 (9 in rep 2) data={'color': 'red', 'position': [-0.3, 0], 'correct_key': 'z', 'congruency': 'congruent', 'thisN': 29, 'thisTrialN': 9, 'thisRepN': 2}>
28.1095 	DATA 	Keypress: z
28.1219 	INFO 	Keyboard events cleared
28.1217 	EXP 	fixation: autoDraw = False
28.1217 	EXP 	Stimulus: autoDraw = False
28.1217 	EXP 	Stimulus: fillColor = <psychopy.colors.Color: red, alpha=1.0>
28.1217 	EXP 	fixation: autoDraw = True
28.1217 	EXP 	Stimulus: autoDraw = True
28.3392 	EXP 	Device response: <KeyPress from None: t=28.091049000000567, value=z, duration=0.23700730000018666>
28.6220 	EXP 	fixation: autoDraw = False
29.1057 	EXP 	Device response: <KeyPress from None: t=29.091516100000263, value=z, duration=None>
29.1060 	EXP 	New trial (rep=3, index=0): <Trial 30 (0 in rep 3) data={'color': 'green', 'position': [-0.3, 0], 'correct_key': 'm', 'congruency': 'incongruent', 'thisN': 30, 'thisTrialN': 0, 'thisRepN': 3}>
29.1098 	DATA 	Keypress: z
29.1216 	INFO 	Keyboard events cleared
29.1215 	EXP 	Stimulus: autoDraw = False
29.1215 	EXP 	fixation: autoDraw = False
29.1215 	EXP 	Stimulus: autoDraw = False
29.1215 	EXP 	Stimulus: fillColor = <psychopy.colors.Color: green, alpha=1.0>
29.1215 	EXP 	fixation: autoDraw = True
29.1215 	EXP 	Stimulus: autoDraw = True
29.3223 	EXP 	Device response: <KeyPress from None: t=29.091516100000263, value=z, duration=0.2257011000001512>
29.6214 	EXP 	fixation: autoDraw = False
30.1210 	EXP 	Stimulus: autoDraw = False
30.1898 	DATA 	Keypress: m
30.2049 	EXP 	Device response: <KeyPress from None: t=30.189163000000008, value=m, duration=None>
30.2053 	EXP 	New trial (rep=3, index=1): <Trial 31 (1 in rep 3) data={'color': 'green', 'position': [0.3, 0], 'correct_key': 'm', 'congruency': 'congruent', 'thisN': 31, 'thisTrialN': 1, 'thisRepN': 3}>
30.2215 	INFO 	Keyboard events cleared
30.2213 	EXP 	fixation: autoDraw = False
30.2213 	EXP 	Stimulus: autoDraw = False
30.2213 	EXP 	Stimulus: fillColor = <psychopy.colors.Color: green, alpha=1.0>
30.2213 	EXP 	fixation: autoDraw = True
30.2213 	EXP 	Stimulus: autoDraw = True
30.4380 	EXP 	Device response: <KeyPress from None: t=30.189163000000008, value=m, duration=0.24297980000028474>
30.7210 	EXP 	fixation: autoDraw = False
31.1879 	EXP 	Device response: <KeyPress from None: t=31.179992100000163, value=m, duration=None>
31.1883 	EXP 	New trial (rep=3, index=2): <Trial 32 (2 in rep 3) data={'color': 'red', 'position': [0.3, 0], 'correct_key': 'z', 'congruency': 'incongruent', 'thisN': 32, 'thisTrialN': 2, 'thisRepN': 3}>
31.1922 	DATA 	Keypress: m
31.2045 	INFO 	Keyboard events cleared
31.2042 	EXP 	fixation: autoDraw = False
31.2042 	EXP 	Stimulus: autoDraw = False
31.2042 	EXP 	Stimulus: fillColor = <psychopy.colors.Color: red, alpha=1.0>
31.2042 	EXP 	fixation: autoDraw = True
31.2042 	EXP 	Stimulus: autoDraw = True
31.4383 	EXP 	Device response: <KeyPress from None: t=31.179992100000163, value=m, duration=0.25463399999989633>
31.7044 	EXP 	fixation: autoDraw = False
32.1380 	EXP 	Device response: <KeyPress from None: t=32.13672980000047, value=z, duration=None>
32.1385 	EXP 	New trial (rep=3, index=3): <Trial 33 (3 in rep 3) data={'color': 'red', 'position': [-0.3, 0], 'correct_key': 'z', 'congruency': 'congruent', 'thisN': 33, 'thisTrialN': 3, 'thisRepN': 3}>
32.1429 	DATA 	Keypress: z
32.1542 	INFO 	Keyboard events cleared
32.1540 	EXP 	fixation: autoDraw = False
32.1540 	EXP 	Stimulus: autoDraw = False
32.1540 	EXP 	Stimulus: fillColor = <psychopy.colors.Color: red, alpha=1.0>
32.1540 	EXP 	fixation: autoDraw = True
32.1540 	EXP 	Stimulus: autoDraw = True
32.3711 	EXP 	Device response: <KeyPress from None: t=32.13672980000047, value=z, duration=0.23309710000012274>
32.6539 	EXP 	fixation: autoDraw = False
33.0709 	EXP 	Device response: <KeyPress from None: t=33.05612740000015, value=z, duration=None>
33.0714 	EXP 	New trial (rep=3, index=4): <Trial 34 (4 in rep 3) data={'color': 'red', 'position': [0.3, 0], 'correct_key': 'z', 'congruency': 'incongruent', 'thisN': 34, 'thisTrialN': 4, 'thisRepN': 3}>
33.0754 	DATA 	Keypress: z
33.0871 	INFO 	Keyboard events cleared
33.0870 	EXP 	fixation: autoDraw = False
33.0870 	EXP 	Stimulus: autoDraw = False
33.0870 	EXP 	Stimulus: fillColor = <psychopy.colors.Color: red, alpha=1.0>
33.0870 	EXP 	fixation: autoDraw = True
33.0870 	EXP 	Stimulus: autoDraw = True
33.3205 	EXP 	Device response: <KeyPress from None: t=33.05612740000015, value=z, duration=0.2491648000004716>
33.5869 	EXP 	fixation: autoDraw = False
34.0865 	EXP 	Stimulus: autoDraw = False
34.1203 	EXP 	Device response: <KeyPress from None: t=34.108605700000226, value=z, duration=None>
34.1207 	EXP 	New trial (rep=3, index=5): <Trial 35 (5 in rep 3) data={'color': 'red', 'position': [0.3, 0], 'correct_key': 'z', 'congruency': 'incongruent', 'thisN': 35, 'thisTrialN': 5, 'thisRepN': 3}>
34.1245 	DATA 	Keypress: z
34.1367 	INFO 	Keyboard events cleared
34.1365 	EXP 	fixation: autoDraw = False
34.1365 	EXP 	Stimulus: autoDraw = False
34.1365 	EXP 	Stimulus: fillColor = <psychopy.colors.Color: red, alpha=1.0>
34.1365 	EXP 	fixation: autoDraw = True
34.1365 	EXP 	Stimulus: autoDraw = True
34.3372 	EXP 	Device response: <KeyPress from None: t=34.108605700000226, value=z, duration=0.22779890000037994>
34.6365 	EXP 	fixation: autoDraw = False
35.1201 	EXP 	Device response: <KeyPress from None: t=35.10540260000016, value=z, duration=None>
35.1206 	EXP 	New trial (rep=3, index=6): <Trial 36 (6 in rep 3) data={'color': 'red', 'position': [-0.3, 0], 'correct_key': 'z', 'congruency': 'congruent', 'thisN': 36, 'thisTrialN': 6, 'thisRepN': 3}>
35.1242 	DATA 	Keypress: z
35.1364 	INFO 	Keyboard events cleared
35.1362 	EXP 	Stimulus: autoDraw = False
35.1362 	EXP 	fixation: autoDraw = False
35.1362 	EXP 	Stimulus: autoDraw = False
35.1362 	EXP 	Stimulus: fillColor = <psychopy.colors.Color: red, alpha=1.0>
35.1362 	EXP 	fixation: autoDraw = True
35.1362 	EXP 	Stimulus: autoDraw = True
35.3536 	EXP 	Device response: <KeyPress from None: t=35.10540260000016, value=z, duration=0.2332075000003897>
35.6360 	EXP 	fixation: autoDraw = False
36.1361 	EXP 	Stimulus: autoDraw = False
36.2866 	EXP 	Device response: <KeyPress from None: t=36.285313500000484, value=z, duration=None>
36.2870 	EXP 	New trial (rep=3, index=7): <Trial 37 (7 in rep 3) data={'color': 'green', 'position': [0.3, 0], 'correct_key': 'm', 'congruency': 'congruent', 'thisN': 37, 'thisTrialN': 7, 'thisRepN': 3}>
36.2906 	DATA 	Keypress: z
36.3026 	INFO 	Keyboard events cleared
36.3024 	EXP 	fixation: autoDraw = False
36.3024 	EXP 	Stimulus: autoDraw = False
36.3024 	EXP 	Stimulus: fillColor = <psychopy.colors.Color: green, alpha=1.0>
36.3024 	EXP 	fixation: autoDraw = True
36.3024 	EXP 	Stimulus: autoDraw = True
36.5366 	EXP 	Device response: <KeyPress from None: t=36.285313500000484, value=z, duration=0.23936640000010811>
36.8023 	EXP 	fixation: autoDraw = False
37.1376 	EXP 	Device response: <KeyPress from None: t=37.136228700000174, value=m, duration=None>
37.1380 	EXP 	New trial (rep=3, index=8): <Trial 38 (8 in rep 3) data={'color': 'green', 'position': [-0.3, 0], 'correct_key': 'm', 'congruency': 'incongruent', 'thisN': 38, 'thisTrialN': 8, 'thisRepN': 3}>
37.1413 	DATA 	Keypress: m
37.1524 	INFO 	Keyboard events cleared
37.1522 	EXP 	fixation: autoDraw = False
37.1522 	EXP 	Stimulus: autoDraw = False
37.1522 	EXP 	Stimulus: fillColor = <psychopy.colors.Color: green, alpha=1.0>
37.1522 	EXP 	fixation: autoDraw = True
37.1522 	EXP 	Stimulus: autoDraw = True
37.4195 	EXP 	Device response: <KeyPress from None: t=37.136228700000174, value=m, duration=0.26773320000029344>
37.6524 	EXP 	fixation: autoDraw = False
38.0523 	EXP 	Device response: <KeyPress from None: t=38.037552400000095, value=m, duration=None>
38.0525 	EXP 	New trial (rep=3, index=9): <Trial 39 (9 in rep 3) data={'color': 'red', 'position': [-0.3, 0], 'correct_key': 'z', 'congruency': 'congruent', 'thisN': 39, 'thisTrialN': 9, 'thisRepN': 3}>
38.0557 	DATA 	Keypress: m
38.0686 	INFO 	Keyboard events cleared
38.0685 	EXP 	fixation: autoDraw = False
38.0685 	EXP 	Stimulus: autoDraw = False
38.0685 	EXP 	Stimulus: fillColor = <psychopy.colors.Color: red, alpha=1.0>
38.0685 	EXP 	fixation: autoDraw = True
38.0685 	EXP 	Stimulus: autoDraw = True
38.3027 	EXP 	Device response: <KeyPress from None: t=38.037552400000095, value=m, duration=0.26044869999986986>
38.5687 	EXP 	fixation: autoDraw = False
39.0682 	EXP 	Stimulus: autoDraw = False
39.3523 	EXP 	Device response: <KeyPress from None: t=39.34064600000056, value=z, duration=None>
39.3526 	EXP 	New trial (rep=4, index=0): <Trial 40 (0 in rep 4) data={'color': 'red', 'position': [0.3, 0], 'correct_key': 'z', 'congruency': 'incongruent', 'thisN': 40, 'thisTrialN': 0, 'thisRepN': 4}>
39.3560 	DATA 	Keypress: z
39.3682 	INFO 	Keyboard events cleared
39.3681 	EXP 	fixation: autoDraw = False
39.3681 	EXP 	Stimulus: autoDraw = False
39.3681 	EXP 	Stimulus: fillColor = <psychopy.colors.Color: red, alpha=1.0>
39.3681 	EXP 	fixation: autoDraw = True
39.3681 	EXP 	Stimulus: autoDraw = True
39.5856 	EXP 	Device response: <KeyPress from None: t=39.34064600000056, value=z, duration=0.23142989999996644>
39.8683 	EXP 	fixation: autoDraw = False
40.3678 	EXP 	Stimulus: autoDraw = False
40.5682 	EXP 	Device response: <KeyPress from None: t=40.56591800000024, value=z, duration=None>
40.5685 	EXP 	New trial (rep=4, index=1): <Trial 41 (1 in rep 4) data={'color': 'green', 'position': [0.3, 0], 'correct_key': 'm', 'congruency': 'congruent', 'thisN': 41, 'thisTrialN': 1, 'thisRepN': 4}>
40.5721 	DATA 	Keypress: z
40.5844 	INFO 	Keyboard events cleared
40.5843 	EXP 	fixation: autoDraw = False
40.5843 	EXP 	Stimulus: autoDraw = False
40.5843 	EXP 	Stimulus: fillColor = <psychopy.colors.Color: green, alpha=1.0>
40.5843 	EXP 	fixation: autoDraw = True
40.5843 	EXP 	Stimulus: autoDraw = True
40.8181 	EXP 	Device response: <KeyPress from None: t=40.56591800000024, value=z, duration=0.2427269999998316>
41.0847 	EXP 	fixation: autoDraw = False
41.5843 	EXP 	Stimulus: autoDraw = False
41.5849 	EXP 	Device response: <KeyPress from None: t=41.57912750000014, value=m, duration=None>
41.5854 	EXP 	New trial (rep=4, index=2): <Trial 42 (2 in rep 4) data={'color': 'green', 'position': [0.3, 0], 'correct_key': 'm', 'congruency': 'congruent', 'thisN': 42, 'thisTrialN': 2, 'thisRepN': 4}>
41.5892 	DATA 	Keypress: m
41.6008 	INFO 	Keyboard events cleared
41.6007 	EXP 	fixation: autoDraw = False
41.6007 	EXP 	Stimulus: autoDraw = False
41.6007 	EXP 	Stimulus: fillColor = <psychopy.colors.Color: green, alpha=1.0>
41.6007 	EXP 	fixation: autoDraw = True
41.6007 	EXP 	Stimulus: autoDraw = True
41.8514 	EXP 	Device response: <KeyPress from None: t=41.57912750000014, value=m, duration=0.2646269000006214>
42.1009 	EXP 	fixation: autoDraw = False
42.6007 	EXP 	Stimulus: autoDraw = False
43.5341 	EXP 	Device response: <KeyPress from None: t=43.521485700000085, value=m, duration=None>
43.5345 	EXP 	New trial (rep=4, index=3): <Trial 43 (3 in rep 4) data={'color': 'green', 'position': [-0.3, 0], 'correct_key': 'm', 'congruency': 'incongruent', 'thisN': 43, 'thisTrialN': 3, 'thisRepN': 4}>
43.5385 	DATA 	Keypress: m
43.5503 	INFO 	Keyboard events cleared
43.5500 	EXP 	fixation: autoDraw = False
43.5500 	EXP 	Stimulus: autoDraw = False
43.5500 	EXP 	Stimulus: fillColor = <psychopy.colors.Color: green, alpha=1.0>
43.5500 	EXP 	fixation: autoDraw = True
43.5500 	EXP 	Stimulus: autoDraw = True
43.8173 	EXP 	Device response: <KeyPress from None: t=43.521485700000085, value=m, duration=0.2869659000007232>
44.0502 	EXP 	fixation: autoDraw = False
44.5004 	EXP 	Device response: <KeyPress from None: t=44.48543620000055, value=m, duration=None>
44.5007 	EXP 	New trial (rep=4, index=4): <Trial 44 (4 in rep 4) data={'color': 'green', 'position': [-0.3, 0], 'correct_key': 'm', 'congruency': 'incongruent', 'thisN': 44, 'thisTrialN': 4, 'thisRepN': 4}>
44.5044 	DATA 	Keypress: m
44.5165 	INFO 	Keyboard events cleared
44.5163 	EXP 	fixation: autoDraw = False
44.5163 	EXP 	Stimulus: autoDraw = False
44.5163 	EXP 	Stimulus: fillColor = <psychopy.colors.Color: green, alpha=1.0>
44.5163 	EXP 	fixation: autoDraw = True
44.5163 	EXP 	Stimulus: autoDraw = True
44.7503 	EXP 	Device response: <KeyPress from None: t=44.48543620000055, value=m, duration=0.26393929999994725>
45.0165 	EXP 	fixation: autoDraw = False
45.5163 	EXP 	Stimulus: autoDraw = False
45.6837 	EXP 	Device response: <KeyPress from None: t=45.6726864000002, value=m, duration=None>
45.6841 	EXP 	New trial (rep=4, index=5): <Trial 45 (5 in rep 4) data={'color': 'red', 'position': [-0.3, 0], 'correct_key': 'z', 'congruency': 'congruent', 'thisN': 45, 'thisTrialN': 5, 'thisRepN': 4}>
45.6875 	DATA 	Keypress: m
45.6995 	INFO 	Keyboard events cleared
45.6993 	EXP 	fixation: autoDraw = False
45.6993 	EXP 	Stimulus: autoDraw = False
45.6993 	EXP 	Stimulus: fillColor = <psychopy.colors.Color: red, alpha=1.0>
45.6993 	EXP 	fixation: autoDraw = True
45.6993 	EXP 	Stimulus: autoDraw = True
45.9498 	EXP 	Device response: <KeyPress from None: t=45.6726864000002, value=m, duration=0.26933069999995496>
46.1995 	EXP 	fixation: autoDraw = False
46.6333 	EXP 	Device response: <KeyPress from None: t=46.6284282000006, value=z, duration=None>
46.6338 	EXP 	New trial (rep=4, index=6): <Trial 46 (6 in rep 4) data={'color': 'red', 'position': [-0.3, 0], 'correct_key': 'z', 'congruency': 'congruent', 'thisN': 46, 'thisTrialN': 6, 'thisRepN': 4}>
46.6375 	DATA 	Keypress: z
46.6490 	INFO 	Keyboard events cleared
46.6489 	EXP 	fixation: autoDraw = False
46.6489 	EXP 	Stimulus: autoDraw = False
46.6489 	EXP 	Stimulus: fillColor = <psychopy.colors.Color: red, alpha=1.0>
46.6489 	EXP 	fixation: autoDraw = True
46.6489 	EXP 	Stimulus: autoDraw = True
46.8831 	EXP 	Device response: <KeyPress from None: t=46.6284282000006, value=z, duration=0.24310460000015155>
47.1487 	EXP 	fixation: autoDraw = False
47.6490 	EXP 	Stimulus: autoDraw = False
48.4992 	EXP 	Device response: <KeyPress from None: t=48.49530070000037, value=z, duration=None>
48.4995 	EXP 	New trial (rep=4, index=7): <Trial 47 (7 in rep 4) data={'color': 'red', 'position': [-0.3, 0], 'correct_key': 'z', 'congruency': 'congruent', 'thisN': 47, 'thisTrialN': 7, 'thisRepN': 4}>
48.5030 	DATA 	Keypress: z
48.5151 	INFO 	Keyboard events cleared
48.5149 	EXP 	fixation: autoDraw = False
48.5149 	EXP 	Stimulus: autoDraw = False
48.5149 	EXP 	Stimulus: fillColor = <psychopy.colors.Color: red, alpha=1.0>
48.5149 	EXP 	fixation: autoDraw = True
48.5149 	EXP 	Stimulus: autoDraw = True
48.7490 	EXP 	Device response: <KeyPress from None: t=48.49530070000037, value=z, duration=0.24448649999976624>
49.0151 	EXP 	fixation: autoDraw = False
49.4655 	EXP 	Device response: <KeyPress from None: t=49.46425739999995, value=z, duration=None>
49.4658 	EXP 	New trial (rep=4, index=8): <Trial 48 (8 in rep 4) data={'color': 'red', 'position': [0.3, 0], 'correct_key': 'z', 'congruency': 'incongruent', 'thisN': 48, 'thisTrialN': 8, 'thisRepN': 4}>
49.4691 	DATA 	Keypress: z
49.4814 	INFO 	Keyboard events cleared
49.4813 	EXP 	fixation: autoDraw = False
49.4813 	EXP 	Stimulus: autoDraw = False
49.4813 	EXP 	Stimulus: fillColor = <psychopy.colors.Color: red, alpha=1.0>
49.4813 	EXP 	fixation: autoDraw = True
49.4813 	EXP 	Stimulus: autoDraw = True
49.6988 	EXP 	Device response: <KeyPress from None: t=49.46425739999995, value=z, duration=0.2197944000008647>
49.9816 	EXP 	fixation: autoDraw = False
50.3819 	EXP 	Device response: <KeyPress from None: t=50.36765860000014, value=z, duration=None>
50.3823 	EXP 	New trial (rep=4, index=9): <Trial 49 (9 in rep 4) data={'color': 'red', 'position': [0.3, 0], 'correct_key': 'z', 'congruency': 'incongruent', 'thisN': 49, 'thisTrialN': 9, 'thisRepN': 4}>
50.3860 	DATA 	Keypress: z
50.3979 	INFO 	Keyboard events cleared
50.3978 	EXP 	fixation: autoDraw = False
50.3978 	EXP 	Stimulus: autoDraw = False
50.3978 	EXP 	Stimulus: fillColor = <psychopy.colors.Color: red, alpha=1.0>
50.3978 	EXP 	fixation: autoDraw = True
50.3978 	EXP 	Stimulus: autoDraw = True
50.6150 	EXP 	Device response: <KeyPress from None: t=50.36765860000014, value=z, duration=0.23221000000012282>
50.8980 	EXP 	fixation: autoDraw = False
51.3977 	EXP 	Stimulus: autoDraw = False
51.5980 	EXP 	Device response: <KeyPress from None: t=51.58997850000014, value=z, duration=None>
51.5986 	EXP 	New trial (rep=5, index=0): <Trial 50 (0 in rep 5) data={'color': 'red', 'position': [0.3, 0], 'correct_key': 'z', 'congruency': 'incongruent', 'thisN': 50, 'thisTrialN': 0, 'thisRepN': 5}>
51.6041 	DATA 	Keypress: z
51.6141 	INFO 	Keyboard events cleared
51.6139 	EXP 	fixation: autoDraw = False
51.6139 	EXP 	Stimulus: autoDraw = False
51.6139 	EXP 	Stimulus: fillColor = <psychopy.colors.Color: red, alpha=1.0>
51.6139 	EXP 	fixation: autoDraw = True
51.6139 	EXP 	Stimulus: autoDraw = True
51.8480 	EXP 	Device response: <KeyPress from None: t=51.58997850000014, value=z, duration=0.24860160000025644>
52.1140 	EXP 	fixation: autoDraw = False
52.5484 	EXP 	Device response: <KeyPress from None: t=52.54585490000045, value=z, duration=None>
52.5490 	EXP 	New trial (rep=5, index=1): <Trial 51 (1 in rep 5) data={'color': 'red', 'position': [-0.3, 0], 'correct_key': 'z', 'congruency': 'congruent', 'thisN': 51, 'thisTrialN': 1, 'thisRepN': 5}>
52.5530 	DATA 	Keypress: z
52.5638 	INFO 	Keyboard events cleared
52.5636 	EXP 	fixation: autoDraw = False
52.5636 	EXP 	Stimulus: autoDraw = False
52.5636 	EXP 	Stimulus: fillColor = <psychopy.colors.Color: red, alpha=1.0>
52.5636 	EXP 	fixation: autoDraw = True
52.5636 	EXP 	Stimulus: autoDraw = True
52.8140 	EXP 	Device response: <KeyPress from None: t=52.54585490000045, value=z, duration=0.2603399999998146>
53.0637 	EXP 	fixation: autoDraw = False
53.4642 	EXP 	Device response: <KeyPress from None: t=53.450393400000394, value=z, duration=None>
53.4647 	EXP 	New trial (rep=5, index=2): <Trial 52 (2 in rep 5) data={'color': 'red', 'position': [-0.3, 0], 'correct_key': 'z', 'congruency': 'congruent', 'thisN': 52, 'thisTrialN': 2, 'thisRepN': 5}>
53.4684 	DATA 	Keypress: z
53.4801 	INFO 	Keyboard events cleared
53.4800 	EXP 	fixation: autoDraw = False
53.4800 	EXP 	Stimulus: autoDraw = False
53.4800 	EXP 	Stimulus: fillColor = <psychopy.colors.Color: red, alpha=1.0>
53.4800 	EXP 	fixation: autoDraw = True
53.4800 	EXP 	Stimulus: autoDraw = True
53.7307 	EXP 	Device response: <KeyPress from None: t=53.450393400000394, value=z, duration=0.27642809999997553>
53.9799 	EXP 	fixation: autoDraw = False
54.4797 	EXP 	Stimulus: autoDraw = False
54.6133 	EXP 	Device response: <KeyPress from None: t=54.60115230000065, value=z, duration=None>
54.6136 	EXP 	New trial (rep=5, index=3): <Trial 53 (3 in rep 5) data={'color': 'green', 'position': [0.3, 0], 'correct_key': 'm', 'congruency': 'congruent', 'thisN': 53, 'thisTrialN': 3, 'thisRepN': 5}>
54.6171 	DATA 	Keypress: z
54.6298 	INFO 	Keyboard events cleared
54.6296 	EXP 	fixation: autoDraw = False
54.6296 	EXP 	Stimulus: autoDraw = False
54.6296 	EXP 	Stimulus: fillColor = <psychopy.colors.Color: green, alpha=1.0>
54.6296 	EXP 	fixation: autoDraw = True
54.6296 	EXP 	Stimulus: autoDraw = True
54.8133 	EXP 	Device response: <KeyPress from None: t=54.60115230000065, value=z, duration=0.20979519999946206>
55.1295 	EXP 	fixation: autoDraw = False
55.4633 	EXP 	Device response: <KeyPress from None: t=55.45452100000057, value=m, duration=None>
55.4637 	EXP 	New trial (rep=5, index=4): <Trial 54 (4 in rep 5) data={'color': 'green', 'position': [-0.3, 0], 'correct_key': 'm', 'congruency': 'incongruent', 'thisN': 54, 'thisTrialN': 4, 'thisRepN': 5}>
55.4669 	DATA 	Keypress: m
55.4796 	INFO 	Keyboard events cleared
55.4794 	EXP 	fixation: autoDraw = False
55.4794 	EXP 	Stimulus: autoDraw = False
55.4794 	EXP 	Stimulus: fillColor = <psychopy.colors.Color: green, alpha=1.0>
55.4794 	EXP 	fixation: autoDraw = True
55.4794 	EXP 	Stimulus: autoDraw = True
55.7301 	EXP 	Device response: <KeyPress from None: t=55.45452100000057, value=m, duration=0.26734769999984564>
55.9793 	EXP 	fixation: autoDraw = False
56.3800 	EXP 	Device response: <KeyPress from None: t=56.37187610000001, value=m, duration=None>
56.3804 	EXP 	New trial (rep=5, index=5): <Trial 55 (5 in rep 5) data={'color': 'red', 'position': [-0.3, 0], 'correct_key': 'z', 'congruency': 'congruent', 'thisN': 55, 'thisTrialN': 5, 'thisRepN': 5}>
56.3838 	DATA 	Keypress: m
56.3959 	INFO 	Keyboard events cleared
56.3957 	EXP 	fixation: autoDraw = False
56.3957 	EXP 	Stimulus: autoDraw = False
56.3957 	EXP 	Stimulus: fillColor = <psychopy.colors.Color: red, alpha=1.0>
56.3957 	EXP 	fixation: autoDraw = True
56.3957 	EXP 	Stimulus: autoDraw = True
56.6131 	EXP 	Device response: <KeyPress from None: t=56.37187610000001, value=m, duration=0.23616690000017115>
56.8958 	EXP 	fixation: autoDraw = False
57.3953 	EXP 	Stimulus: autoDraw = False
57.7126 	EXP 	Device response: <KeyPress from None: t=57.698286499999995, value=z, duration=None>
57.7130 	EXP 	New trial (rep=5, index=6): <Trial 56 (6 in rep 5) data={'color': 'green', 'position': [-0.3, 0], 'correct_key': 'm', 'congruency': 'incongruent', 'thisN': 56, 'thisTrialN': 6, 'thisRepN': 5}>
57.7167 	DATA 	Keypress: z
57.7287 	INFO 	Keyboard events cleared
57.7285 	EXP 	fixation: autoDraw = False
57.7285 	EXP 	Stimulus: autoDraw = False
57.7285 	EXP 	Stimulus: fillColor = <psychopy.colors.Color: green, alpha=1.0>
57.7285 	EXP 	fixation: autoDraw = True
57.7285 	EXP 	Stimulus: autoDraw = True
57.9292 	EXP 	Device response: <KeyPress from None: t=57.698286499999995, value=z, duration=0.2273019000003842>
58.2287 	EXP 	fixation: autoDraw = False
58.5119 	EXP 	Device response: <KeyPress from None: t=58.50920970000061, value=m, duration=None>
58.5121 	EXP 	New trial (rep=5, index=7): <Trial 57 (7 in rep 5) data={'color': 'green', 'position': [0.3, 0], 'correct_key': 'm', 'congruency': 'congruent', 'thisN': 57, 'thisTrialN': 7, 'thisRepN': 5}>
58.5139 	DATA 	Keypress: m
58.5284 	INFO 	Keyboard events cleared
58.5283 	EXP 	fixation: autoDraw = False
58.5283 	EXP 	Stimulus: autoDraw = False
58.5283 	EXP 	Stimulus: fillColor = <psychopy.colors.Color: green, alpha=1.0>
58.5283 	EXP 	fixation: autoDraw = True
58.5283 	EXP 	Stimulus: autoDraw = True
58.7789 	EXP 	Device response: <KeyPress from None: t=58.50920970000061, value=m, duration=0.26137740000012855>
59.0282 	EXP 	fixation: autoDraw = False
59.5122 	EXP 	Device response: <KeyPress from None: t=59.50363390000075, value=m, duration=None>
59.5127 	EXP 	New trial (rep=5, index=8): <Trial 58 (8 in rep 5) data={'color': 'red', 'position': [0.3, 0], 'correct_key': 'z', 'congruency': 'incongruent', 'thisN': 58, 'thisTrialN': 8, 'thisRepN': 5}>
59.5166 	DATA 	Keypress: m
59.5283 	INFO 	Keyboard events cleared
59.5281 	EXP 	Stimulus: autoDraw = False
59.5281 	EXP 	fixation: autoDraw = False
59.5281 	EXP 	Stimulus: autoDraw = False
59.5281 	EXP 	Stimulus: fillColor = <psychopy.colors.Color: red, alpha=1.0>
59.5281 	EXP 	fixation: autoDraw = True
59.5281 	EXP 	Stimulus: autoDraw = True
59.7620 	EXP 	Device response: <KeyPress from None: t=59.50363390000075, value=m, duration=0.24251249999997526>
60.0280 	EXP 	fixation: autoDraw = False
60.3617 	EXP 	Device response: <KeyPress from None: t=60.34748110000055, value=z, duration=None>
60.3621 	EXP 	New trial (rep=5, index=9): <Trial 59 (9 in rep 5) data={'color': 'red', 'position': [0.3, 0], 'correct_key': 'z', 'congruency': 'incongruent', 'thisN': 59, 'thisTrialN': 9, 'thisRepN': 5}>
60.3663 	DATA 	Keypress: z
60.3779 	INFO 	Keyboard events cleared
60.3777 	EXP 	fixation: autoDraw = False
60.3777 	EXP 	Stimulus: autoDraw = False
60.3777 	EXP 	Stimulus: fillColor = <psychopy.colors.Color: red, alpha=1.0>
60.3777 	EXP 	fixation: autoDraw = True
60.3777 	EXP 	Stimulus: autoDraw = True
60.5785 	EXP 	Device response: <KeyPress from None: t=60.34748110000055, value=z, duration=0.22685569999975996>
60.8777 	EXP 	fixation: autoDraw = False
61.3115 	EXP 	Device response: <KeyPress from None: t=61.31029160000071, value=z, duration=None>
61.3119 	EXP 	New trial (rep=6, index=0): <Trial 60 (0 in rep 6) data={'color': 'green', 'position': [-0.3, 0], 'correct_key': 'm', 'congruency': 'incongruent', 'thisN': 60, 'thisTrialN': 0, 'thisRepN': 6}>
61.3157 	DATA 	Keypress: z
61.3276 	INFO 	Keyboard events cleared
61.3274 	EXP 	fixation: autoDraw = False
61.3274 	EXP 	Stimulus: autoDraw = False
61.3274 	EXP 	Stimulus: fillColor = <psychopy.colors.Color: green, alpha=1.0>
61.3274 	EXP 	fixation: autoDraw = True
61.3274 	EXP 	Stimulus: autoDraw = True
61.5281 	EXP 	Device response: <KeyPress from None: t=61.31029160000071, value=z, duration=0.2097446999996464>
61.8273 	EXP 	fixation: autoDraw = False
62.2278 	EXP 	Device response: <KeyPress from None: t=62.224853200000325, value=m, duration=None>
62.2282 	EXP 	New trial (rep=6, index=1): <Trial 61 (1 in rep 6) data={'color': 'green', 'position': [0.3, 0], 'correct_key': 'm', 'congruency': 'congruent', 'thisN': 61, 'thisTrialN': 1, 'thisRepN': 6}>
62.2317 	DATA 	Keypress: m
62.2439 	INFO 	Keyboard events cleared
62.2437 	EXP 	fixation: autoDraw = False
62.2437 	EXP 	Stimulus: autoDraw = False
62.2437 	EXP 	Stimulus: fillColor = <psychopy.colors.Color: green, alpha=1.0>
62.2437 	EXP 	fixation: autoDraw = True
62.2437 	EXP 	Stimulus: autoDraw = True
62.4778 	EXP 	Device response: <KeyPress from None: t=62.224853200000325, value=m, duration=0.2446337000001222>
62.7439 	EXP 	fixation: autoDraw = False
63.1608 	EXP 	Device response: <KeyPress from None: t=63.145485400000325, value=m, duration=None>
63.1613 	EXP 	New trial (rep=6, index=2): <Trial 62 (2 in rep 6) data={'color': 'red', 'position': [-0.3, 0], 'correct_key': 'z', 'congruency': 'congruent', 'thisN': 62, 'thisTrialN': 2, 'thisRepN': 6}>
63.1646 	DATA 	Keypress: m
63.1768 	INFO 	Keyboard events cleared
63.1767 	EXP 	fixation: autoDraw = False
63.1767 	EXP 	Stimulus: autoDraw = False
63.1767 	EXP 	Stimulus: fillColor = <psychopy.colors.Color: red, alpha=1.0>
63.1767 	EXP 	fixation: autoDraw = True
63.1767 	EXP 	Stimulus: autoDraw = True
63.3943 	EXP 	Device response: <KeyPress from None: t=63.145485400000325, value=m, duration=0.2332883999997648>
63.6768 	EXP 	fixation: autoDraw = False
64.0770 	EXP 	Device response: <KeyPress from None: t=64.07423990000007, value=z, duration=None>
64.0776 	EXP 	New trial (rep=6, index=3): <Trial 63 (3 in rep 6) data={'color': 'red', 'position': [-0.3, 0], 'correct_key': 'z', 'congruency': 'congruent', 'thisN': 63, 'thisTrialN': 3, 'thisRepN': 6}>
64.0813 	DATA 	Keypress: z
64.0933 	INFO 	Keyboard events cleared
64.0931 	EXP 	fixation: autoDraw = False
64.0931 	EXP 	Stimulus: autoDraw = False
64.0931 	EXP 	Stimulus: fillColor = <psychopy.colors.Color: red, alpha=1.0>
64.0931 	EXP 	fixation: autoDraw = True
64.0931 	EXP 	Stimulus: autoDraw = True
64.3100 	EXP 	Device response: <KeyPress from None: t=64.07423990000007, value=z, duration=0.2340371000000232>
64.5931 	EXP 	fixation: autoDraw = False
65.0931 	EXP 	Stimulus: autoDraw = False
65.1269 	EXP 	Device response: <KeyPress from None: t=65.11166530000082, value=z, duration=None>
65.1274 	EXP 	New trial (rep=6, index=4): <Trial 64 (4 in rep 6) data={'color': 'red', 'position': [-0.3, 0], 'correct_key': 'z', 'congruency': 'congruent', 'thisN': 64, 'thisTrialN': 4, 'thisRepN': 6}>
65.1311 	DATA 	Keypress: z
65.1429 	INFO 	Keyboard events cleared
65.1427 	EXP 	fixation: autoDraw = False
65.1427 	EXP 	Stimulus: autoDraw = False
65.1427 	EXP 	Stimulus: fillColor = <psychopy.colors.Color: red, alpha=1.0>
65.1427 	EXP 	fixation: autoDraw = True
65.1427 	EXP 	Stimulus: autoDraw = True
65.3763 	EXP 	Device response: <KeyPress from None: t=65.11166530000082, value=z, duration=0.24904139999944164>
65.6428 	EXP 	fixation: autoDraw = False
66.1096 	EXP 	Device response: <KeyPress from None: t=66.1075079000002, value=z, duration=None>
66.1101 	EXP 	New trial (rep=6, index=5): <Trial 65 (5 in rep 6) data={'color': 'green', 'position': [-0.3, 0], 'correct_key': 'm', 'congruency': 'incongruent', 'thisN': 65, 'thisTrialN': 5, 'thisRepN': 6}>
66.1138 	DATA 	Keypress: z
66.1258 	INFO 	Keyboard events cleared
66.1257 	EXP 	fixation: autoDraw = False
66.1257 	EXP 	Stimulus: autoDraw = False
66.1257 	EXP 	Stimulus: fillColor = <psychopy.colors.Color: green, alpha=1.0>
66.1257 	EXP 	fixation: autoDraw = True
66.1257 	EXP 	Stimulus: autoDraw = True
66.3431 	EXP 	Device response: <KeyPress from None: t=66.1075079000002, value=z, duration=0.2201669000005495>
66.6259 	EXP 	fixation: autoDraw = False
67.0764 	EXP 	Device response: <KeyPress from None: t=67.06138360000023, value=m, duration=None>
67.0769 	EXP 	New trial (rep=6, index=6): <Trial 66 (6 in rep 6) data={'color': 'red', 'position': [0.3, 0], 'correct_key': 'z', 'congruency': 'incongruent', 'thisN': 66, 'thisTrialN': 6, 'thisRepN': 6}>
67.0806 	DATA 	Keypress: m
67.0921 	INFO 	Keyboard events cleared
67.0920 	EXP 	fixation: autoDraw = False
67.0920 	EXP 	Stimulus: autoDraw = False
67.0920 	EXP 	Stimulus: fillColor = <psychopy.colors.Color: red, alpha=1.0>
67.0920 	EXP 	fixation: autoDraw = True
67.0920 	EXP 	Stimulus: autoDraw = True
67.3428 	EXP 	Device response: <KeyPress from None: t=67.06138360000023, value=m, duration=0.2740169999997306>
67.5920 	EXP 	fixation: autoDraw = False
68.0258 	EXP 	Device response: <KeyPress from None: t=68.02050930000041, value=z, duration=None>
68.0262 	EXP 	New trial (rep=6, index=7): <Trial 67 (7 in rep 6) data={'color': 'red', 'position': [0.3, 0], 'correct_key': 'z', 'congruency': 'incongruent', 'thisN': 67, 'thisTrialN': 7, 'thisRepN': 6}>
68.0296 	DATA 	Keypress: z
68.0420 	INFO 	Keyboard events cleared
68.0418 	EXP 	fixation: autoDraw = False
68.0418 	EXP 	Stimulus: autoDraw = False
68.0418 	EXP 	Stimulus: fillColor = <psychopy.colors.Color: red, alpha=1.0>
68.0418 	EXP 	fixation: autoDraw = True
68.0418 	EXP 	Stimulus: autoDraw = True
68.3424 	EXP 	Device response: <KeyPress from None: t=68.02050930000041, value=z, duration=0.31502480000017385>
68.5419 	EXP 	fixation: autoDraw = False
68.9423 	EXP 	Device response: <KeyPress from None: t=68.92777019999994, value=z, duration=None>
68.9427 	EXP 	New trial (rep=6, index=8): <Trial 68 (8 in rep 6) data={'color': 'red', 'position': [0.3, 0], 'correct_key': 'z', 'congruency': 'incongruent', 'thisN': 68, 'thisTrialN': 8, 'thisRepN': 6}>
68.9464 	DATA 	Keypress: z
68.9581 	INFO 	Keyboard events cleared
68.9580 	EXP 	fixation: autoDraw = False
68.9580 	EXP 	Stimulus: autoDraw = False
68.9580 	EXP 	Stimulus: fillColor = <psychopy.colors.Color: red, alpha=1.0>
68.9580 	EXP 	fixation: autoDraw = True
68.9580 	EXP 	Stimulus: autoDraw = True
69.1755 	EXP 	Device response: <KeyPress from None: t=68.92777019999994, value=z, duration=0.2445506000003661>
69.4582 	EXP 	fixation: autoDraw = False
69.9576 	EXP 	Stimulus: autoDraw = False
70.1097 	DATA 	Keypress: z
70.1252 	EXP 	Device response: <KeyPress from None: t=70.10899790000076, value=z, duration=None>
70.1255 	EXP 	New trial (rep=6, index=9): <Trial 69 (9 in rep 6) data={'color': 'green', 'position': [0.3, 0], 'correct_key': 'm', 'congruency': 'congruent', 'thisN': 69, 'thisTrialN': 9, 'thisRepN': 6}>
70.1414 	INFO 	Keyboard events cleared
70.1412 	EXP 	fixation: autoDraw = False
70.1412 	EXP 	Stimulus: autoDraw = False
70.1412 	EXP 	Stimulus: fillColor = <psychopy.colors.Color: green, alpha=1.0>
70.1412 	EXP 	fixation: autoDraw = True
70.1412 	EXP 	Stimulus: autoDraw = True
70.3752 	EXP 	Device response: <KeyPress from None: t=70.10899790000076, value=z, duration=0.2608368999999584>
70.6412 	EXP 	fixation: autoDraw = False
71.1410 	EXP 	Stimulus: autoDraw = False
71.6910 	EXP 	Device response: <KeyPress from None: t=71.68038610000076, value=m, duration=None>
71.6914 	EXP 	New trial (rep=7, index=0): <Trial 70 (0 in rep 7) data={'color': 'green', 'position': [-0.3, 0], 'correct_key': 'm', 'congruency': 'incongruent', 'thisN': 70, 'thisTrialN': 0, 'thisRepN': 7}>
71.6953 	DATA 	Keypress: m
71.7072 	INFO 	Keyboard events cleared
71.7071 	EXP 	fixation: autoDraw = False
71.7071 	EXP 	Stimulus: autoDraw = False
71.7071 	EXP 	Stimulus: fillColor = <psychopy.colors.Color: green, alpha=1.0>
71.7071 	EXP 	fixation: autoDraw = True
71.7071 	EXP 	Stimulus: autoDraw = True
71.9245 	EXP 	Device response: <KeyPress from None: t=71.68038610000076, value=m, duration=0.23304389999975683>
72.2069 	EXP 	fixation: autoDraw = False
72.7071 	EXP 	Stimulus: autoDraw = False
73.2738 	EXP 	Device response: <KeyPress from None: t=73.27191949999997, value=m, duration=None>
73.2743 	EXP 	New trial (rep=7, index=1): <Trial 71 (1 in rep 7) data={'color': 'green', 'position': [0.3, 0], 'correct_key': 'm', 'congruency': 'congruent', 'thisN': 71, 'thisTrialN': 1, 'thisRepN': 7}>
73.2780 	DATA 	Keypress: m
73.2903 	INFO 	Keyboard events cleared
73.2901 	EXP 	fixation: autoDraw = False
73.2901 	EXP 	Stimulus: autoDraw = False
73.2901 	EXP 	Stimulus: fillColor = <psychopy.colors.Color: green, alpha=1.0>
73.2901 	EXP 	fixation: autoDraw = True
73.2901 	EXP 	Stimulus: autoDraw = True
73.5573 	EXP 	Device response: <KeyPress from None: t=73.27191949999997, value=m, duration=0.2770166000000245>
73.7901 	EXP 	fixation: autoDraw = False
74.2900 	EXP 	Stimulus: autoDraw = False
75.0405 	EXP 	Device response: <KeyPress from None: t=75.0322758000002, value=m, duration=None>
75.0410 	EXP 	New trial (rep=7, index=2): <Trial 72 (2 in rep 7) data={'color': 'red', 'position': [0.3, 0], 'correct_key': 'z', 'congruency': 'incongruent', 'thisN': 72, 'thisTrialN': 2, 'thisRepN': 7}>
75.0450 	DATA 	Keypress: m
75.0560 	INFO 	Keyboard events cleared
75.0559 	EXP 	fixation: autoDraw = False
75.0559 	EXP 	Stimulus: autoDraw = False
75.0559 	EXP 	Stimulus: fillColor = <psychopy.colors.Color: red, alpha=1.0>
75.0559 	EXP 	fixation: autoDraw = True
75.0559 	EXP 	Stimulus: autoDraw = True
75.3067 	EXP 	Device response: <KeyPress from None: t=75.0322758000002, value=m, duration=0.2649896000002627>
75.5560 	EXP 	fixation: autoDraw = False
75.8397 	EXP 	Device response: <KeyPress from None: t=75.83100620000005, value=z, duration=None>
75.8400 	EXP 	New trial (rep=7, index=3): <Trial 73 (3 in rep 7) data={'color': 'red', 'position': [0.3, 0], 'correct_key': 'z', 'congruency': 'incongruent', 'thisN': 73, 'thisTrialN': 3, 'thisRepN': 7}>
75.8433 	DATA 	Keypress: z
75.8557 	INFO 	Keyboard events cleared
75.8556 	EXP 	fixation: autoDraw = False
75.8556 	EXP 	Stimulus: autoDraw = False
75.8556 	EXP 	Stimulus: fillColor = <psychopy.colors.Color: red, alpha=1.0>
75.8556 	EXP 	fixation: autoDraw = True
75.8556 	EXP 	Stimulus: autoDraw = True
76.1231 	EXP 	Device response: <KeyPress from None: t=75.83100620000005, value=z, duration=0.2753907000005711>
76.3559 	EXP 	fixation: autoDraw = False
76.8553 	EXP 	Stimulus: autoDraw = False
77.0727 	EXP 	Device response: <KeyPress from None: t=77.06474070000058, value=z, duration=None>
77.0731 	EXP 	New trial (rep=7, index=4): <Trial 74 (4 in rep 7) data={'color': 'red', 'position': [-0.3, 0], 'correct_key': 'z', 'congruency': 'congruent', 'thisN': 74, 'thisTrialN': 4, 'thisRepN': 7}>
77.0766 	DATA 	Keypress: z
77.0888 	INFO 	Keyboard events cleared
77.0886 	EXP 	fixation: autoDraw = False
77.0886 	EXP 	Stimulus: autoDraw = False
77.0886 	EXP 	Stimulus: fillColor = <psychopy.colors.Color: red, alpha=1.0>
77.0886 	EXP 	fixation: autoDraw = True
77.0886 	EXP 	Stimulus: autoDraw = True
77.2895 	EXP 	Device response: <KeyPress from None: t=77.06474070000058, value=z, duration=0.21519029999944905>
77.5888 	EXP 	fixation: autoDraw = False
78.0887 	EXP 	Stimulus: autoDraw = False
78.1892 	EXP 	Device response: <KeyPress from None: t=78.17891700000018, value=z, duration=None>
78.1897 	EXP 	New trial (rep=7, index=5): <Trial 75 (5 in rep 7) data={'color': 'red', 'position': [-0.3, 0], 'correct_key': 'z', 'congruency': 'congruent', 'thisN': 75, 'thisTrialN': 5, 'thisRepN': 7}>
78.1934 	DATA 	Keypress: z
78.2050 	INFO 	Keyboard events cleared
78.2049 	EXP 	fixation: autoDraw = False
78.2049 	EXP 	Stimulus: autoDraw = False
78.2049 	EXP 	Stimulus: fillColor = <psychopy.colors.Color: red, alpha=1.0>
78.2049 	EXP 	fixation: autoDraw = True
78.2049 	EXP 	Stimulus: autoDraw = True
78.4056 	EXP 	Device response: <KeyPress from None: t=78.17891700000018, value=z, duration=0.21968240000023798>
78.7051 	EXP 	fixation: autoDraw = False
79.2048 	EXP 	Stimulus: autoDraw = False
79.6387 	EXP 	Device response: <KeyPress from None: t=79.6232856000006, value=z, duration=None>
79.6390 	EXP 	New trial (rep=7, index=6): <Trial 76 (6 in rep 7) data={'color': 'red', 'position': [-0.3, 0], 'correct_key': 'z', 'congruency': 'congruent', 'thisN': 76, 'thisTrialN': 6, 'thisRepN': 7}>
79.6426 	DATA 	Keypress: z
79.6546 	INFO 	Keyboard events cleared
79.6544 	EXP 	fixation: autoDraw = False
79.6544 	EXP 	Stimulus: autoDraw = False
79.6544 	EXP 	Stimulus: fillColor = <psychopy.colors.Color: red, alpha=1.0>
79.6544 	EXP 	fixation: autoDraw = True
79.6544 	EXP 	Stimulus: autoDraw = True
79.8548 	EXP 	Device response: <KeyPress from None: t=79.6232856000006, value=z, duration=0.2204359999996086>
80.1544 	EXP 	fixation: autoDraw = False
80.6544 	EXP 	Stimulus: autoDraw = False
80.9554 	EXP 	Device response: <KeyPress from None: t=80.94459690000076, value=z, duration=None>
80.9558 	EXP 	New trial (rep=7, index=7): <Trial 77 (7 in rep 7) data={'color': 'green', 'position': [-0.3, 0], 'correct_key': 'm', 'congruency': 'incongruent', 'thisN': 77, 'thisTrialN': 7, 'thisRepN': 7}>
80.9594 	DATA 	Keypress: z
80.9708 	INFO 	Keyboard events cleared
80.9706 	EXP 	fixation: autoDraw = False
80.9706 	EXP 	Stimulus: autoDraw = False
80.9706 	EXP 	Stimulus: fillColor = <psychopy.colors.Color: green, alpha=1.0>
80.9706 	EXP 	fixation: autoDraw = True
80.9706 	EXP 	Stimulus: autoDraw = True
81.1715 	EXP 	Device response: <KeyPress from None: t=80.94459690000076, value=z, duration=0.2204238999993322>
81.4707 	EXP 	fixation: autoDraw = False
81.9707 	EXP 	Stimulus: autoDraw = False
82.0544 	EXP 	Device response: <KeyPress from None: t=82.05310910000026, value=m, duration=None>
82.0547 	EXP 	New trial (rep=7, index=8): <Trial 78 (8 in rep 7) data={'color': 'green', 'position': [0.3, 0], 'correct_key': 'm', 'congruency': 'congruent', 'thisN': 78, 'thisTrialN': 8, 'thisRepN': 7}>
82.0582 	DATA 	Keypress: m
82.0705 	INFO 	Keyboard events cleared
82.0703 	EXP 	fixation: autoDraw = False
82.0703 	EXP 	Stimulus: autoDraw = False
82.0703 	EXP 	Stimulus: fillColor = <psychopy.colors.Color: green, alpha=1.0>
82.0703 	EXP 	fixation: autoDraw = True
82.0703 	EXP 	Stimulus: autoDraw = True
82.3378 	EXP 	Device response: <KeyPress from None: t=82.05310910000026, value=m, duration=0.27570470000046043>
82.5704 	EXP 	fixation: autoDraw = False
83.0702 	EXP 	Stimulus: autoDraw = False
83.8538 	EXP 	Device response: <KeyPress from None: t=83.8497709000003, value=m, duration=None>
83.8542 	EXP 	New trial (rep=7, index=9): <Trial 79 (9 in rep 7) data={'color': 'red', 'position': [0.3, 0], 'correct_key': 'z', 'congruency': 'incongruent', 'thisN': 79, 'thisTrialN': 9, 'thisRepN': 7}>
83.8578 	DATA 	Keypress: m
83.8699 	INFO 	Keyboard events cleared
83.8697 	EXP 	fixation: autoDraw = False
83.8697 	EXP 	Stimulus: autoDraw = False
83.8697 	EXP 	Stimulus: fillColor = <psychopy.colors.Color: red, alpha=1.0>
83.8697 	EXP 	fixation: autoDraw = True
83.8697 	EXP 	Stimulus: autoDraw = True
84.1371 	EXP 	Device response: <KeyPress from None: t=83.8497709000003, value=m, duration=0.27454450000004726>
84.3695 	EXP 	fixation: autoDraw = False
84.8696 	EXP 	Stimulus: autoDraw = False
85.6032 	EXP 	Device response: <KeyPress from None: t=85.59080530000028, value=z, duration=None>
85.6036 	EXP 	New trial (rep=8, index=0): <Trial 80 (0 in rep 8) data={'color': 'green', 'position': [-0.3, 0], 'correct_key': 'm', 'congruency': 'incongruent', 'thisN': 80, 'thisTrialN': 0, 'thisRepN': 8}>
85.6071 	DATA 	Keypress: z
85.6193 	INFO 	Keyboard events cleared
85.6191 	EXP 	fixation: autoDraw = False
85.6191 	EXP 	Stimulus: autoDraw = False
85.6191 	EXP 	Stimulus: fillColor = <psychopy.colors.Color: green, alpha=1.0>
85.6191 	EXP 	fixation: autoDraw = True
85.6191 	EXP 	Stimulus: autoDraw = True
85.8697 	EXP 	Device response: <KeyPress from None: t=85.59080530000028, value=z, duration=0.27032280000003084>
86.1192 	EXP 	fixation: autoDraw = False
86.6190 	EXP 	Stimulus: autoDraw = False
86.6861 	EXP 	Device response: <KeyPress from None: t=86.67694329999995, value=m, duration=None>
86.6865 	EXP 	New trial (rep=8, index=1): <Trial 81 (1 in rep 8) data={'color': 'red', 'position': [0.3, 0], 'correct_key': 'z', 'congruency': 'incongruent', 'thisN': 81, 'thisTrialN': 1, 'thisRepN': 8}>
86.6902 	DATA 	Keypress: m
86.7022 	INFO 	Keyboard events cleared
86.7020 	EXP 	fixation: autoDraw = False
86.7020 	EXP 	Stimulus: autoDraw = False
86.7020 	EXP 	Stimulus: fillColor = <psychopy.colors.Color: red, alpha=1.0>
86.7020 	EXP 	fixation: autoDraw = True
86.7020 	EXP 	Stimulus: autoDraw = True
86.9860 	EXP 	Device response: <KeyPress from None: t=86.67694329999995, value=m, duration=0.30265010000039183>
87.2020 	EXP 	fixation: autoDraw = False
87.7019 	EXP 	Stimulus: autoDraw = False
88.3690 	EXP 	Device response: <KeyPress from None: t=88.35399740000048, value=z, duration=None>
88.3694 	EXP 	New trial (rep=8, index=2): <Trial 82 (2 in rep 8) data={'color': 'green', 'position': [0.3, 0], 'correct_key': 'm', 'congruency': 'congruent', 'thisN': 82, 'thisTrialN': 2, 'thisRepN': 8}>
88.3751 	DATA 	Keypress: z
88.3851 	INFO 	Keyboard events cleared
88.3849 	EXP 	fixation: autoDraw = False
88.3849 	EXP 	Stimulus: autoDraw = False
88.3849 	EXP 	Stimulus: fillColor = <psychopy.colors.Color: green, alpha=1.0>
88.3849 	EXP 	fixation: autoDraw = True
88.3849 	EXP 	Stimulus: autoDraw = True
88.5858 	EXP 	Device response: <KeyPress from None: t=88.35399740000048, value=z, duration=0.22695479999947565>
88.8849 	EXP 	fixation: autoDraw = False
89.3846 	EXP 	Stimulus: autoDraw = False
89.4352 	EXP 	Device response: <KeyPress from None: t=89.42351460000009, value=m, duration=None>
89.4357 	EXP 	New trial (rep=8, index=3): <Trial 83 (3 in rep 8) data={'color': 'red', 'position': [0.3, 0], 'correct_key': 'z', 'congruency': 'incongruent', 'thisN': 83, 'thisTrialN': 3, 'thisRepN': 8}>
89.4392 	DATA 	Keypress: m
89.4512 	INFO 	Keyboard events cleared
89.4511 	EXP 	fixation: autoDraw = False
89.4511 	EXP 	Stimulus: autoDraw = False
89.4511 	EXP 	Stimulus: fillColor = <psychopy.colors.Color: red, alpha=1.0>
89.4511 	EXP 	fixation: autoDraw = True
89.4511 	EXP 	Stimulus: autoDraw = True
89.7355 	EXP 	Device response: <KeyPress from None: t=89.42351460000009, value=m, duration=0.31052590000035707>
89.9511 	EXP 	fixation: autoDraw = False
90.4507 	EXP 	Stimulus: autoDraw = False
90.4845 	EXP 	Device response: <KeyPress from None: t=90.47928980000052, value=z, duration=None>
90.4849 	EXP 	New trial (rep=8, index=4): <Trial 84 (4 in rep 8) data={'color': 'red', 'position': [-0.3, 0], 'correct_key': 'z', 'congruency': 'congruent', 'thisN': 84, 'thisTrialN': 4, 'thisRepN': 8}>
90.4885 	DATA 	Keypress: z
90.5010 	INFO 	Keyboard events cleared
90.5008 	EXP 	fixation: autoDraw = False
90.5008 	EXP 	Stimulus: autoDraw = False
90.5008 	EXP 	Stimulus: fillColor = <psychopy.colors.Color: red, alpha=1.0>
90.5008 	EXP 	fixation: autoDraw = True
90.5008 	EXP 	Stimulus: autoDraw = True
90.7515 	EXP 	Device response: <KeyPress from None: t=90.47928980000052, value=z, duration=0.26065749999997934>
91.0008 	EXP 	fixation: autoDraw = False
91.4345 	EXP 	Device response: <KeyPress from None: t=91.42859880000015, value=z, duration=None>
91.4349 	EXP 	New trial (rep=8, index=5): <Trial 85 (5 in rep 8) data={'color': 'red', 'position': [-0.3, 0], 'correct_key': 'z', 'congruency': 'congruent', 'thisN': 85, 'thisTrialN': 5, 'thisRepN': 8}>
91.4385 	DATA 	Keypress: z
91.4506 	INFO 	Keyboard events cleared
91.4504 	EXP 	fixation: autoDraw = False
91.4504 	EXP 	Stimulus: autoDraw = False
91.4504 	EXP 	Stimulus: fillColor = <psychopy.colors.Color: red, alpha=1.0>
91.4504 	EXP 	fixation: autoDraw = True
91.4504 	EXP 	Stimulus: autoDraw = True
91.7175 	EXP 	Device response: <KeyPress from None: t=91.42859880000015, value=z, duration=0.28770020000047225>
91.9505 	EXP 	fixation: autoDraw = False
92.4503 	EXP 	Stimulus: autoDraw = False
92.4676 	EXP 	Device response: <KeyPress from None: t=92.46166370000083, value=z, duration=None>
92.4682 	EXP 	New trial (rep=8, index=6): <Trial 86 (6 in rep 8) data={'color': 'red', 'position': [-0.3, 0], 'correct_key': 'z', 'congruency': 'congruent', 'thisN': 86, 'thisTrialN': 6, 'thisRepN': 8}>
92.4722 	DATA 	Keypress: z
92.4836 	INFO 	Keyboard events cleared
92.4834 	EXP 	fixation: autoDraw = False
92.4834 	EXP 	Stimulus: autoDraw = False
92.4834 	EXP 	Stimulus: fillColor = <psychopy.colors.Color: red, alpha=1.0>
92.4834 	EXP 	fixation: autoDraw = True
92.4834 	EXP 	Stimulus: autoDraw = True
92.7502 	EXP 	Device response: <KeyPress from None: t=92.46166370000083, value=z, duration=0.2809096999999383>
92.9835 	EXP 	fixation: autoDraw = False
93.4834 	EXP 	Stimulus: autoDraw = False
93.4852 	DATA 	Keypress: z
93.5003 	EXP 	Device response: <KeyPress from None: t=93.4844836000002, value=z, duration=None>
93.5006 	EXP 	New trial (rep=8, index=7): <Trial 87 (7 in rep 8) data={'color': 'red', 'position': [0.3, 0], 'correct_key': 'z', 'congruency': 'incongruent', 'thisN': 87, 'thisTrialN': 7, 'thisRepN': 8}>
93.5169 	INFO 	Keyboard events cleared
93.5168 	EXP 	fixation: autoDraw = False
93.5168 	EXP 	Stimulus: autoDraw = False
93.5168 	EXP 	Stimulus: fillColor = <psychopy.colors.Color: red, alpha=1.0>
93.5168 	EXP 	fixation: autoDraw = True
93.5168 	EXP 	Stimulus: autoDraw = True
93.7837 	EXP 	Device response: <KeyPress from None: t=93.4844836000002, value=z, duration=0.2921782000003077>
94.0164 	EXP 	fixation: autoDraw = False
94.5165 	EXP 	Stimulus: autoDraw = False
94.6836 	EXP 	Device response: <KeyPress from None: t=94.67329690000042, value=z, duration=None>
94.6841 	EXP 	New trial (rep=8, index=8): <Trial 88 (8 in rep 8) data={'color': 'green', 'position': [0.3, 0], 'correct_key': 'm', 'congruency': 'congruent', 'thisN': 88, 'thisTrialN': 8, 'thisRepN': 8}>
94.6877 	DATA 	Keypress: z
94.6994 	INFO 	Keyboard events cleared
94.6992 	EXP 	fixation: autoDraw = False
94.6992 	EXP 	Stimulus: autoDraw = False
94.6992 	EXP 	Stimulus: fillColor = <psychopy.colors.Color: green, alpha=1.0>
94.6992 	EXP 	fixation: autoDraw = True
94.6992 	EXP 	Stimulus: autoDraw = True
94.9833 	EXP 	Device response: <KeyPress from None: t=94.67329690000042, value=z, duration=0.30314480000015465>
95.1995 	EXP 	fixation: autoDraw = False
95.6991 	EXP 	Stimulus: autoDraw = False
97.3321 	EXP 	Device response: <KeyPress from None: t=97.32146330000069, value=m, duration=None>
97.3324 	EXP 	New trial (rep=8, index=9): <Trial 89 (9 in rep 8) data={'color': 'green', 'position': [-0.3, 0], 'correct_key': 'm', 'congruency': 'incongruent', 'thisN': 89, 'thisTrialN': 9, 'thisRepN': 8}>
97.3358 	DATA 	Keypress: m
97.3485 	INFO 	Keyboard events cleared
97.3483 	EXP 	fixation: autoDraw = False
97.3483 	EXP 	Stimulus: autoDraw = False
97.3483 	EXP 	Stimulus: fillColor = <psychopy.colors.Color: green, alpha=1.0>
97.3483 	EXP 	fixation: autoDraw = True
97.3483 	EXP 	Stimulus: autoDraw = True
97.6326 	EXP 	Device response: <KeyPress from None: t=97.32146330000069, value=m, duration=0.3048312999999325>
97.8486 	EXP 	fixation: autoDraw = False
98.3481 	EXP 	Stimulus: autoDraw = False
98.7155 	EXP 	Device response: <KeyPress from None: t=98.71229190000031, value=m, duration=None>
98.7160 	EXP 	New trial (rep=9, index=0): <Trial 90 (0 in rep 9) data={'color': 'green', 'position': [0.3, 0], 'correct_key': 'm', 'congruency': 'congruent', 'thisN': 90, 'thisTrialN': 0, 'thisRepN': 9}>
98.7199 	DATA 	Keypress: m
98.7315 	INFO 	Keyboard events cleared
98.7313 	EXP 	fixation: autoDraw = False
98.7313 	EXP 	Stimulus: autoDraw = False
98.7313 	EXP 	Stimulus: fillColor = <psychopy.colors.Color: green, alpha=1.0>
98.7313 	EXP 	fixation: autoDraw = True
98.7313 	EXP 	Stimulus: autoDraw = True
99.0485 	EXP 	Device response: <KeyPress from None: t=98.71229190000031, value=m, duration=0.32974279999962164>
99.2312 	EXP 	fixation: autoDraw = False
99.6983 	EXP 	Device response: <KeyPress from None: t=99.68305690000034, value=m, duration=None>
99.6987 	EXP 	New trial (rep=9, index=1): <Trial 91 (1 in rep 9) data={'color': 'green', 'position': [-0.3, 0], 'correct_key': 'm', 'congruency': 'incongruent', 'thisN': 91, 'thisTrialN': 1, 'thisRepN': 9}>
99.7025 	DATA 	Keypress: m
99.7144 	INFO 	Keyboard events cleared
99.7143 	EXP 	fixation: autoDraw = False
99.7143 	EXP 	Stimulus: autoDraw = False
99.7143 	EXP 	Stimulus: fillColor = <psychopy.colors.Color: green, alpha=1.0>
99.7143 	EXP 	fixation: autoDraw = True
99.7143 	EXP 	Stimulus: autoDraw = True
100.0151 	EXP 	Device response: <KeyPress from None: t=99.68305690000034, value=m, duration=0.3268564999998489>
100.2146 	EXP 	fixation: autoDraw = False
100.6812 	EXP 	Device response: <KeyPress from None: t=100.67269410000063, value=m, duration=None>
100.6815 	EXP 	New trial (rep=9, index=2): <Trial 92 (2 in rep 9) data={'color': 'red', 'position': [0.3, 0], 'correct_key': 'z', 'congruency': 'incongruent', 'thisN': 92, 'thisTrialN': 2, 'thisRepN': 9}>
100.6831 	DATA 	Keypress: m
100.6975 	INFO 	Keyboard events cleared
100.6974 	EXP 	fixation: autoDraw = False
100.6974 	EXP 	Stimulus: autoDraw = False
100.6974 	EXP 	Stimulus: fillColor = <psychopy.colors.Color: red, alpha=1.0>
100.6974 	EXP 	fixation: autoDraw = True
100.6974 	EXP 	Stimulus: autoDraw = True
100.9648 	EXP 	Device response: <KeyPress from None: t=100.67269410000063, value=m, duration=0.2867270999995526>
101.1973 	EXP 	fixation: autoDraw = False
101.6313 	EXP 	Device response: <KeyPress from None: t=101.62761709999995, value=z, duration=None>
101.6318 	EXP 	New trial (rep=9, index=3): <Trial 93 (3 in rep 9) data={'color': 'red', 'position': [0.3, 0], 'correct_key': 'z', 'congruency': 'incongruent', 'thisN': 93, 'thisTrialN': 3, 'thisRepN': 9}>
101.6356 	DATA 	Keypress: z
101.6471 	INFO 	Keyboard events cleared
101.6469 	EXP 	fixation: autoDraw = False
101.6469 	EXP 	Stimulus: autoDraw = False
101.6469 	EXP 	Stimulus: fillColor = <psychopy.colors.Color: red, alpha=1.0>
101.6469 	EXP 	fixation: autoDraw = True
101.6469 	EXP 	Stimulus: autoDraw = True
101.8807 	EXP 	Device response: <KeyPress from None: t=101.62761709999995, value=z, duration=0.23676930000056018>
102.1473 	EXP 	fixation: autoDraw = False
102.6469 	EXP 	Stimulus: autoDraw = False
102.7660 	DATA 	Keypress: z
102.7808 	EXP 	Device response: <KeyPress from None: t=102.76524300000074, value=z, duration=None>
102.7813 	EXP 	New trial (rep=9, index=4): <Trial 94 (4 in rep 9) data={'color': 'red', 'position': [-0.3, 0], 'correct_key': 'z', 'congruency': 'congruent', 'thisN': 94, 'thisTrialN': 4, 'thisRepN': 9}>
102.7968 	INFO 	Keyboard events cleared
102.7967 	EXP 	fixation: autoDraw = False
102.7967 	EXP 	Stimulus: autoDraw = False
102.7967 	EXP 	Stimulus: fillColor = <psychopy.colors.Color: red, alpha=1.0>
102.7967 	EXP 	fixation: autoDraw = True
102.7967 	EXP 	Stimulus: autoDraw = True
103.0136 	EXP 	Device response: <KeyPress from None: t=102.76524300000074, value=z, duration=0.23697999999967578>
103.2967 	EXP 	fixation: autoDraw = False
103.7965 	EXP 	Stimulus: autoDraw = False
104.7301 	EXP 	Device response: <KeyPress from None: t=104.71534090000023, value=z, duration=None>
104.7304 	EXP 	New trial (rep=9, index=5): <Trial 95 (5 in rep 9) data={'color': 'green', 'position': [-0.3, 0], 'correct_key': 'm', 'congruency': 'incongruent', 'thisN': 95, 'thisTrialN': 5, 'thisRepN': 9}>
104.7339 	DATA 	Keypress: z
104.7460 	INFO 	Keyboard events cleared
104.7459 	EXP 	fixation: autoDraw = False
104.7459 	EXP 	Stimulus: autoDraw = False
104.7459 	EXP 	Stimulus: fillColor = <psychopy.colors.Color: green, alpha=1.0>
104.7459 	EXP 	fixation: autoDraw = True
104.7459 	EXP 	Stimulus: autoDraw = True
104.9465 	EXP 	Device response: <KeyPress from None: t=104.71534090000023, value=z, duration=0.22776690000046074>
105.2459 	EXP 	fixation: autoDraw = False
105.7456 	EXP 	Stimulus: autoDraw = False
105.8798 	EXP 	Device response: <KeyPress from None: t=105.87005510000017, value=m, duration=None>
105.8803 	EXP 	New trial (rep=9, index=6): <Trial 96 (6 in rep 9) data={'color': 'green', 'position': [0.3, 0], 'correct_key': 'm', 'congruency': 'congruent', 'thisN': 96, 'thisTrialN': 6, 'thisRepN': 9}>
105.8841 	DATA 	Keypress: m
105.8956 	INFO 	Keyboard events cleared
105.8955 	EXP 	fixation: autoDraw = False
105.8955 	EXP 	Stimulus: autoDraw = False
105.8955 	EXP 	Stimulus: fillColor = <psychopy.colors.Color: green, alpha=1.0>
105.8955 	EXP 	fixation: autoDraw = True
105.8955 	EXP 	Stimulus: autoDraw = True
106.1630 	EXP 	Device response: <KeyPress from None: t=105.87005510000017, value=m, duration=0.28872580000006565>
106.3956 	EXP 	fixation: autoDraw = False
106.8956 	EXP 	Stimulus: autoDraw = False
108.6284 	EXP 	Device response: <KeyPress from None: t=108.6183189000003, value=m, duration=None>
108.6287 	EXP 	New trial (rep=9, index=7): <Trial 97 (7 in rep 9) data={'color': 'red', 'position': [0.3, 0], 'correct_key': 'z', 'congruency': 'incongruent', 'thisN': 97, 'thisTrialN': 7, 'thisRepN': 9}>
108.6321 	DATA 	Keypress: m
108.6446 	INFO 	Keyboard events cleared
108.6444 	EXP 	fixation: autoDraw = False
108.6444 	EXP 	Stimulus: autoDraw = False
108.6444 	EXP 	Stimulus: fillColor = <psychopy.colors.Color: red, alpha=1.0>
108.6444 	EXP 	fixation: autoDraw = True
108.6444 	EXP 	Stimulus: autoDraw = True
108.8955 	EXP 	Device response: <KeyPress from None: t=108.6183189000003, value=m, duration=0.27592100000038045>
109.1448 	EXP 	fixation: autoDraw = False
109.5629 	DATA 	Keypress: z
109.5784 	EXP 	Device response: <KeyPress from None: t=109.5613482000008, value=z, duration=None>
109.5789 	EXP 	New trial (rep=9, index=8): <Trial 98 (8 in rep 9) data={'color': 'red', 'position': [-0.3, 0], 'correct_key': 'z', 'congruency': 'congruent', 'thisN': 98, 'thisTrialN': 8, 'thisRepN': 9}>
109.5946 	INFO 	Keyboard events cleared
109.5944 	EXP 	fixation: autoDraw = False
109.5944 	EXP 	Stimulus: autoDraw = False
109.5944 	EXP 	Stimulus: fillColor = <psychopy.colors.Color: red, alpha=1.0>
109.5944 	EXP 	fixation: autoDraw = True
109.5944 	EXP 	Stimulus: autoDraw = True
109.8116 	EXP 	Device response: <KeyPress from None: t=109.5613482000008, value=z, duration=0.24334559999988414>
110.0944 	EXP 	fixation: autoDraw = False
110.5614 	EXP 	Device response: <KeyPress from None: t=110.5571288000001, value=z, duration=None>
110.5618 	EXP 	New trial (rep=9, index=9): <Trial 99 (9 in rep 9) data={'color': 'red', 'position': [-0.3, 0], 'correct_key': 'z', 'congruency': 'congruent', 'thisN': 99, 'thisTrialN': 9, 'thisRepN': 9}>
110.5657 	DATA 	Keypress: z
110.5779 	INFO 	Keyboard events cleared
110.5777 	EXP 	fixation: autoDraw = False
110.5777 	EXP 	Stimulus: autoDraw = False
110.5777 	EXP 	Stimulus: fillColor = <psychopy.colors.Color: red, alpha=1.0>
110.5777 	EXP 	fixation: autoDraw = True
110.5777 	EXP 	Stimulus: autoDraw = True
110.7613 	EXP 	Device response: <KeyPress from None: t=110.5571288000001, value=z, duration=0.1969918000004327>
111.0774 	EXP 	fixation: autoDraw = False
111.5772 	EXP 	Stimulus: autoDraw = False
111.5778 	EXP 	Device response: <KeyPress from None: t=111.57014880000042, value=z, duration=None>
111.5791 	DATA 	Keypress: z
111.5938 	EXP 	fixation: autoDraw = False
111.5938 	EXP 	Stimulus: autoDraw = False
111.5941 	EXP 	SimonTask: status = STOPPED
111.6355 	INFO 	saved data to "C:\\Users\\Admin\\OneDrive\\Desktop\\LAB IN PSY'\\psychopy\\simon task_solo project\\data\\4_SimonTask_2025-11-15_19h21.12.985.csv"
111.6382 	INFO 	saved data to C:\Users\Admin\OneDrive\Desktop\LAB IN PSY'\psychopy\simon task_solo project\data\4_SimonTask_2025-11-15_19h21.12.985.psydat
112.0445 	WARNING 	Stopping key buffers but this could be dangerous ifother keyboards rely on the same.
112.0967 	WARNING 	Stopping key buffers but this could be dangerous ifother keyboards rely on the same.
